data/panel_train.csv
week_start,market,sku_id,units,price,promo_flag,holiday_flag,temp_c,rain_mm
2023-01-02,Bengaluru,S001,24,9.86,0,0,25.82,6.68
2023-01-09,Bengaluru,S001,27,9.97,0,0,27.56,6.63
2023-01-16,Bengaluru,S001,32,9.78,0,0,27.93,7.56
2023-01-23,Bengaluru,S001,53,10.17,0,0,30.97,6.73
2023-01-30,Bengaluru,S001,34,9.89,0,0,31.33,6.45
2023-02-06,Bengaluru,S001,42,9.81,0,0,32.61,6.51
2023-02-13,Bengaluru,S001,43,9.79,0,0,31.65,7.32
2023-02-20,Bengaluru,S001,46,9.84,0,0,34.45,7.56
2023-02-27,Bengaluru,S001,39,9.92,0,0,31.53,5.02
2023-03-06,Bengaluru,S001,53,9.89,0,1,30.83,5.07
2023-03-13,Bengaluru,S001,57,9.81,0,1,34.31,4.87
2023-03-20,Bengaluru,S001,52,9.97,0,1,36.79,4.19
2023-03-27,Bengaluru,S001,60,10.1,0,1,32.4,5.01
2023-04-03,Bengaluru,S001,38,9.92,0,0,34.3,4.62
2023-04-10,Bengaluru,S001,54,10.15,0,0,34.48,3.89
2023-04-17,Bengaluru,S001,62,9.09,1,0,30.71,2.37
2023-04-24,Bengaluru,S001,74,9.15,1,0,32.8,2.48
2023-05-01,Bengaluru,S001,42,8.88,1,0,32.71,3.06
2023-05-08,Bengaluru,S001,40,10.0,0,0,33.91,0.9
2023-05-15,Bengaluru,S001,40,9.88,0,0,33.59,2.68
2023-05-22,Bengaluru,S001,42,9.97,0,0,32.75,0.01
2023-05-29,Bengaluru,S001,36,9.84,0,0,32.14,1.59
2023-06-05,Bengaluru,S001,45,9.95,0,0,32.3,3.45
2023-06-12,Bengaluru,S001,49,10.01,0,0,32.58,1.29
2023-06-19,Bengaluru,S001,38,9.77,0,0,29.51,1.81
2023-06-26,Bengaluru,S001,41,10.06,0,0,27.12,0.0
2023-07-03,Bengaluru,S001,34,9.8,0,0,27.36,2.43
2023-07-10,Bengaluru,S001,25,9.83,0,0,26.85,2.79
2023-07-17,Bengaluru,S001,24,9.77,0,0,22.45,0.0
2023-07-24,Bengaluru,S001,25,9.85,0,0,25.76,2.22
2023-07-31,Bengaluru,S001,23,9.77,0,0,25.18,1.19
2023-08-07,Bengaluru,S001,48,8.91,1,1,24.48,0.0
2023-08-14,Bengaluru,S001,29,8.81,1,1,25.83,0.9
2023-08-21,Bengaluru,S001,28,8.92,1,0,25.22,1.89
2023-08-28,Bengaluru,S001,23,10.01,0,0,24.74,2.67
2023-09-04,Bengaluru,S001,20,10.03,0,0,22.6,2.84
2023-09-11,Bengaluru,S001,18,9.87,0,0,20.25,2.91
2023-09-18,Bengaluru,S001,20,9.97,0,0,24.82,4.81
2023-09-25,Bengaluru,S001,33,9.93,0,0,20.64,4.21
2023-10-02,Bengaluru,S001,22,10.1,0,0,22.44,4.94
2023-10-09,Bengaluru,S001,23,10.03,0,0,22.26,4.04
2023-10-16,Bengaluru,S001,16,10.05,0,1,24.24,4.94
2023-10-23,Bengaluru,S001,25,9.99,0,1,24.35,6.19
2023-10-30,Bengaluru,S001,40,9.86,0,1,22.27,5.16
2023-11-06,Bengaluru,S001,26,8.8,1,1,26.03,5.9
2023-11-13,Bengaluru,S001,36,8.88,1,1,22.44,4.51
2023-11-20,Bengaluru,S001,33,10.16,0,1,25.56,6.4
2023-11-27,Bengaluru,S001,28,10.0,0,0,23.48,7.24
2023-12-04,Bengaluru,S001,23,9.92,0,0,25.52,4.63
2023-12-11,Bengaluru,S001,20,9.89,0,0,26.83,8.37
2023-12-18,Bengaluru,S001,40,10.01,0,1,30.48,6.92
2023-12-25,Bengaluru,S001,28,10.03,0,1,27.7,8.87
2024-01-01,Bengaluru,S001,37,9.78,0,0,28.33,7.29
2024-01-08,Bengaluru,S001,24,9.92,0,0,27.85,5.27
2024-01-15,Bengaluru,S001,36,10.11,0,0,30.88,5.35
2024-01-22,Bengaluru,S001,40,9.98,0,0,31.91,5.82
2024-01-29,Bengaluru,S001,51,9.8,0,0,31.26,6.17
2024-02-05,Bengaluru,S001,39,10.08,0,0,33.24,6.79
2024-02-12,Bengaluru,S001,39,9.94,0,0,34.99,4.91
2024-02-19,Bengaluru,S001,44,9.85,0,0,33.18,6.01
2024-02-26,Bengaluru,S001,49,10.01,0,0,33.43,7.58
2024-03-04,Bengaluru,S001,66,9.05,1,1,34.26,3.98
2024-03-11,Bengaluru,S001,73,9.05,1,1,34.48,4.53
2024-03-18,Bengaluru,S001,53,9.98,0,1,33.19,5.93
2024-03-25,Bengaluru,S001,56,10.16,0,1,33.13,3.87
2024-04-01,Bengaluru,S001,57,10.01,0,0,34.12,5.1
2024-04-08,Bengaluru,S001,48,9.97,0,0,34.9,3.32
2024-04-15,Bengaluru,S001,81,9.03,1,0,33.49,1.85
2024-04-22,Bengaluru,S001,73,8.88,1,0,32.54,2.11
2024-04-29,Bengaluru,S001,54,9.79,0,0,33.16,4.95
2024-05-06,Bengaluru,S001,46,9.78,0,0,32.0,1.9
2024-05-13,Bengaluru,S001,61,8.96,1,0,29.49,2.69
2024-05-20,Bengaluru,S001,72,9.1,1,0,29.69,0.63
2024-05-27,Bengaluru,S001,46,10.16,0,0,33.04,0.0
2024-06-03,Bengaluru,S001,37,10.16,0,0,31.0,2.27
2024-06-10,Bengaluru,S001,37,9.96,0,0,32.49,0.05
2024-06-17,Bengaluru,S001,33,9.98,0,0,28.57,3.21
2024-06-24,Bengaluru,S001,26,9.89,0,0,28.76,0.1
2024-07-01,Bengaluru,S001,45,10.02,0,0,27.0,0.0
2024-07-08,Bengaluru,S001,34,9.95,0,0,26.69,2.29
2024-07-15,Bengaluru,S001,35,10.08,0,0,27.97,0.0
2024-07-22,Bengaluru,S001,30,9.88,0,0,26.27,0.67
2024-07-29,Bengaluru,S001,35,10.11,0,0,26.46,1.12
2024-08-05,Bengaluru,S001,40,10.08,0,1,25.22,1.3
2024-08-12,Bengaluru,S001,37,9.78,0,1,20.81,1.77
2024-08-19,Bengaluru,S001,25,9.81,0,0,21.67,2.87
2024-08-26,Bengaluru,S001,34,9.14,1,0,22.11,1.53
2024-09-02,Bengaluru,S001,36,9.0,1,0,22.75,3.26
2024-09-09,Bengaluru,S001,27,10.01,0,0,22.21,4.87
2024-09-16,Bengaluru,S001,22,9.81,0,0,24.72,5.3
2024-09-23,Bengaluru,S001,21,9.95,0,0,21.76,1.82
2024-09-30,Bengaluru,S001,22,9.78,0,0,23.9,3.46
2024-10-07,Bengaluru,S001,17,10.01,0,0,22.17,5.08
2024-10-14,Bengaluru,S001,31,9.84,0,1,19.84,6.63
2024-10-21,Bengaluru,S001,36,10.07,0,1,23.77,5.45
2024-10-28,Bengaluru,S001,35,9.95,0,1,24.1,6.02
2024-11-04,Bengaluru,S001,18,10.03,0,1,23.31,5.3
2024-11-11,Bengaluru,S001,26,9.94,0,1,22.47,6.3
2024-11-18,Bengaluru,S001,42,9.78,0,1,24.64,7.51
2024-11-25,Bengaluru,S001,26,10.04,0,0,24.97,5.41
2024-12-02,Bengaluru,S001,33,9.91,0,0,22.92,6.47
2024-12-09,Bengaluru,S001,32,10.09,0,0,25.9,6.65
2024-12-16,Bengaluru,S001,52,9.9,0,1,24.34,8.16
2024-12-23,Bengaluru,S001,64,8.93,1,1,28.96,5.95
2024-12-30,Bengaluru,S001,43,8.85,1,0,29.28,8.11
2025-01-06,Bengaluru,S001,48,9.95,0,0,28.85,5.8
2025-01-13,Bengaluru,S001,28,9.89,0,0,31.93,7.33
2023-01-02,Bengaluru,S002,36,6.51,0,0,25.82,6.68
2023-01-09,Bengaluru,S002,50,6.47,0,0,27.56,6.63
2023-01-16,Bengaluru,S002,42,6.53,0,0,27.93,7.56
2023-01-23,Bengaluru,S002,47,6.42,0,0,30.97,6.73
2023-01-30,Bengaluru,S002,47,6.43,0,0,31.33,6.45
2023-02-06,Bengaluru,S002,45,6.52,0,0,32.61,6.51
2023-02-13,Bengaluru,S002,49,6.38,0,0,31.65,7.32
2023-02-20,Bengaluru,S002,55,6.4,0,0,34.45,7.56
2023-02-27,Bengaluru,S002,72,6.5,0,0,31.53,5.02
2023-03-06,Bengaluru,S002,92,5.85,1,1,30.83,5.07
2023-03-13,Bengaluru,S002,77,5.8,1,1,34.31,4.87
2023-03-20,Bengaluru,S002,98,5.79,1,1,36.79,4.19
2023-03-27,Bengaluru,S002,69,6.55,0,1,32.4,5.01
2023-04-03,Bengaluru,S002,57,6.3,0,0,34.3,4.62
2023-04-10,Bengaluru,S002,42,6.52,0,0,34.48,3.89
2023-04-17,Bengaluru,S002,58,6.36,0,0,30.71,2.37
2023-04-24,Bengaluru,S002,54,6.46,0,0,32.8,2.48
2023-05-01,Bengaluru,S002,47,6.45,0,0,32.71,3.06
2023-05-08,Bengaluru,S002,51,6.36,0,0,33.91,0.9
2023-05-15,Bengaluru,S002,41,6.4,0,0,33.59,2.68
2023-05-22,Bengaluru,S002,56,6.52,0,0,32.75,0.01
2023-05-29,Bengaluru,S002,64,6.47,0,0,32.14,1.59
2023-06-05,Bengaluru,S002,49,6.41,0,0,32.3,3.45
2023-06-12,Bengaluru,S002,49,6.32,0,0,32.58,1.29
2023-06-19,Bengaluru,S002,33,6.42,0,0,29.51,1.81
2023-06-26,Bengaluru,S002,36,6.5,0,0,27.12,0.0
2023-07-03,Bengaluru,S002,33,6.32,0,0,27.36,2.43
2023-07-10,Bengaluru,S002,41,6.43,0,0,26.85,2.79
2023-07-17,Bengaluru,S002,40,6.47,0,0,22.45,0.0
2023-07-24,Bengaluru,S002,37,6.52,0,0,25.76,2.22
2023-07-31,Bengaluru,S002,34,6.35,0,0,25.18,1.19
2023-08-07,Bengaluru,S002,36,6.41,0,1,24.48,0.0
2023-08-14,Bengaluru,S002,49,6.32,0,1,25.83,0.9
2023-08-21,Bengaluru,S002,26,6.41,0,0,25.22,1.89
2023-08-28,Bengaluru,S002,27,6.36,0,0,24.74,2.67
2023-09-04,Bengaluru,S002,23,6.52,0,0,22.6,2.84
2023-09-11,Bengaluru,S002,20,6.3,0,0,20.25,2.91
2023-09-18,Bengaluru,S002,32,6.52,0,0,24.82,4.81
2023-09-25,Bengaluru,S002,24,6.46,0,0,20.64,4.21
2023-10-02,Bengaluru,S002,24,6.36,0,0,22.44,4.94
2023-10-09,Bengaluru,S002,21,6.51,0,0,22.26,4.04
2023-10-16,Bengaluru,S002,32,6.4,0,1,24.24,4.94
2023-10-23,Bengaluru,S002,32,6.38,0,1,24.35,6.19
2023-10-30,Bengaluru,S002,30,6.37,0,1,22.27,5.16
2023-11-06,Bengaluru,S002,39,6.49,0,1,26.03,5.9
2023-11-13,Bengaluru,S002,36,6.39,0,1,22.44,4.51
2023-11-20,Bengaluru,S002,39,6.41,0,1,25.56,6.4
2023-11-27,Bengaluru,S002,21,6.54,0,0,23.48,7.24
2023-12-04,Bengaluru,S002,35,6.34,0,0,25.52,4.63
2023-12-11,Bengaluru,S002,56,5.78,1,0,26.83,8.37
2023-12-18,Bengaluru,S002,52,5.83,1,1,30.48,6.92
2023-12-25,Bengaluru,S002,49,6.51,0,1,27.7,8.87
2024-01-01,Bengaluru,S002,37,6.42,0,0,28.33,7.29
2024-01-08,Bengaluru,S002,47,6.34,0,0,27.85,5.27
2024-01-15,Bengaluru,S002,44,6.32,0,0,30.88,5.35
2024-01-22,Bengaluru,S002,50,6.47,0,0,31.91,5.82
2024-01-29,Bengaluru,S002,52,6.44,0,0,31.26,6.17
2024-02-05,Bengaluru,S002,57,6.4,0,0,33.24,6.79
2024-02-12,Bengaluru,S002,43,6.32,0,0,34.99,4.91
2024-02-19,Bengaluru,S002,63,6.46,0,0,33.18,6.01
2024-02-26,Bengaluru,S002,51,6.52,0,0,33.43,7.58
2024-03-04,Bengaluru,S002,74,6.39,0,1,34.26,3.98
2024-03-11,Bengaluru,S002,68,6.31,0,1,34.48,4.53
2024-03-18,Bengaluru,S002,67,6.45,0,1,33.19,5.93
2024-03-25,Bengaluru,S002,64,6.48,0,1,33.13,3.87
2024-04-01,Bengaluru,S002,52,6.5,0,0,34.12,5.1
2024-04-08,Bengaluru,S002,57,6.42,0,0,34.9,3.32
2024-04-15,Bengaluru,S002,68,6.3,0,0,33.49,1.85
2024-04-22,Bengaluru,S002,66,6.51,0,0,32.54,2.11
2024-04-29,Bengaluru,S002,59,6.33,0,0,33.16,4.95
2024-05-06,Bengaluru,S002,56,6.36,0,0,32.0,1.9
2024-05-13,Bengaluru,S002,51,6.35,0,0,29.49,2.69
2024-05-20,Bengaluru,S002,51,6.43,0,0,29.69,0.63
2024-05-27,Bengaluru,S002,50,6.31,0,0,33.04,0.0
2024-06-03,Bengaluru,S002,50,6.47,0,0,31.0,2.27
2024-06-10,Bengaluru,S002,64,5.81,1,0,32.49,0.05
2024-06-17,Bengaluru,S002,65,5.71,1,0,28.57,3.21
2024-06-24,Bengaluru,S002,66,5.86,1,0,28.76,0.1
2024-07-01,Bengaluru,S002,43,6.36,0,0,27.0,0.0
2024-07-08,Bengaluru,S002,42,6.33,0,0,26.69,2.29
2024-07-15,Bengaluru,S002,48,6.36,0,0,27.97,0.0
2024-07-22,Bengaluru,S002,43,6.53,0,0,26.27,0.67
2024-07-29,Bengaluru,S002,36,6.38,0,0,26.46,1.12
2024-08-05,Bengaluru,S002,38,6.51,0,1,25.22,1.3
2024-08-12,Bengaluru,S002,42,6.54,0,1,20.81,1.77
2024-08-19,Bengaluru,S002,24,6.42,0,0,21.67,2.87
2024-08-26,Bengaluru,S002,27,6.46,0,0,22.11,1.53
2024-09-02,Bengaluru,S002,21,6.44,0,0,22.75,3.26
2024-09-09,Bengaluru,S002,25,5.87,1,0,22.21,4.87
2024-09-16,Bengaluru,S002,46,5.82,1,0,24.72,5.3
2024-09-23,Bengaluru,S002,17,6.5,0,0,21.76,1.82
2024-09-30,Bengaluru,S002,32,6.35,0,0,23.9,3.46
2024-10-07,Bengaluru,S002,28,6.5,0,0,22.17,5.08
2024-10-14,Bengaluru,S002,35,6.44,0,1,19.84,6.63
2024-10-21,Bengaluru,S002,30,6.5,0,1,23.77,5.45
2024-10-28,Bengaluru,S002,35,6.46,0,1,24.1,6.02
2024-11-04,Bengaluru,S002,44,5.76,1,1,23.31,5.3
2024-11-11,Bengaluru,S002,48,5.89,1,1,22.47,6.3
2024-11-18,Bengaluru,S002,41,5.9,1,1,24.64,7.51
2024-11-25,Bengaluru,S002,37,6.5,0,0,24.97,5.41
2024-12-02,Bengaluru,S002,37,6.33,0,0,22.92,6.47
2024-12-09,Bengaluru,S002,45,6.38,0,0,25.9,6.65
2024-12-16,Bengaluru,S002,59,5.7,1,1,24.34,8.16
2024-12-23,Bengaluru,S002,68,5.68,1,1,28.96,5.95
2024-12-30,Bengaluru,S002,48,5.85,1,0,29.28,8.11
2025-01-06,Bengaluru,S002,50,6.5,0,0,28.85,5.8
2025-01-13,Bengaluru,S002,52,6.44,0,0,31.93,7.33
2023-01-02,Bengaluru,S003,50,16.22,0,0,25.82,6.68
2023-01-09,Bengaluru,S003,39,15.92,0,0,27.56,6.63
2023-01-16,Bengaluru,S003,46,16.16,0,0,27.93,7.56
2023-01-23,Bengaluru,S003,48,16.43,0,0,30.97,6.73
2023-01-30,Bengaluru,S003,46,16.46,0,0,31.33,6.45
2023-02-06,Bengaluru,S003,64,16.43,0,0,32.61,6.51
2023-02-13,Bengaluru,S003,53,16.27,0,0,31.65,7.32
2023-02-20,Bengaluru,S003,60,16.09,0,0,34.45,7.56
2023-02-27,Bengaluru,S003,58,15.94,0,0,31.53,5.02
2023-03-06,Bengaluru,S003,76,16.04,0,1,30.83,5.07
2023-03-13,Bengaluru,S003,72,16.09,0,1,34.31,4.87
2023-03-20,Bengaluru,S003,76,16.09,0,1,36.79,4.19
2023-03-27,Bengaluru,S003,80,16.18,0,1,32.4,5.01
2023-04-03,Bengaluru,S003,67,16.4,0,0,34.3,4.62
2023-04-10,Bengaluru,S003,71,16.26,0,0,34.48,3.89
2023-04-17,Bengaluru,S003,56,16.12,0,0,30.71,2.37
2023-04-24,Bengaluru,S003,86,14.79,1,0,32.8,2.48
2023-05-01,Bengaluru,S003,80,14.83,1,0,32.71,3.06
2023-05-08,Bengaluru,S003,65,16.51,0,0,33.91,0.9
2023-05-15,Bengaluru,S003,49,16.38,0,0,33.59,2.68
2023-05-22,Bengaluru,S003,71,16.22,0,0,32.75,0.01
2023-05-29,Bengaluru,S003,64,16.04,0,0,32.14,1.59
2023-06-05,Bengaluru,S003,51,16.27,0,0,32.3,3.45
2023-06-12,Bengaluru,S003,45,16.31,0,0,32.58,1.29
2023-06-19,Bengaluru,S003,47,16.3,0,0,29.51,1.81
2023-06-26,Bengaluru,S003,47,15.98,0,0,27.12,0.0
2023-07-03,Bengaluru,S003,60,16.25,0,0,27.36,2.43
2023-07-10,Bengaluru,S003,59,14.73,1,0,26.85,2.79
2023-07-17,Bengaluru,S003,43,14.55,1,0,22.45,0.0
2023-07-24,Bengaluru,S003,37,15.99,0,0,25.76,2.22
2023-07-31,Bengaluru,S003,40,16.18,0,0,25.18,1.19
2023-08-07,Bengaluru,S003,37,16.15,0,1,24.48,0.0
2023-08-14,Bengaluru,S003,38,15.93,0,1,25.83,0.9
2023-08-21,Bengaluru,S003,36,16.4,0,0,25.22,1.89
2023-08-28,Bengaluru,S003,50,14.4,1,0,24.74,2.67
2023-09-04,Bengaluru,S003,46,14.74,1,0,22.6,2.84
2023-09-11,Bengaluru,S003,33,15.92,0,0,20.25,2.91
2023-09-18,Bengaluru,S003,19,16.14,0,0,24.82,4.81
2023-09-25,Bengaluru,S003,29,16.46,0,0,20.64,4.21
2023-10-02,Bengaluru,S003,26,15.91,0,0,22.44,4.94
2023-10-09,Bengaluru,S003,27,16.11,0,0,22.26,4.04
2023-10-16,Bengaluru,S003,41,15.9,0,1,24.24,4.94
2023-10-23,Bengaluru,S003,43,16.35,0,1,24.35,6.19
2023-10-30,Bengaluru,S003,34,15.98,0,1,22.27,5.16
2023-11-06,Bengaluru,S003,36,16.09,0,1,26.03,5.9
2023-11-13,Bengaluru,S003,42,16.03,0,1,22.44,4.51
2023-11-20,Bengaluru,S003,30,16.21,0,1,25.56,6.4
2023-11-27,Bengaluru,S003,29,16.0,0,0,23.48,7.24
2023-12-04,Bengaluru,S003,35,16.5,0,0,25.52,4.63
2023-12-11,Bengaluru,S003,38,16.31,0,0,26.83,8.37
2023-12-18,Bengaluru,S003,59,16.48,0,1,30.48,6.92
2023-12-25,Bengaluru,S003,52,15.93,0,1,27.7,8.87
2024-01-01,Bengaluru,S003,41,16.45,0,0,28.33,7.29
2024-01-08,Bengaluru,S003,57,16.25,0,0,27.85,5.27
2024-01-15,Bengaluru,S003,55,15.92,0,0,30.88,5.35
2024-01-22,Bengaluru,S003,46,16.15,0,0,31.91,5.82
2024-01-29,Bengaluru,S003,64,16.36,0,0,31.26,6.17
2024-02-05,Bengaluru,S003,51,15.97,0,0,33.24,6.79
2024-02-12,Bengaluru,S003,98,14.68,1,0,34.99,4.91
2024-02-19,Bengaluru,S003,78,14.69,1,0,33.18,6.01
2024-02-26,Bengaluru,S003,55,16.46,0,0,33.43,7.58
2024-03-04,Bengaluru,S003,74,16.46,0,1,34.26,3.98
2024-03-11,Bengaluru,S003,76,16.48,0,1,34.48,4.53
2024-03-18,Bengaluru,S003,70,15.91,0,1,33.19,5.93
2024-03-25,Bengaluru,S003,74,15.92,0,1,33.13,3.87
2024-04-01,Bengaluru,S003,60,16.35,0,0,34.12,5.1
2024-04-08,Bengaluru,S003,74,16.18,0,0,34.9,3.32
2024-04-15,Bengaluru,S003,56,16.1,0,0,33.49,1.85
2024-04-22,Bengaluru,S003,74,15.94,0,0,32.54,2.11
2024-04-29,Bengaluru,S003,53,16.48,0,0,33.16,4.95
2024-05-06,Bengaluru,S003,79,15.99,0,0,32.0,1.9
2024-05-13,Bengaluru,S003,61,16.25,0,0,29.49,2.69
2024-05-20,Bengaluru,S003,55,16.47,0,0,29.69,0.63
2024-05-27,Bengaluru,S003,54,16.12,0,0,33.04,0.0
2024-06-03,Bengaluru,S003,62,16.1,0,0,31.0,2.27
2024-06-10,Bengaluru,S003,65,16.47,0,0,32.49,0.05
2024-06-17,Bengaluru,S003,58,16.18,0,0,28.57,3.21
2024-06-24,Bengaluru,S003,50,16.14,0,0,28.76,0.1
2024-07-01,Bengaluru,S003,48,16.17,0,0,27.0,0.0
2024-07-08,Bengaluru,S003,53,16.51,0,0,26.69,2.29
2024-07-15,Bengaluru,S003,45,16.0,0,0,27.97,0.0
2024-07-22,Bengaluru,S003,55,16.04,0,0,26.27,0.67
2024-07-29,Bengaluru,S003,36,16.17,0,0,26.46,1.12
2024-08-05,Bengaluru,S003,57,15.95,0,1,25.22,1.3
2024-08-12,Bengaluru,S003,48,15.93,0,1,20.81,1.77
2024-08-19,Bengaluru,S003,36,15.89,0,0,21.67,2.87
2024-08-26,Bengaluru,S003,35,14.4,1,0,22.11,1.53
2024-09-02,Bengaluru,S003,42,14.57,1,0,22.75,3.26
2024-09-09,Bengaluru,S003,37,14.77,1,0,22.21,4.87
2024-09-16,Bengaluru,S003,35,16.2,0,0,24.72,5.3
2024-09-23,Bengaluru,S003,32,16.25,0,0,21.76,1.82
2024-09-30,Bengaluru,S003,28,16.45,0,0,23.9,3.46
2024-10-07,Bengaluru,S003,22,16.1,0,0,22.17,5.08
2024-10-14,Bengaluru,S003,35,16.22,0,1,19.84,6.63
2024-10-21,Bengaluru,S003,40,15.92,0,1,23.77,5.45
2024-10-28,Bengaluru,S003,46,16.27,0,1,24.1,6.02
2024-11-04,Bengaluru,S003,49,15.88,0,1,23.31,5.3
2024-11-11,Bengaluru,S003,46,16.1,0,1,22.47,6.3
2024-11-18,Bengaluru,S003,38,16.18,0,1,24.64,7.51
2024-11-25,Bengaluru,S003,32,16.29,0,0,24.97,5.41
2024-12-02,Bengaluru,S003,40,16.35,0,0,22.92,6.47
2024-12-09,Bengaluru,S003,48,15.88,0,0,25.9,6.65
2024-12-16,Bengaluru,S003,42,16.13,0,1,24.34,8.16
2024-12-23,Bengaluru,S003,57,16.34,0,1,28.96,5.95
2024-12-30,Bengaluru,S003,42,16.43,0,0,29.28,8.11
2025-01-06,Bengaluru,S003,48,16.23,0,0,28.85,5.8
2025-01-13,Bengaluru,S003,60,16.43,0,0,31.93,7.33
