data/panel_train.csv
week_start,market,sku_id,units,price,promo_flag,holiday_flag,temp_c,rain_mm
2023-01-02,Bengaluru,S004,61,19.45,1,0,25.82,6.68
2023-01-09,Bengaluru,S004,63,20.04,1,0,27.56,6.63
2023-01-16,Bengaluru,S004,70,19.88,1,0,27.93,7.56
2023-01-23,Bengaluru,S004,60,21.58,0,0,30.97,6.73
2023-01-30,Bengaluru,S004,61,21.56,0,0,31.33,6.45
2023-02-06,Bengaluru,S004,69,22.39,0,0,32.61,6.51
2023-02-13,Bengaluru,S004,79,22.09,0,0,31.65,7.32
2023-02-20,Bengaluru,S004,56,21.7,0,0,34.45,7.56
2023-02-27,Bengaluru,S004,66,21.77,0,0,31.53,5.02
2023-03-06,Bengaluru,S004,68,22.03,0,1,30.83,5.07
2023-03-13,Bengaluru,S004,82,21.75,0,1,34.31,4.87
2023-03-20,Bengaluru,S004,87,22.17,0,1,36.79,4.19
2023-03-27,Bengaluru,S004,88,21.78,0,1,32.4,5.01
2023-04-03,Bengaluru,S004,68,21.88,0,0,34.3,4.62
2023-04-10,Bengaluru,S004,79,21.53,0,0,34.48,3.89
2023-04-17,Bengaluru,S004,68,21.51,0,0,30.71,2.37
2023-04-24,Bengaluru,S004,77,22.33,0,0,32.8,2.48
2023-05-01,Bengaluru,S004,71,21.6,0,0,32.71,3.06
2023-05-08,Bengaluru,S004,69,21.63,0,0,33.91,0.9
2023-05-15,Bengaluru,S004,82,22.15,0,0,33.59,2.68
2023-05-22,Bengaluru,S004,89,19.48,1,0,32.75,0.01
2023-05-29,Bengaluru,S004,76,20.0,1,0,32.14,1.59
2023-06-05,Bengaluru,S004,70,19.8,1,0,32.3,3.45
2023-06-12,Bengaluru,S004,58,22.11,0,0,32.58,1.29
2023-06-19,Bengaluru,S004,66,22.15,0,0,29.51,1.81
2023-06-26,Bengaluru,S004,41,22.25,0,0,27.12,0.0
2023-07-03,Bengaluru,S004,40,21.81,0,0,27.36,2.43
2023-07-10,Bengaluru,S004,55,21.96,0,0,26.85,2.79
2023-07-17,Bengaluru,S004,62,21.74,0,0,22.45,0.0
2023-07-24,Bengaluru,S004,51,19.88,1,0,25.76,2.22
2023-07-31,Bengaluru,S004,50,19.98,1,0,25.18,1.19
2023-08-07,Bengaluru,S004,59,19.77,1,1,24.48,0.0
2023-08-14,Bengaluru,S004,54,21.86,0,1,25.83,0.9
2023-08-21,Bengaluru,S004,43,21.91,0,0,25.22,1.89
2023-08-28,Bengaluru,S004,31,21.74,0,0,24.74,2.67
2023-09-04,Bengaluru,S004,33,21.82,0,0,22.6,2.84
2023-09-11,Bengaluru,S004,28,22.23,0,0,20.25,2.91
2023-09-18,Bengaluru,S004,27,21.78,0,0,24.82,4.81
2023-09-25,Bengaluru,S004,39,22.36,0,0,20.64,4.21
2023-10-02,Bengaluru,S004,31,21.7,0,0,22.44,4.94
2023-10-09,Bengaluru,S004,35,21.79,0,0,22.26,4.04
2023-10-16,Bengaluru,S004,41,22.34,0,1,24.24,4.94
2023-10-23,Bengaluru,S004,49,22.12,0,1,24.35,6.19
2023-10-30,Bengaluru,S004,37,21.97,0,1,22.27,5.16
2023-11-06,Bengaluru,S004,74,19.36,1,1,26.03,5.9
2023-11-13,Bengaluru,S004,59,20.07,1,1,22.44,4.51
2023-11-20,Bengaluru,S004,66,19.41,1,1,25.56,6.4
2023-11-27,Bengaluru,S004,44,21.75,0,0,23.48,7.24
2023-12-04,Bengaluru,S004,44,21.96,0,0,25.52,4.63
2023-12-11,Bengaluru,S004,38,22.15,0,0,26.83,8.37
2023-12-18,Bengaluru,S004,64,22.2,0,1,30.48,6.92
2023-12-25,Bengaluru,S004,71,21.96,0,1,27.7,8.87
2024-01-01,Bengaluru,S004,46,21.96,0,0,28.33,7.29
2024-01-08,Bengaluru,S004,61,22.23,0,0,27.85,5.27
2024-01-15,Bengaluru,S004,55,22.31,0,0,30.88,5.35
2024-01-22,Bengaluru,S004,64,21.91,0,0,31.91,5.82
2024-01-29,Bengaluru,S004,80,19.7,1,0,31.26,6.17
2024-02-05,Bengaluru,S004,93,19.87,1,0,33.24,6.79
2024-02-12,Bengaluru,S004,99,19.99,1,0,34.99,4.91
2024-02-19,Bengaluru,S004,63,22.1,0,0,33.18,6.01
2024-02-26,Bengaluru,S004,56,22.2,0,0,33.43,7.58
2024-03-04,Bengaluru,S004,101,21.96,0,1,34.26,3.98
2024-03-11,Bengaluru,S004,89,22.15,0,1,34.48,4.53
2024-03-18,Bengaluru,S004,87,22.2,0,1,33.19,5.93
2024-03-25,Bengaluru,S004,73,22.14,0,1,33.13,3.87
2024-04-01,Bengaluru,S004,87,21.55,0,0,34.12,5.1
2024-04-08,Bengaluru,S004,64,22.2,0,0,34.9,3.32
2024-04-15,Bengaluru,S004,83,22.04,0,0,33.49,1.85
2024-04-22,Bengaluru,S004,79,21.92,0,0,32.54,2.11
2024-04-29,Bengaluru,S004,92,20.03,1,0,33.16,4.95
2024-05-06,Bengaluru,S004,119,19.75,1,0,32.0,1.9
2024-05-13,Bengaluru,S004,75,22.07,0,0,29.49,2.69
2024-05-20,Bengaluru,S004,61,21.73,0,0,29.69,0.63
2024-05-27,Bengaluru,S004,67,22.06,0,0,33.04,0.0
2024-06-03,Bengaluru,S004,51,21.61,0,0,31.0,2.27
2024-06-10,Bengaluru,S004,63,21.6,0,0,32.49,0.05
2024-06-17,Bengaluru,S004,77,21.96,0,0,28.57,3.21
2024-06-24,Bengaluru,S004,48,22.09,0,0,28.76,0.1
2024-07-01,Bengaluru,S004,46,21.87,0,0,27.0,0.0
2024-07-08,Bengaluru,S004,59,21.96,0,0,26.69,2.29
2024-07-15,Bengaluru,S004,63,21.72,0,0,27.97,0.0
2024-07-22,Bengaluru,S004,56,21.9,0,0,26.27,0.67
2024-07-29,Bengaluru,S004,46,21.94,0,0,26.46,1.12
2024-08-05,Bengaluru,S004,71,19.73,1,1,25.22,1.3
2024-08-12,Bengaluru,S004,75,19.51,1,1,20.81,1.77
2024-08-19,Bengaluru,S004,31,21.51,0,0,21.67,2.87
2024-08-26,Bengaluru,S004,33,22.19,0,0,22.11,1.53
2024-09-02,Bengaluru,S004,38,22.1,0,0,22.75,3.26
2024-09-09,Bengaluru,S004,42,21.68,0,0,22.21,4.87
2024-09-16,Bengaluru,S004,29,22.01,0,0,24.72,5.3
2024-09-23,Bengaluru,S004,37,22.28,0,0,21.76,1.82
2024-09-30,Bengaluru,S004,52,19.75,1,0,23.9,3.46
2024-10-07,Bengaluru,S004,45,19.66,1,0,22.17,5.08
2024-10-14,Bengaluru,S004,31,22.17,0,1,19.84,6.63
2024-10-21,Bengaluru,S004,52,21.57,0,1,23.77,5.45
2024-10-28,Bengaluru,S004,48,21.74,0,1,24.1,6.02
2024-11-04,Bengaluru,S004,31,21.94,0,1,23.31,5.3
2024-11-11,Bengaluru,S004,41,21.75,0,1,22.47,6.3
2024-11-18,Bengaluru,S004,42,22.21,0,1,24.64,7.51
2024-11-25,Bengaluru,S004,48,21.55,0,0,24.97,5.41
2024-12-02,Bengaluru,S004,29,21.52,0,0,22.92,6.47
2024-12-09,Bengaluru,S004,62,21.52,0,0,25.9,6.65
2024-12-16,Bengaluru,S004,55,22.38,0,1,24.34,8.16
2024-12-23,Bengaluru,S004,58,22.15,0,1,28.96,5.95
2024-12-30,Bengaluru,S004,50,22.35,0,0,29.28,8.11
2025-01-06,Bengaluru,S004,62,22.3,0,0,28.85,5.8
2025-01-13,Bengaluru,S004,57,22.37,0,0,31.93,7.33
2023-01-02,Bengaluru,S005,59,14.94,0,0,25.82,6.68
2023-01-09,Bengaluru,S005,62,14.98,0,0,27.56,6.63
2023-01-16,Bengaluru,S005,78,13.6,1,0,27.93,7.56
2023-01-23,Bengaluru,S005,77,13.74,1,0,30.97,6.73
2023-01-30,Bengaluru,S005,75,15.36,0,0,31.33,6.45
2023-02-06,Bengaluru,S005,66,14.97,0,0,32.61,6.51
2023-02-13,Bengaluru,S005,81,15.21,0,0,31.65,7.32
2023-02-20,Bengaluru,S005,91,15.16,0,0,34.45,7.56
2023-02-27,Bengaluru,S005,81,15.24,0,0,31.53,5.02
2023-03-06,Bengaluru,S005,113,15.45,0,1,30.83,5.07
2023-03-13,Bengaluru,S005,116,15.33,0,1,34.31,4.87
2023-03-20,Bengaluru,S005,115,15.11,0,1,36.79,4.19
2023-03-27,Bengaluru,S005,101,15.0,0,1,32.4,5.01
2023-04-03,Bengaluru,S005,98,15.02,0,0,34.3,4.62
2023-04-10,Bengaluru,S005,73,15.45,0,0,34.48,3.89
2023-04-17,Bengaluru,S005,76,15.47,0,0,30.71,2.37
2023-04-24,Bengaluru,S005,76,15.35,0,0,32.8,2.48
2023-05-01,Bengaluru,S005,81,15.22,0,0,32.71,3.06
2023-05-08,Bengaluru,S005,88,15.42,0,0,33.91,0.9
2023-05-15,Bengaluru,S005,74,15.51,0,0,33.59,2.68
2023-05-22,Bengaluru,S005,81,15.39,0,0,32.75,0.01
2023-05-29,Bengaluru,S005,95,15.29,0,0,32.14,1.59
2023-06-05,Bengaluru,S005,67,15.32,0,0,32.3,3.45
2023-06-12,Bengaluru,S005,64,15.36,0,0,32.58,1.29
2023-06-19,Bengaluru,S005,59,14.98,0,0,29.51,1.81
2023-06-26,Bengaluru,S005,47,14.98,0,0,27.12,0.0
2023-07-03,Bengaluru,S005,52,15.06,0,0,27.36,2.43
2023-07-10,Bengaluru,S005,58,15.33,0,0,26.85,2.79
2023-07-17,Bengaluru,S005,48,15.05,0,0,22.45,0.0
2023-07-24,Bengaluru,S005,41,15.26,0,0,25.76,2.22
2023-07-31,Bengaluru,S005,45,15.02,0,0,25.18,1.19
2023-08-07,Bengaluru,S005,50,15.18,0,1,24.48,0.0
2023-08-14,Bengaluru,S005,71,15.25,0,1,25.83,0.9
2023-08-21,Bengaluru,S005,43,15.31,0,0,25.22,1.89
2023-08-28,Bengaluru,S005,45,15.0,0,0,24.74,2.67
2023-09-04,Bengaluru,S005,30,15.24,0,0,22.6,2.84
2023-09-11,Bengaluru,S005,27,15.31,0,0,20.25,2.91
2023-09-18,Bengaluru,S005,44,15.32,0,0,24.82,4.81
2023-09-25,Bengaluru,S005,41,15.37,0,0,20.64,4.21
2023-10-02,Bengaluru,S005,38,15.54,0,0,22.44,4.94
2023-10-09,Bengaluru,S005,30,14.98,0,0,22.26,4.04
2023-10-16,Bengaluru,S005,42,15.33,0,1,24.24,4.94
2023-10-23,Bengaluru,S005,46,15.13,0,1,24.35,6.19
2023-10-30,Bengaluru,S005,60,15.44,0,1,22.27,5.16
2023-11-06,Bengaluru,S005,50,14.97,0,1,26.03,5.9
2023-11-13,Bengaluru,S005,45,15.44,0,1,22.44,4.51
2023-11-20,Bengaluru,S005,73,13.67,1,1,25.56,6.4
2023-11-27,Bengaluru,S005,62,13.5,1,0,23.48,7.24
2023-12-04,Bengaluru,S005,59,13.68,1,0,25.52,4.63
2023-12-11,Bengaluru,S005,53,15.04,0,0,26.83,8.37
2023-12-18,Bengaluru,S005,66,15.07,0,1,30.48,6.92
2023-12-25,Bengaluru,S005,65,15.14,0,1,27.7,8.87
2024-01-01,Bengaluru,S005,74,15.25,0,0,28.33,7.29
2024-01-08,Bengaluru,S005,70,15.0,0,0,27.85,5.27
2024-01-15,Bengaluru,S005,73,15.25,0,0,30.88,5.35
2024-01-22,Bengaluru,S005,80,15.51,0,0,31.91,5.82
2024-01-29,Bengaluru,S005,77,15.02,0,0,31.26,6.17
2024-02-05,Bengaluru,S005,61,15.08,0,0,33.24,6.79
2024-02-12,Bengaluru,S005,73,15.11,0,0,34.99,4.91
2024-02-19,Bengaluru,S005,82,15.31,0,0,33.18,6.01
2024-02-26,Bengaluru,S005,82,15.19,0,0,33.43,7.58
2024-03-04,Bengaluru,S005,129,13.56,1,1,34.26,3.98
2024-03-11,Bengaluru,S005,126,13.52,1,1,34.48,4.53
2024-03-18,Bengaluru,S005,134,13.46,1,1,33.19,5.93
2024-03-25,Bengaluru,S005,105,15.3,0,1,33.13,3.87
2024-04-01,Bengaluru,S005,74,15.49,0,0,34.12,5.1
2024-04-08,Bengaluru,S005,61,15.32,0,0,34.9,3.32
2024-04-15,Bengaluru,S005,91,15.17,0,0,33.49,1.85
2024-04-22,Bengaluru,S005,86,15.12,0,0,32.54,2.11
2024-04-29,Bengaluru,S005,94,15.41,0,0,33.16,4.95
2024-05-06,Bengaluru,S005,69,15.54,0,0,32.0,1.9
2024-05-13,Bengaluru,S005,101,13.47,1,0,29.49,2.69
2024-05-20,Bengaluru,S005,86,13.46,1,0,29.69,0.63
2024-05-27,Bengaluru,S005,72,14.94,0,0,33.04,0.0
2024-06-03,Bengaluru,S005,67,15.28,0,0,31.0,2.27
2024-06-10,Bengaluru,S005,72,15.34,0,0,32.49,0.05
2024-06-17,Bengaluru,S005,82,13.83,1,0,28.57,3.21
2024-06-24,Bengaluru,S005,106,13.5,1,0,28.76,0.1
2024-07-01,Bengaluru,S005,73,15.32,0,0,27.0,0.0
2024-07-08,Bengaluru,S005,61,15.22,0,0,26.69,2.29
2024-07-15,Bengaluru,S005,51,15.31,0,0,27.97,0.0
2024-07-22,Bengaluru,S005,38,15.31,0,0,26.27,0.67
2024-07-29,Bengaluru,S005,55,15.28,0,0,26.46,1.12
2024-08-05,Bengaluru,S005,60,15.44,0,1,25.22,1.3
2024-08-12,Bengaluru,S005,48,15.48,0,1,20.81,1.77
2024-08-19,Bengaluru,S005,49,15.16,0,0,21.67,2.87
2024-08-26,Bengaluru,S005,34,15.21,0,0,22.11,1.53
2024-09-02,Bengaluru,S005,37,15.06,0,0,22.75,3.26
2024-09-09,Bengaluru,S005,41,15.35,0,0,22.21,4.87
2024-09-16,Bengaluru,S005,58,15.24,0,0,24.72,5.3
2024-09-23,Bengaluru,S005,38,15.34,0,0,21.76,1.82
2024-09-30,Bengaluru,S005,35,15.01,0,0,23.9,3.46
2024-10-07,Bengaluru,S005,39,13.91,1,0,22.17,5.08
2024-10-14,Bengaluru,S005,54,13.95,1,1,19.84,6.63
2024-10-21,Bengaluru,S005,52,15.19,0,1,23.77,5.45
2024-10-28,Bengaluru,S005,42,15.08,0,1,24.1,6.02
2024-11-04,Bengaluru,S005,54,15.02,0,1,23.31,5.3
2024-11-11,Bengaluru,S005,65,14.94,0,1,22.47,6.3
2024-11-18,Bengaluru,S005,52,15.03,0,1,24.64,7.51
2024-11-25,Bengaluru,S005,50,15.24,0,0,24.97,5.41
2024-12-02,Bengaluru,S005,75,13.88,1,0,22.92,6.47
2024-12-09,Bengaluru,S005,70,13.99,1,0,25.9,6.65
2024-12-16,Bengaluru,S005,64,15.01,0,1,24.34,8.16
2024-12-23,Bengaluru,S005,67,15.35,0,1,28.96,5.95
2024-12-30,Bengaluru,S005,53,15.2,0,0,29.28,8.11
2025-01-06,Bengaluru,S005,69,14.96,0,0,28.85,5.8
2025-01-13,Bengaluru,S005,62,15.49,0,0,31.93,7.33
2023-01-02,Bengaluru,S006,48,16.87,0,0,25.82,6.68
2023-01-09,Bengaluru,S006,82,16.87,0,0,27.56,6.63
2023-01-16,Bengaluru,S006,75,15.07,1,0,27.93,7.56
2023-01-23,Bengaluru,S006,83,14.78,1,0,30.97,6.73
2023-01-30,Bengaluru,S006,76,16.76,0,0,31.33,6.45
2023-02-06,Bengaluru,S006,78,16.57,0,0,32.61,6.51
2023-02-13,Bengaluru,S006,65,16.54,0,0,31.65,7.32
2023-02-20,Bengaluru,S006,87,16.82,0,0,34.45,7.56
2023-02-27,Bengaluru,S006,82,16.77,0,0,31.53,5.02
2023-03-06,Bengaluru,S006,102,16.64,0,1,30.83,5.07
2023-03-13,Bengaluru,S006,94,16.98,0,1,34.31,4.87
2023-03-20,Bengaluru,S006,122,16.48,0,1,36.79,4.19
2023-03-27,Bengaluru,S006,159,14.86,1,1,32.4,5.01
2023-04-03,Bengaluru,S006,120,14.74,1,0,34.3,4.62
2023-04-10,Bengaluru,S006,85,16.92,0,0,34.48,3.89
2023-04-17,Bengaluru,S006,84,16.75,0,0,30.71,2.37
2023-04-24,Bengaluru,S006,77,16.72,0,0,32.8,2.48
2023-05-01,Bengaluru,S006,82,16.36,0,0,32.71,3.06
2023-05-08,Bengaluru,S006,85,16.51,0,0,33.91,0.9
2023-05-15,Bengaluru,S006,106,16.55,0,0,33.59,2.68
2023-05-22,Bengaluru,S006,93,16.86,0,0,32.75,0.01
2023-05-29,Bengaluru,S006,75,16.42,0,0,32.14,1.59
2023-06-05,Bengaluru,S006,77,16.41,0,0,32.3,3.45
2023-06-12,Bengaluru,S006,101,14.74,1,0,32.58,1.29
2023-06-19,Bengaluru,S006,84,15.08,1,0,29.51,1.81
2023-06-26,Bengaluru,S006,59,16.36,0,0,27.12,0.0
2023-07-03,Bengaluru,S006,65,16.7,0,0,27.36,2.43
2023-07-10,Bengaluru,S006,63,16.37,0,0,26.85,2.79
2023-07-17,Bengaluru,S006,61,16.61,0,0,22.45,0.0
2023-07-24,Bengaluru,S006,77,15.07,1,0,25.76,2.22
2023-07-31,Bengaluru,S006,72,15.1,1,0,25.18,1.19
2023-08-07,Bengaluru,S006,75,15.25,1,1,24.48,0.0
2023-08-14,Bengaluru,S006,65,16.43,0,1,25.83,0.9
2023-08-21,Bengaluru,S006,45,16.96,0,0,25.22,1.89
2023-08-28,Bengaluru,S006,40,16.68,0,0,24.74,2.67
2023-09-04,Bengaluru,S006,40,16.59,0,0,22.6,2.84
2023-09-11,Bengaluru,S006,25,16.81,0,0,20.25,2.91
2023-09-18,Bengaluru,S006,65,14.95,1,0,24.82,4.81
2023-09-25,Bengaluru,S006,65,15.27,1,0,20.64,4.21
2023-10-02,Bengaluru,S006,27,16.4,0,0,22.44,4.94
2023-10-09,Bengaluru,S006,45,16.7,0,0,22.26,4.04
2023-10-16,Bengaluru,S006,49,16.39,0,1,24.24,4.94
2023-10-23,Bengaluru,S006,53,16.52,0,1,24.35,6.19
2023-10-30,Bengaluru,S006,43,16.9,0,1,22.27,5.16
2023-11-06,Bengaluru,S006,54,16.69,0,1,26.03,5.9
2023-11-13,Bengaluru,S006,56,16.36,0,1,22.44,4.51
2023-11-20,Bengaluru,S006,49,16.7,0,1,25.56,6.4
2023-11-27,Bengaluru,S006,50,16.54,0,0,23.48,7.24
2023-12-04,Bengaluru,S006,55,16.6,0,0,25.52,4.63
2023-12-11,Bengaluru,S006,63,16.75,0,0,26.83,8.37
2023-12-18,Bengaluru,S006,66,16.96,0,1,30.48,6.92
2023-12-25,Bengaluru,S006,99,14.8,1,1,27.7,8.87
2024-01-01,Bengaluru,S006,90,14.98,1,0,28.33,7.29
2024-01-08,Bengaluru,S006,81,15.12,1,0,27.85,5.27
2024-01-15,Bengaluru,S006,75,16.65,0,0,30.88,5.35
2024-01-22,Bengaluru,S006,76,16.77,0,0,31.91,5.82
2024-01-29,Bengaluru,S006,72,16.54,0,0,31.26,6.17
2024-02-05,Bengaluru,S006,93,16.56,0,0,33.24,6.79
2024-02-12,Bengaluru,S006,83,16.7,0,0,34.99,4.91
2024-02-19,Bengaluru,S006,106,16.98,0,0,33.18,6.01
2024-02-26,Bengaluru,S006,96,16.47,0,0,33.43,7.58
2024-03-04,Bengaluru,S006,115,16.49,0,1,34.26,3.98
2024-03-11,Bengaluru,S006,121,16.82,0,1,34.48,4.53
2024-03-18,Bengaluru,S006,109,16.81,0,1,33.19,5.93
2024-03-25,Bengaluru,S006,105,16.81,0,1,33.13,3.87
2024-04-01,Bengaluru,S006,92,16.48,0,0,34.12,5.1
2024-04-08,Bengaluru,S006,95,16.81,0,0,34.9,3.32
2024-04-15,Bengaluru,S006,130,15.11,1,0,33.49,1.85
2024-04-22,Bengaluru,S006,125,14.74,1,0,32.54,2.11
2024-04-29,Bengaluru,S006,131,14.75,1,0,33.16,4.95
2024-05-06,Bengaluru,S006,94,16.39,0,0,32.0,1.9
2024-05-13,Bengaluru,S006,106,16.55,0,0,29.49,2.69
2024-05-20,Bengaluru,S006,71,16.84,0,0,29.69,0.63
2024-05-27,Bengaluru,S006,85,16.43,0,0,33.04,0.0
2024-06-03,Bengaluru,S006,89,16.46,0,0,31.0,2.27
2024-06-10,Bengaluru,S006,79,16.6,0,0,32.49,0.05
2024-06-17,Bengaluru,S006,67,17.0,0,0,28.57,3.21
2024-06-24,Bengaluru,S006,66,16.83,0,0,28.76,0.1
2024-07-01,Bengaluru,S006,63,16.36,0,0,27.0,0.0
2024-07-08,Bengaluru,S006,58,16.6,0,0,26.69,2.29
2024-07-15,Bengaluru,S006,57,16.83,0,0,27.97,0.0
2024-07-22,Bengaluru,S006,48,16.65,0,0,26.27,0.67
2024-07-29,Bengaluru,S006,63,16.96,0,0,26.46,1.12
2024-08-05,Bengaluru,S006,60,16.87,0,1,25.22,1.3
2024-08-12,Bengaluru,S006,56,16.79,0,1,20.81,1.77
2024-08-19,Bengaluru,S006,48,16.96,0,0,21.67,2.87
2024-08-26,Bengaluru,S006,41,16.67,0,0,22.11,1.53
2024-09-02,Bengaluru,S006,48,16.97,0,0,22.75,3.26
2024-09-09,Bengaluru,S006,40,16.41,0,0,22.21,4.87
2024-09-16,Bengaluru,S006,41,16.72,0,0,24.72,5.3
2024-09-23,Bengaluru,S006,34,16.46,0,0,21.76,1.82
2024-09-30,Bengaluru,S006,37,16.57,0,0,23.9,3.46
2024-10-07,Bengaluru,S006,63,14.73,1,0,22.17,5.08
2024-10-14,Bengaluru,S006,65,14.74,1,1,19.84,6.63
2024-10-21,Bengaluru,S006,60,14.77,1,1,23.77,5.45
2024-10-28,Bengaluru,S006,59,16.87,0,1,24.1,6.02
2024-11-04,Bengaluru,S006,47,16.41,0,1,23.31,5.3
2024-11-11,Bengaluru,S006,66,16.78,0,1,22.47,6.3
2024-11-18,Bengaluru,S006,55,16.92,0,1,24.64,7.51
2024-11-25,Bengaluru,S006,52,16.38,0,0,24.97,5.41
2024-12-02,Bengaluru,S006,59,16.48,0,0,22.92,6.47
2024-12-09,Bengaluru,S006,51,16.5,0,0,25.9,6.65
2024-12-16,Bengaluru,S006,77,16.57,0,1,24.34,8.16
2024-12-23,Bengaluru,S006,81,16.98,0,1,28.96,5.95
2024-12-30,Bengaluru,S006,81,16.96,0,0,29.28,8.11
2025-01-06,Bengaluru,S006,81,16.48,0,0,28.85,5.8
2025-01-13,Bengaluru,S006,72,16.77,0,0,31.93,7.33
