data/panel_train.csv
week_start,market,sku_id,units,price,promo_flag,holiday_flag,temp_c,rain_mm
2023-01-02,Delhi,S001,30,10.06,0,0,26.73,5.89
2023-01-09,Delhi,S001,29,10.02,0,0,30.71,5.21
2023-01-16,Delhi,S001,27,9.07,1,0,28.52,5.39
2023-01-23,Delhi,S001,39,8.91,1,0,33.19,8.43
2023-01-30,Delhi,S001,19,10.05,0,0,32.04,6.12
2023-02-06,Delhi,S001,28,9.96,0,0,32.27,7.26
2023-02-13,Delhi,S001,26,10.06,0,0,30.33,6.66
2023-02-20,Delhi,S001,38,9.13,1,0,30.36,4.23
2023-02-27,Delhi,S001,33,8.82,1,0,34.05,2.99
2023-03-06,Delhi,S001,34,9.9,0,1,32.85,3.36
2023-03-13,Delhi,S001,26,10.09,0,1,32.98,0.71
2023-03-20,Delhi,S001,46,9.99,0,1,30.92,2.88
2023-03-27,Delhi,S001,41,9.84,0,1,35.1,3.16
2023-04-03,Delhi,S001,30,9.8,0,0,33.75,3.83
2023-04-10,Delhi,S001,27,10.06,0,0,32.39,2.98
2023-04-17,Delhi,S001,41,9.91,0,0,32.37,0.21
2023-04-24,Delhi,S001,36,10.03,0,0,32.77,2.63
2023-05-01,Delhi,S001,36,10.15,0,0,33.57,1.59
2023-05-08,Delhi,S001,28,10.15,0,0,36.28,1.79
2023-05-15,Delhi,S001,35,8.92,1,0,33.71,3.7
2023-05-22,Delhi,S001,35,8.8,1,0,29.79,0.0
2023-05-29,Delhi,S001,32,10.02,0,0,33.77,0.0
2023-06-05,Delhi,S001,30,9.92,0,0,30.58,1.63
2023-06-12,Delhi,S001,20,10.1,0,0,31.21,2.3
2023-06-19,Delhi,S001,28,10.03,0,0,31.43,1.37
2023-06-26,Delhi,S001,26,10.08,0,0,27.31,0.98
2023-07-03,Delhi,S001,20,9.9,0,0,28.22,0.0
2023-07-10,Delhi,S001,22,10.0,0,0,29.15,0.99
2023-07-17,Delhi,S001,18,10.11,0,0,26.38,0.0
2023-07-24,Delhi,S001,16,9.81,0,0,23.83,0.44
2023-07-31,Delhi,S001,16,9.91,0,0,25.66,0.0
2023-08-07,Delhi,S001,23,10.03,0,1,26.09,0.0
2023-08-14,Delhi,S001,27,8.99,1,1,20.59,2.01
2023-08-21,Delhi,S001,28,8.9,1,0,22.65,0.86
2023-08-28,Delhi,S001,20,9.05,1,0,21.56,0.0
2023-09-04,Delhi,S001,15,10.03,0,0,24.32,0.78
2023-09-11,Delhi,S001,14,10.16,0,0,24.63,2.91
2023-09-18,Delhi,S001,9,9.92,0,0,21.45,0.98
2023-09-25,Delhi,S001,20,10.14,0,0,20.7,1.19
2023-10-02,Delhi,S001,11,10.15,0,0,24.88,3.2
2023-10-09,Delhi,S001,15,10.05,0,0,23.52,1.84
2023-10-16,Delhi,S001,17,9.83,0,1,22.2,5.13
2023-10-23,Delhi,S001,16,9.99,0,1,21.64,5.3
2023-10-30,Delhi,S001,21,9.79,0,1,20.81,2.76
2023-11-06,Delhi,S001,20,8.81,1,1,23.38,4.25
2023-11-13,Delhi,S001,22,9.15,1,1,24.22,2.62
2023-11-20,Delhi,S001,24,9.96,0,1,24.84,8.37
2023-11-27,Delhi,S001,25,9.79,0,0,24.31,5.51
2023-12-04,Delhi,S001,20,10.04,0,0,25.23,3.42
2023-12-11,Delhi,S001,29,9.87,0,0,26.26,3.88
2023-12-18,Delhi,S001,30,9.84,0,1,25.67,7.41
2023-12-25,Delhi,S001,39,10.09,0,1,25.92,6.58
2024-01-01,Delhi,S001,18,10.04,0,0,29.27,6.34
2024-01-08,Delhi,S001,20,10.12,0,0,26.42,5.58
2024-01-15,Delhi,S001,23,9.78,0,0,32.13,3.49
2024-01-22,Delhi,S001,25,10.0,0,0,29.46,5.15
2024-01-29,Delhi,S001,30,10.01,0,0,30.72,6.56
2024-02-05,Delhi,S001,31,9.98,0,0,33.57,5.15
2024-02-12,Delhi,S001,37,9.83,0,0,32.95,5.85
2024-02-19,Delhi,S001,26,9.86,0,0,32.95,4.32
2024-02-26,Delhi,S001,32,10.02,0,0,31.19,3.39
2024-03-04,Delhi,S001,36,9.86,0,1,31.93,4.78
2024-03-11,Delhi,S001,35,9.97,0,1,34.5,4.45
2024-03-18,Delhi,S001,33,10.04,0,1,32.75,5.89
2024-03-25,Delhi,S001,41,9.94,0,1,35.99,2.94
2024-04-01,Delhi,S001,31,9.78,0,0,32.52,3.16
2024-04-08,Delhi,S001,30,10.12,0,0,35.61,3.04
2024-04-15,Delhi,S001,45,9.94,0,0,34.41,2.03
2024-04-22,Delhi,S001,44,10.01,0,0,34.05,3.79
2024-04-29,Delhi,S001,34,9.87,0,0,32.7,1.78
2024-05-06,Delhi,S001,29,9.88,0,0,33.07,1.64
2024-05-13,Delhi,S001,28,9.9,0,0,30.12,0.0
2024-05-20,Delhi,S001,36,9.78,0,0,30.2,0.96
2024-05-27,Delhi,S001,33,10.08,0,0,31.99,0.0
2024-06-03,Delhi,S001,29,10.11,0,0,32.6,0.17
2024-06-10,Delhi,S001,21,9.96,0,0,29.91,0.0
2024-06-17,Delhi,S001,32,9.91,0,0,29.39,0.94
2024-06-24,Delhi,S001,25,9.81,0,0,29.47,0.0
2024-07-01,Delhi,S001,36,8.98,1,0,30.04,0.0
2024-07-08,Delhi,S001,27,9.11,1,0,27.15,0.0
2024-07-15,Delhi,S001,17,10.08,0,0,24.74,0.0
2024-07-22,Delhi,S001,25,9.85,0,0,24.51,0.29
2024-07-29,Delhi,S001,11,9.99,0,0,25.57,2.11
2024-08-05,Delhi,S001,29,9.81,0,1,24.8,0.0
2024-08-12,Delhi,S001,23,9.82,0,1,23.18,0.93
2024-08-19,Delhi,S001,10,10.03,0,0,23.4,2.77
2024-08-26,Delhi,S001,14,10.04,0,0,24.91,0.87
2024-09-02,Delhi,S001,14,8.83,1,0,21.61,0.0
2024-09-09,Delhi,S001,11,9.08,1,0,21.32,0.77
2024-09-16,Delhi,S001,19,9.05,1,0,21.39,2.75
2024-09-23,Delhi,S001,8,10.13,0,0,22.06,2.61
2024-09-30,Delhi,S001,23,9.77,0,0,22.05,2.85
2024-10-07,Delhi,S001,18,10.07,0,0,22.09,0.0
2024-10-14,Delhi,S001,20,10.05,0,1,21.52,3.59
2024-10-21,Delhi,S001,20,9.96,0,1,21.63,3.81
2024-10-28,Delhi,S001,22,10.1,0,1,23.49,3.68
2024-11-04,Delhi,S001,18,10.02,0,1,26.11,5.53
2024-11-11,Delhi,S001,26,9.84,0,1,23.25,4.74
2024-11-18,Delhi,S001,18,9.81,0,1,23.64,4.15
2024-11-25,Delhi,S001,20,9.91,0,0,24.2,5.81
2024-12-02,Delhi,S001,30,9.98,0,0,25.83,6.35
2024-12-09,Delhi,S001,21,9.96,0,0,25.21,4.11
2024-12-16,Delhi,S001,30,9.8,0,1,25.31,7.85
2024-12-23,Delhi,S001,39,8.96,1,1,28.37,6.42
2024-12-30,Delhi,S001,28,9.13,1,0,26.61,6.01
2025-01-06,Delhi,S001,37,10.11,0,0,26.59,5.32
2025-01-13,Delhi,S001,29,10.01,0,0,28.82,5.48
2023-01-02,Delhi,S002,27,6.45,0,0,26.73,5.89
2023-01-09,Delhi,S002,22,6.45,0,0,30.71,5.21
2023-01-16,Delhi,S002,29,6.35,0,0,28.52,5.39
2023-01-23,Delhi,S002,29,6.52,0,0,33.19,8.43
2023-01-30,Delhi,S002,32,6.4,0,0,32.04,6.12
2023-02-06,Delhi,S002,26,6.31,0,0,32.27,7.26
2023-02-13,Delhi,S002,30,6.52,0,0,30.33,6.66
2023-02-20,Delhi,S002,38,5.85,1,0,30.36,4.23
2023-02-27,Delhi,S002,47,5.8,1,0,34.05,2.99
2023-03-06,Delhi,S002,56,5.7,1,1,32.85,3.36
2023-03-13,Delhi,S002,41,6.44,0,1,32.98,0.71
2023-03-20,Delhi,S002,41,6.32,0,1,30.92,2.88
2023-03-27,Delhi,S002,55,6.41,0,1,35.1,3.16
2023-04-03,Delhi,S002,40,6.48,0,0,33.75,3.83
2023-04-10,Delhi,S002,46,6.37,0,0,32.39,2.98
2023-04-17,Delhi,S002,34,6.42,0,0,32.37,0.21
2023-04-24,Delhi,S002,48,6.4,0,0,32.77,2.63
2023-05-01,Delhi,S002,43,6.39,0,0,33.57,1.59
2023-05-08,Delhi,S002,37,6.52,0,0,36.28,1.79
2023-05-15,Delhi,S002,44,5.71,1,0,33.71,3.7
2023-05-22,Delhi,S002,41,5.69,1,0,29.79,0.0
2023-05-29,Delhi,S002,28,6.51,0,0,33.77,0.0
2023-06-05,Delhi,S002,26,6.47,0,0,30.58,1.63
2023-06-12,Delhi,S002,36,6.44,0,0,31.21,2.3
2023-06-19,Delhi,S002,23,6.33,0,0,31.43,1.37
2023-06-26,Delhi,S002,20,6.54,0,0,27.31,0.98
2023-07-03,Delhi,S002,21,6.36,0,0,28.22,0.0
2023-07-10,Delhi,S002,22,6.52,0,0,29.15,0.99
2023-07-17,Delhi,S002,20,6.42,0,0,26.38,0.0
2023-07-24,Delhi,S002,22,6.51,0,0,23.83,0.44
2023-07-31,Delhi,S002,23,5.7,1,0,25.66,0.0
2023-08-07,Delhi,S002,41,5.9,1,1,26.09,0.0
2023-08-14,Delhi,S002,25,6.54,0,1,20.59,2.01
2023-08-21,Delhi,S002,16,6.5,0,0,22.65,0.86
2023-08-28,Delhi,S002,11,6.41,0,0,21.56,0.0
2023-09-04,Delhi,S002,16,6.37,0,0,24.32,0.78
2023-09-11,Delhi,S002,16,6.42,0,0,24.63,2.91
2023-09-18,Delhi,S002,16,6.35,0,0,21.45,0.98
2023-09-25,Delhi,S002,13,6.53,0,0,20.7,1.19
2023-10-02,Delhi,S002,12,6.45,0,0,24.88,3.2
2023-10-09,Delhi,S002,22,5.69,1,0,23.52,1.84
2023-10-16,Delhi,S002,31,5.76,1,1,22.2,5.13
2023-10-23,Delhi,S002,24,6.41,0,1,21.64,5.3
2023-10-30,Delhi,S002,21,6.44,0,1,20.81,2.76
2023-11-06,Delhi,S002,26,6.44,0,1,23.38,4.25
2023-11-13,Delhi,S002,22,6.5,0,1,24.22,2.62
2023-11-20,Delhi,S002,22,6.36,0,1,24.84,8.37
2023-11-27,Delhi,S002,20,6.49,0,0,24.31,5.51
2023-12-04,Delhi,S002,20,6.46,0,0,25.23,3.42
2023-12-11,Delhi,S002,19,6.52,0,0,26.26,3.88
2023-12-18,Delhi,S002,32,5.84,1,1,25.67,7.41
2023-12-25,Delhi,S002,38,5.85,1,1,25.92,6.58
2024-01-01,Delhi,S002,27,6.31,0,0,29.27,6.34
2024-01-08,Delhi,S002,28,6.51,0,0,26.42,5.58
2024-01-15,Delhi,S002,24,6.53,0,0,32.13,3.49
2024-01-22,Delhi,S002,30,6.45,0,0,29.46,5.15
2024-01-29,Delhi,S002,23,6.35,0,0,30.72,6.56
2024-02-05,Delhi,S002,46,6.51,0,0,33.57,5.15
2024-02-12,Delhi,S002,30,6.32,0,0,32.95,5.85
2024-02-19,Delhi,S002,33,6.51,0,0,32.95,4.32
2024-02-26,Delhi,S002,33,6.53,0,0,31.19,3.39
2024-03-04,Delhi,S002,45,6.41,0,1,31.93,4.78
2024-03-11,Delhi,S002,47,6.35,0,1,34.5,4.45
2024-03-18,Delhi,S002,57,6.37,0,1,32.75,5.89
2024-03-25,Delhi,S002,64,5.68,1,1,35.99,2.94
2024-04-01,Delhi,S002,55,5.81,1,0,32.52,3.16
2024-04-08,Delhi,S002,43,5.72,1,0,35.61,3.04
2024-04-15,Delhi,S002,32,6.53,0,0,34.41,2.03
2024-04-22,Delhi,S002,46,6.54,0,0,34.05,3.79
2024-04-29,Delhi,S002,29,6.31,0,0,32.7,1.78
2024-05-06,Delhi,S002,36,6.52,0,0,33.07,1.64
2024-05-13,Delhi,S002,32,6.51,0,0,30.12,0.0
2024-05-20,Delhi,S002,32,6.36,0,0,30.2,0.96
2024-05-27,Delhi,S002,25,6.32,0,0,31.99,0.0
2024-06-03,Delhi,S002,28,6.5,0,0,32.6,0.17
2024-06-10,Delhi,S002,31,6.37,0,0,29.91,0.0
2024-06-17,Delhi,S002,32,5.87,1,0,29.39,0.94
2024-06-24,Delhi,S002,30,5.71,1,0,29.47,0.0
2024-07-01,Delhi,S002,29,6.43,0,0,30.04,0.0
2024-07-08,Delhi,S002,29,6.49,0,0,27.15,0.0
2024-07-15,Delhi,S002,26,6.39,0,0,24.74,0.0
2024-07-22,Delhi,S002,26,6.48,0,0,24.51,0.29
2024-07-29,Delhi,S002,26,6.54,0,0,25.57,2.11
2024-08-05,Delhi,S002,33,5.83,1,1,24.8,0.0
2024-08-12,Delhi,S002,34,5.78,1,1,23.18,0.93
2024-08-19,Delhi,S002,22,6.35,0,0,23.4,2.77
2024-08-26,Delhi,S002,19,6.48,0,0,24.91,0.87
2024-09-02,Delhi,S002,24,6.44,0,0,21.61,0.0
2024-09-09,Delhi,S002,16,6.54,0,0,21.32,0.77
2024-09-16,Delhi,S002,20,6.39,0,0,21.39,2.75
2024-09-23,Delhi,S002,16,6.48,0,0,22.06,2.61
2024-09-30,Delhi,S002,24,6.52,0,0,22.05,2.85
2024-10-07,Delhi,S002,22,6.48,0,0,22.09,0.0
2024-10-14,Delhi,S002,13,6.51,0,1,21.52,3.59
2024-10-21,Delhi,S002,14,6.46,0,1,21.63,3.81
2024-10-28,Delhi,S002,22,6.35,0,1,23.49,3.68
2024-11-04,Delhi,S002,34,5.81,1,1,26.11,5.53
2024-11-11,Delhi,S002,28,5.79,1,1,23.25,4.74
2024-11-18,Delhi,S002,36,5.76,1,1,23.64,4.15
2024-11-25,Delhi,S002,21,6.55,0,0,24.2,5.81
2024-12-02,Delhi,S002,30,5.68,1,0,25.83,6.35
2024-12-09,Delhi,S002,33,5.67,1,0,25.21,4.11
2024-12-16,Delhi,S002,40,5.78,1,1,25.31,7.85
2024-12-23,Delhi,S002,28,6.53,0,1,28.37,6.42
2024-12-30,Delhi,S002,33,6.5,0,0,26.61,6.01
2025-01-06,Delhi,S002,35,6.5,0,0,26.59,5.32
2025-01-13,Delhi,S002,30,6.48,0,0,28.82,5.48
2023-01-02,Delhi,S003,27,16.26,0,0,26.73,5.89
2023-01-09,Delhi,S003,36,16.38,0,0,30.71,5.21
2023-01-16,Delhi,S003,33,16.15,0,0,28.52,5.39
2023-01-23,Delhi,S003,31,16.12,0,0,33.19,8.43
2023-01-30,Delhi,S003,28,16.0,0,0,32.04,6.12
2023-02-06,Delhi,S003,44,16.48,0,0,32.27,7.26
2023-02-13,Delhi,S003,39,16.19,0,0,30.33,6.66
2023-02-20,Delhi,S003,47,16.47,0,0,30.36,4.23
2023-02-27,Delhi,S003,43,15.89,0,0,34.05,2.99
2023-03-06,Delhi,S003,61,14.44,1,1,32.85,3.36
2023-03-13,Delhi,S003,67,14.29,1,1,32.98,0.71
2023-03-20,Delhi,S003,47,16.08,0,1,30.92,2.88
2023-03-27,Delhi,S003,44,16.13,0,1,35.1,3.16
2023-04-03,Delhi,S003,43,16.27,0,0,33.75,3.83
2023-04-10,Delhi,S003,47,16.47,0,0,32.39,2.98
2023-04-17,Delhi,S003,50,16.08,0,0,32.37,0.21
2023-04-24,Delhi,S003,42,16.07,0,0,32.77,2.63
2023-05-01,Delhi,S003,33,16.44,0,0,33.57,1.59
2023-05-08,Delhi,S003,45,16.15,0,0,36.28,1.79
2023-05-15,Delhi,S003,34,16.03,0,0,33.71,3.7
2023-05-22,Delhi,S003,35,16.34,0,0,29.79,0.0
2023-05-29,Delhi,S003,37,16.13,0,0,33.77,0.0
2023-06-05,Delhi,S003,42,16.13,0,0,30.58,1.63
2023-06-12,Delhi,S003,41,14.48,1,0,31.21,2.3
2023-06-19,Delhi,S003,44,14.76,1,0,31.43,1.37
2023-06-26,Delhi,S003,34,14.48,1,0,27.31,0.98
2023-07-03,Delhi,S003,33,16.34,0,0,28.22,0.0
2023-07-10,Delhi,S003,24,16.51,0,0,29.15,0.99
2023-07-17,Delhi,S003,29,16.0,0,0,26.38,0.0
2023-07-24,Delhi,S003,27,16.18,0,0,23.83,0.44
2023-07-31,Delhi,S003,24,16.1,0,0,25.66,0.0
2023-08-07,Delhi,S003,33,16.26,0,1,26.09,0.0
2023-08-14,Delhi,S003,33,16.14,0,1,20.59,2.01
2023-08-21,Delhi,S003,28,16.11,0,0,22.65,0.86
2023-08-28,Delhi,S003,15,15.94,0,0,21.56,0.0
2023-09-04,Delhi,S003,30,16.29,0,0,24.32,0.78
2023-09-11,Delhi,S003,18,16.24,0,0,24.63,2.91
2023-09-18,Delhi,S003,19,15.94,0,0,21.45,0.98
2023-09-25,Delhi,S003,27,14.69,1,0,20.7,1.19
2023-10-02,Delhi,S003,24,14.61,1,0,24.88,3.2
2023-10-09,Delhi,S003,21,14.56,1,0,23.52,1.84
2023-10-16,Delhi,S003,23,16.08,0,1,22.2,5.13
2023-10-23,Delhi,S003,16,16.51,0,1,21.64,5.3
2023-10-30,Delhi,S003,18,16.21,0,1,20.81,2.76
2023-11-06,Delhi,S003,23,16.5,0,1,23.38,4.25
2023-11-13,Delhi,S003,19,16.21,0,1,24.22,2.62
2023-11-20,Delhi,S003,39,15.89,0,1,24.84,8.37
2023-11-27,Delhi,S003,39,14.52,1,0,24.31,5.51
2023-12-04,Delhi,S003,25,14.41,1,0,25.23,3.42
2023-12-11,Delhi,S003,30,15.99,0,0,26.26,3.88
2023-12-18,Delhi,S003,32,15.9,0,1,25.67,7.41
2023-12-25,Delhi,S003,41,16.12,0,1,25.92,6.58
2024-01-01,Delhi,S003,34,16.33,0,0,29.27,6.34
2024-01-08,Delhi,S003,40,16.34,0,0,26.42,5.58
2024-01-15,Delhi,S003,45,16.08,0,0,32.13,3.49
2024-01-22,Delhi,S003,36,16.14,0,0,29.46,5.15
2024-01-29,Delhi,S003,40,16.24,0,0,30.72,6.56
2024-02-05,Delhi,S003,37,16.1,0,0,33.57,5.15
2024-02-12,Delhi,S003,42,16.15,0,0,32.95,5.85
2024-02-19,Delhi,S003,47,16.25,0,0,32.95,4.32
2024-02-26,Delhi,S003,44,14.5,1,0,31.19,3.39
2024-03-04,Delhi,S003,57,14.78,1,1,31.93,4.78
2024-03-11,Delhi,S003,60,16.41,0,1,34.5,4.45
2024-03-18,Delhi,S003,59,16.26,0,1,32.75,5.89
2024-03-25,Delhi,S003,48,16.46,0,1,35.99,2.94
2024-04-01,Delhi,S003,46,15.93,0,0,32.52,3.16
2024-04-08,Delhi,S003,51,16.02,0,0,35.61,3.04
2024-04-15,Delhi,S003,47,16.48,0,0,34.41,2.03
2024-04-22,Delhi,S003,43,16.34,0,0,34.05,3.79
2024-04-29,Delhi,S003,60,14.51,1,0,32.7,1.78
2024-05-06,Delhi,S003,54,14.34,1,0,33.07,1.64
2024-05-13,Delhi,S003,43,16.36,0,0,30.12,0.0
2024-05-20,Delhi,S003,45,16.28,0,0,30.2,0.96
2024-05-27,Delhi,S003,36,16.42,0,0,31.99,0.0
2024-06-03,Delhi,S003,28,16.48,0,0,32.6,0.17
2024-06-10,Delhi,S003,27,16.03,0,0,29.91,0.0
2024-06-17,Delhi,S003,30,16.33,0,0,29.39,0.94
2024-06-24,Delhi,S003,33,16.46,0,0,29.47,0.0
2024-07-01,Delhi,S003,54,14.43,1,0,30.04,0.0
2024-07-08,Delhi,S003,42,14.48,1,0,27.15,0.0
2024-07-15,Delhi,S003,34,14.61,1,0,24.74,0.0
2024-07-22,Delhi,S003,26,16.21,0,0,24.51,0.29
2024-07-29,Delhi,S003,27,16.19,0,0,25.57,2.11
2024-08-05,Delhi,S003,50,16.26,0,1,24.8,0.0
2024-08-12,Delhi,S003,28,16.18,0,1,23.18,0.93
2024-08-19,Delhi,S003,33,16.12,0,0,23.4,2.77
2024-08-26,Delhi,S003,19,14.78,1,0,24.91,0.87
2024-09-02,Delhi,S003,21,14.5,1,0,21.61,0.0
2024-09-09,Delhi,S003,17,14.41,1,0,21.32,0.77
2024-09-16,Delhi,S003,19,16.26,0,0,21.39,2.75
2024-09-23,Delhi,S003,20,16.0,0,0,22.06,2.61
2024-09-30,Delhi,S003,16,16.12,0,0,22.05,2.85
2024-10-07,Delhi,S003,18,16.19,0,0,22.09,0.0
2024-10-14,Delhi,S003,23,16.38,0,1,21.52,3.59
2024-10-21,Delhi,S003,21,14.84,1,1,21.63,3.81
2024-10-28,Delhi,S003,32,14.41,1,1,23.49,3.68
2024-11-04,Delhi,S003,33,14.34,1,1,26.11,5.53
2024-11-11,Delhi,S003,34,16.45,0,1,23.25,4.74
2024-11-18,Delhi,S003,28,16.2,0,1,23.64,4.15
2024-11-25,Delhi,S003,27,16.03,0,0,24.2,5.81
2024-12-02,Delhi,S003,28,15.91,0,0,25.83,6.35
2024-12-09,Delhi,S003,38,16.46,0,0,25.21,4.11
2024-12-16,Delhi,S003,43,16.23,0,1,25.31,7.85
2024-12-23,Delhi,S003,36,16.31,0,1,28.37,6.42
2024-12-30,Delhi,S003,36,16.27,0,0,26.61,6.01
2025-01-06,Delhi,S003,31,16.08,0,0,26.59,5.32
2025-01-13,Delhi,S003,35,16.38,0,0,28.82,5.48
