data/panel_train.csv
week_start,market,sku_id,units,price,promo_flag,holiday_flag,temp_c,rain_mm
2023-01-02,Delhi,S004,32,21.66,0,0,26.73,5.89
2023-01-09,Delhi,S004,33,21.88,0,0,30.71,5.21
2023-01-16,Delhi,S004,31,21.53,0,0,28.52,5.39
2023-01-23,Delhi,S004,44,21.77,0,0,33.19,8.43
2023-01-30,Delhi,S004,30,22.27,0,0,32.04,6.12
2023-02-06,Delhi,S004,38,22.35,0,0,32.27,7.26
2023-02-13,Delhi,S004,37,21.87,0,0,30.33,6.66
2023-02-20,Delhi,S004,45,22.33,0,0,30.36,4.23
2023-02-27,Delhi,S004,52,21.58,0,0,34.05,2.99
2023-03-06,Delhi,S004,86,19.64,1,1,32.85,3.36
2023-03-13,Delhi,S004,79,19.63,1,1,32.98,0.71
2023-03-20,Delhi,S004,62,22.06,0,1,30.92,2.88
2023-03-27,Delhi,S004,60,21.93,0,1,35.1,3.16
2023-04-03,Delhi,S004,44,21.77,0,0,33.75,3.83
2023-04-10,Delhi,S004,44,22.03,0,0,32.39,2.98
2023-04-17,Delhi,S004,48,21.89,0,0,32.37,0.21
2023-04-24,Delhi,S004,53,21.64,0,0,32.77,2.63
2023-05-01,Delhi,S004,50,21.71,0,0,33.57,1.59
2023-05-08,Delhi,S004,54,19.68,1,0,36.28,1.79
2023-05-15,Delhi,S004,63,19.61,1,0,33.71,3.7
2023-05-22,Delhi,S004,29,21.62,0,0,29.79,0.0
2023-05-29,Delhi,S004,41,22.17,0,0,33.77,0.0
2023-06-05,Delhi,S004,42,22.31,0,0,30.58,1.63
2023-06-12,Delhi,S004,49,21.62,0,0,31.21,2.3
2023-06-19,Delhi,S004,36,22.28,0,0,31.43,1.37
2023-06-26,Delhi,S004,38,22.02,0,0,27.31,0.98
2023-07-03,Delhi,S004,30,21.53,0,0,28.22,0.0
2023-07-10,Delhi,S004,35,22.23,0,0,29.15,0.99
2023-07-17,Delhi,S004,42,19.91,1,0,26.38,0.0
2023-07-24,Delhi,S004,37,20.12,1,0,23.83,0.44
2023-07-31,Delhi,S004,23,21.8,0,0,25.66,0.0
2023-08-07,Delhi,S004,39,21.56,0,1,26.09,0.0
2023-08-14,Delhi,S004,34,22.17,0,1,20.59,2.01
2023-08-21,Delhi,S004,22,21.91,0,0,22.65,0.86
2023-08-28,Delhi,S004,30,20.06,1,0,21.56,0.0
2023-09-04,Delhi,S004,32,19.42,1,0,24.32,0.78
2023-09-11,Delhi,S004,25,19.86,1,0,24.63,2.91
2023-09-18,Delhi,S004,26,21.77,0,0,21.45,0.98
2023-09-25,Delhi,S004,17,22.13,0,0,20.7,1.19
2023-10-02,Delhi,S004,20,21.62,0,0,24.88,3.2
2023-10-09,Delhi,S004,17,22.36,0,0,23.52,1.84
2023-10-16,Delhi,S004,29,22.2,0,1,22.2,5.13
2023-10-23,Delhi,S004,29,21.98,0,1,21.64,5.3
2023-10-30,Delhi,S004,31,21.68,0,1,20.81,2.76
2023-11-06,Delhi,S004,29,22.3,0,1,23.38,4.25
2023-11-13,Delhi,S004,30,21.57,0,1,24.22,2.62
2023-11-20,Delhi,S004,22,21.84,0,1,24.84,8.37
2023-11-27,Delhi,S004,33,22.0,0,0,24.31,5.51
2023-12-04,Delhi,S004,27,22.22,0,0,25.23,3.42
2023-12-11,Delhi,S004,39,20.0,1,0,26.26,3.88
2023-12-18,Delhi,S004,47,19.53,1,1,25.67,7.41
2023-12-25,Delhi,S004,51,19.46,1,1,25.92,6.58
2024-01-01,Delhi,S004,42,22.07,0,0,29.27,6.34
2024-01-08,Delhi,S004,35,21.98,0,0,26.42,5.58
2024-01-15,Delhi,S004,57,22.01,0,0,32.13,3.49
2024-01-22,Delhi,S004,32,22.19,0,0,29.46,5.15
2024-01-29,Delhi,S004,35,21.81,0,0,30.72,6.56
2024-02-05,Delhi,S004,51,19.43,1,0,33.57,5.15
2024-02-12,Delhi,S004,57,20.09,1,0,32.95,5.85
2024-02-19,Delhi,S004,56,20.04,1,0,32.95,4.32
2024-02-26,Delhi,S004,43,22.16,0,0,31.19,3.39
2024-03-04,Delhi,S004,54,21.86,0,1,31.93,4.78
2024-03-11,Delhi,S004,61,22.22,0,1,34.5,4.45
2024-03-18,Delhi,S004,74,22.18,0,1,32.75,5.89
2024-03-25,Delhi,S004,61,21.53,0,1,35.99,2.94
2024-04-01,Delhi,S004,52,21.66,0,0,32.52,3.16
2024-04-08,Delhi,S004,50,22.09,0,0,35.61,3.04
2024-04-15,Delhi,S004,39,21.66,0,0,34.41,2.03
2024-04-22,Delhi,S004,52,22.36,0,0,34.05,3.79
2024-04-29,Delhi,S004,50,21.67,0,0,32.7,1.78
2024-05-06,Delhi,S004,48,22.01,0,0,33.07,1.64
2024-05-13,Delhi,S004,48,22.29,0,0,30.12,0.0
2024-05-20,Delhi,S004,53,21.72,0,0,30.2,0.96
2024-05-27,Delhi,S004,41,21.87,0,0,31.99,0.0
2024-06-03,Delhi,S004,46,22.03,0,0,32.6,0.17
2024-06-10,Delhi,S004,40,22.02,0,0,29.91,0.0
2024-06-17,Delhi,S004,41,21.58,0,0,29.39,0.94
2024-06-24,Delhi,S004,32,21.94,0,0,29.47,0.0
2024-07-01,Delhi,S004,46,21.53,0,0,30.04,0.0
2024-07-08,Delhi,S004,32,21.72,0,0,27.15,0.0
2024-07-15,Delhi,S004,26,21.54,0,0,24.74,0.0
2024-07-22,Delhi,S004,34,21.89,0,0,24.51,0.29
2024-07-29,Delhi,S004,36,21.94,0,0,25.57,2.11
2024-08-05,Delhi,S004,31,22.22,0,1,24.8,0.0
2024-08-12,Delhi,S004,38,21.9,0,1,23.18,0.93
2024-08-19,Delhi,S004,26,22.36,0,0,23.4,2.77
2024-08-26,Delhi,S004,20,22.17,0,0,24.91,0.87
2024-09-02,Delhi,S004,22,21.57,0,0,21.61,0.0
2024-09-09,Delhi,S004,27,21.89,0,0,21.32,0.77
2024-09-16,Delhi,S004,20,22.35,0,0,21.39,2.75
2024-09-23,Delhi,S004,25,21.89,0,0,22.06,2.61
2024-09-30,Delhi,S004,16,21.86,0,0,22.05,2.85
2024-10-07,Delhi,S004,26,22.07,0,0,22.09,0.0
2024-10-14,Delhi,S004,31,22.04,0,1,21.52,3.59
2024-10-21,Delhi,S004,29,21.64,0,1,21.63,3.81
2024-10-28,Delhi,S004,22,21.92,0,1,23.49,3.68
2024-11-04,Delhi,S004,40,22.22,0,1,26.11,5.53
2024-11-11,Delhi,S004,26,21.58,0,1,23.25,4.74
2024-11-18,Delhi,S004,33,22.24,0,1,23.64,4.15
2024-11-25,Delhi,S004,28,22.0,0,0,24.2,5.81
2024-12-02,Delhi,S004,31,22.16,0,0,25.83,6.35
2024-12-09,Delhi,S004,45,22.15,0,0,25.21,4.11
2024-12-16,Delhi,S004,40,21.55,0,1,25.31,7.85
2024-12-23,Delhi,S004,40,21.63,0,1,28.37,6.42
2024-12-30,Delhi,S004,35,21.97,0,0,26.61,6.01
2025-01-06,Delhi,S004,33,21.82,0,0,26.59,5.32
2025-01-13,Delhi,S004,47,22.24,0,0,28.82,5.48
2023-01-02,Delhi,S005,32,15.52,0,0,26.73,5.89
2023-01-09,Delhi,S005,40,15.28,0,0,30.71,5.21
2023-01-16,Delhi,S005,37,15.22,0,0,28.52,5.39
2023-01-23,Delhi,S005,35,15.54,0,0,33.19,8.43
2023-01-30,Delhi,S005,53,15.41,0,0,32.04,6.12
2023-02-06,Delhi,S005,67,13.94,1,0,32.27,7.26
2023-02-13,Delhi,S005,37,13.79,1,0,30.33,6.66
2023-02-20,Delhi,S005,53,13.98,1,0,30.36,4.23
2023-02-27,Delhi,S005,56,15.11,0,0,34.05,2.99
2023-03-06,Delhi,S005,70,15.23,0,1,32.85,3.36
2023-03-13,Delhi,S005,58,15.14,0,1,32.98,0.71
2023-03-20,Delhi,S005,60,15.41,0,1,30.92,2.88
2023-03-27,Delhi,S005,58,15.25,0,1,35.1,3.16
2023-04-03,Delhi,S005,53,14.96,0,0,33.75,3.83
2023-04-10,Delhi,S005,52,15.49,0,0,32.39,2.98
2023-04-17,Delhi,S005,60,15.33,0,0,32.37,0.21
2023-04-24,Delhi,S005,50,15.52,0,0,32.77,2.63
2023-05-01,Delhi,S005,53,15.22,0,0,33.57,1.59
2023-05-08,Delhi,S005,56,14.95,0,0,36.28,1.79
2023-05-15,Delhi,S005,45,15.25,0,0,33.71,3.7
2023-05-22,Delhi,S005,54,14.97,0,0,29.79,0.0
2023-05-29,Delhi,S005,52,15.31,0,0,33.77,0.0
2023-06-05,Delhi,S005,52,15.5,0,0,30.58,1.63
2023-06-12,Delhi,S005,50,15.46,0,0,31.21,2.3
2023-06-19,Delhi,S005,52,15.07,0,0,31.43,1.37
2023-06-26,Delhi,S005,32,15.48,0,0,27.31,0.98
2023-07-03,Delhi,S005,50,13.83,1,0,28.22,0.0
2023-07-10,Delhi,S005,39,13.63,1,0,29.15,0.99
2023-07-17,Delhi,S005,40,13.89,1,0,26.38,0.0
2023-07-24,Delhi,S005,45,15.15,0,0,23.83,0.44
2023-07-31,Delhi,S005,45,14.99,0,0,25.66,0.0
2023-08-07,Delhi,S005,38,15.22,0,1,26.09,0.0
2023-08-14,Delhi,S005,32,15.18,0,1,20.59,2.01
2023-08-21,Delhi,S005,28,15.02,0,0,22.65,0.86
2023-08-28,Delhi,S005,27,15.38,0,0,21.56,0.0
2023-09-04,Delhi,S005,35,13.83,1,0,24.32,0.78
2023-09-11,Delhi,S005,28,13.69,1,0,24.63,2.91
2023-09-18,Delhi,S005,36,13.67,1,0,21.45,0.98
2023-09-25,Delhi,S005,27,15.26,0,0,20.7,1.19
2023-10-02,Delhi,S005,34,15.31,0,0,24.88,3.2
2023-10-09,Delhi,S005,22,15.3,0,0,23.52,1.84
2023-10-16,Delhi,S005,38,14.99,0,1,22.2,5.13
2023-10-23,Delhi,S005,41,15.42,0,1,21.64,5.3
2023-10-30,Delhi,S005,30,15.4,0,1,20.81,2.76
2023-11-06,Delhi,S005,30,15.32,0,1,23.38,4.25
2023-11-13,Delhi,S005,47,13.77,1,1,24.22,2.62
2023-11-20,Delhi,S005,40,13.51,1,1,24.84,8.37
2023-11-27,Delhi,S005,46,13.65,1,0,24.31,5.51
2023-12-04,Delhi,S005,40,15.48,0,0,25.23,3.42
2023-12-11,Delhi,S005,30,15.12,0,0,26.26,3.88
2023-12-18,Delhi,S005,41,15.54,0,1,25.67,7.41
2023-12-25,Delhi,S005,43,15.11,0,1,25.92,6.58
2024-01-01,Delhi,S005,42,15.35,0,0,29.27,6.34
2024-01-08,Delhi,S005,55,13.8,1,0,26.42,5.58
2024-01-15,Delhi,S005,68,13.98,1,0,32.13,3.49
2024-01-22,Delhi,S005,62,13.47,1,0,29.46,5.15
2024-01-29,Delhi,S005,54,15.2,0,0,30.72,6.56
2024-02-05,Delhi,S005,42,15.11,0,0,33.57,5.15
2024-02-12,Delhi,S005,56,15.26,0,0,32.95,5.85
2024-02-19,Delhi,S005,64,15.28,0,0,32.95,4.32
2024-02-26,Delhi,S005,55,15.29,0,0,31.19,3.39
2024-03-04,Delhi,S005,68,15.44,0,1,31.93,4.78
2024-03-11,Delhi,S005,68,15.53,0,1,34.5,4.45
2024-03-18,Delhi,S005,67,15.25,0,1,32.75,5.89
2024-03-25,Delhi,S005,76,15.16,0,1,35.99,2.94
2024-04-01,Delhi,S005,45,15.48,0,0,32.52,3.16
2024-04-08,Delhi,S005,72,15.18,0,0,35.61,3.04
2024-04-15,Delhi,S005,85,13.57,1,0,34.41,2.03
2024-04-22,Delhi,S005,66,13.52,1,0,34.05,3.79
2024-04-29,Delhi,S005,67,14.96,0,0,32.7,1.78
2024-05-06,Delhi,S005,52,14.95,0,0,33.07,1.64
2024-05-13,Delhi,S005,41,15.2,0,0,30.12,0.0
2024-05-20,Delhi,S005,62,15.15,0,0,30.2,0.96
2024-05-27,Delhi,S005,65,15.49,0,0,31.99,0.0
2024-06-03,Delhi,S005,59,15.36,0,0,32.6,0.17
2024-06-10,Delhi,S005,61,15.44,0,0,29.91,0.0
2024-06-17,Delhi,S005,54,15.14,0,0,29.39,0.94
2024-06-24,Delhi,S005,43,15.2,0,0,29.47,0.0
2024-07-01,Delhi,S005,42,15.03,0,0,30.04,0.0
2024-07-08,Delhi,S005,48,13.97,1,0,27.15,0.0
2024-07-15,Delhi,S005,43,13.45,1,0,24.74,0.0
2024-07-22,Delhi,S005,46,13.63,1,0,24.51,0.29
2024-07-29,Delhi,S005,29,15.24,0,0,25.57,2.11
2024-08-05,Delhi,S005,41,15.12,0,1,24.8,0.0
2024-08-12,Delhi,S005,39,15.16,0,1,23.18,0.93
2024-08-19,Delhi,S005,24,15.17,0,0,23.4,2.77
2024-08-26,Delhi,S005,40,13.67,1,0,24.91,0.87
2024-09-02,Delhi,S005,39,13.91,1,0,21.61,0.0
2024-09-09,Delhi,S005,39,13.73,1,0,21.32,0.77
2024-09-16,Delhi,S005,30,15.46,0,0,21.39,2.75
2024-09-23,Delhi,S005,28,15.54,0,0,22.06,2.61
2024-09-30,Delhi,S005,18,15.14,0,0,22.05,2.85
2024-10-07,Delhi,S005,36,15.34,0,0,22.09,0.0
2024-10-14,Delhi,S005,39,15.35,0,1,21.52,3.59
2024-10-21,Delhi,S005,24,15.29,0,1,21.63,3.81
2024-10-28,Delhi,S005,37,15.51,0,1,23.49,3.68
2024-11-04,Delhi,S005,56,13.66,1,1,26.11,5.53
2024-11-11,Delhi,S005,43,13.48,1,1,23.25,4.74
2024-11-18,Delhi,S005,43,15.29,0,1,23.64,4.15
2024-11-25,Delhi,S005,31,15.32,0,0,24.2,5.81
2024-12-02,Delhi,S005,40,15.42,0,0,25.83,6.35
2024-12-09,Delhi,S005,25,15.09,0,0,25.21,4.11
2024-12-16,Delhi,S005,41,14.96,0,1,25.31,7.85
2024-12-23,Delhi,S005,46,15.42,0,1,28.37,6.42
2024-12-30,Delhi,S005,48,15.33,0,0,26.61,6.01
2025-01-06,Delhi,S005,42,15.45,0,0,26.59,5.32
2025-01-13,Delhi,S005,58,13.98,1,0,28.82,5.48
2023-01-02,Delhi,S006,37,16.56,0,0,26.73,5.89
2023-01-09,Delhi,S006,45,16.43,0,0,30.71,5.21
2023-01-16,Delhi,S006,50,16.51,0,0,28.52,5.39
2023-01-23,Delhi,S006,50,16.5,0,0,33.19,8.43
2023-01-30,Delhi,S006,77,14.99,1,0,32.04,6.12
2023-02-06,Delhi,S006,70,14.84,1,0,32.27,7.26
2023-02-13,Delhi,S006,62,16.46,0,0,30.33,6.66
2023-02-20,Delhi,S006,52,16.78,0,0,30.36,4.23
2023-02-27,Delhi,S006,57,16.4,0,0,34.05,2.99
2023-03-06,Delhi,S006,58,16.7,0,1,32.85,3.36
2023-03-13,Delhi,S006,80,16.73,0,1,32.98,0.71
2023-03-20,Delhi,S006,63,16.7,0,1,30.92,2.88
2023-03-27,Delhi,S006,82,16.74,0,1,35.1,3.16
2023-04-03,Delhi,S006,52,16.47,0,0,33.75,3.83
2023-04-10,Delhi,S006,58,16.61,0,0,32.39,2.98
2023-04-17,Delhi,S006,65,17.01,0,0,32.37,0.21
2023-04-24,Delhi,S006,79,16.89,0,0,32.77,2.63
2023-05-01,Delhi,S006,64,14.79,1,0,33.57,1.59
2023-05-08,Delhi,S006,72,15.06,1,0,36.28,1.79
2023-05-15,Delhi,S006,71,14.82,1,0,33.71,3.7
2023-05-22,Delhi,S006,62,16.76,0,0,29.79,0.0
2023-05-29,Delhi,S006,50,16.51,0,0,33.77,0.0
2023-06-05,Delhi,S006,64,16.93,0,0,30.58,1.63
2023-06-12,Delhi,S006,50,16.81,0,0,31.21,2.3
2023-06-19,Delhi,S006,48,16.36,0,0,31.43,1.37
2023-06-26,Delhi,S006,63,15.13,1,0,27.31,0.98
2023-07-03,Delhi,S006,46,14.86,1,0,28.22,0.0
2023-07-10,Delhi,S006,57,15.08,1,0,29.15,0.99
2023-07-17,Delhi,S006,30,16.4,0,0,26.38,0.0
2023-07-24,Delhi,S006,40,16.88,0,0,23.83,0.44
2023-07-31,Delhi,S006,40,16.76,0,0,25.66,0.0
2023-08-07,Delhi,S006,28,16.42,0,1,26.09,0.0
2023-08-14,Delhi,S006,48,16.56,0,1,20.59,2.01
2023-08-21,Delhi,S006,31,16.74,0,0,22.65,0.86
2023-08-28,Delhi,S006,31,16.74,0,0,21.56,0.0
2023-09-04,Delhi,S006,24,16.63,0,0,24.32,0.78
2023-09-11,Delhi,S006,30,16.82,0,0,24.63,2.91
2023-09-18,Delhi,S006,27,16.95,0,0,21.45,0.98
2023-09-25,Delhi,S006,32,15.14,1,0,20.7,1.19
2023-10-02,Delhi,S006,38,15.25,1,0,24.88,3.2
2023-10-09,Delhi,S006,27,16.48,0,0,23.52,1.84
2023-10-16,Delhi,S006,31,16.91,0,1,22.2,5.13
2023-10-23,Delhi,S006,41,16.57,0,1,21.64,5.3
2023-10-30,Delhi,S006,38,16.74,0,1,20.81,2.76
2023-11-06,Delhi,S006,31,16.71,0,1,23.38,4.25
2023-11-13,Delhi,S006,40,16.9,0,1,24.22,2.62
2023-11-20,Delhi,S006,40,16.78,0,1,24.84,8.37
2023-11-27,Delhi,S006,44,14.89,1,0,24.31,5.51
2023-12-04,Delhi,S006,52,14.91,1,0,25.23,3.42
2023-12-11,Delhi,S006,27,16.8,0,0,26.26,3.88
2023-12-18,Delhi,S006,53,16.37,0,1,25.67,7.41
2023-12-25,Delhi,S006,48,16.63,0,1,25.92,6.58
2024-01-01,Delhi,S006,42,16.49,0,0,29.27,6.34
2024-01-08,Delhi,S006,36,16.42,0,0,26.42,5.58
2024-01-15,Delhi,S006,61,14.88,1,0,32.13,3.49
2024-01-22,Delhi,S006,65,15.02,1,0,29.46,5.15
2024-01-29,Delhi,S006,51,16.36,0,0,30.72,6.56
2024-02-05,Delhi,S006,57,16.8,0,0,33.57,5.15
2024-02-12,Delhi,S006,40,16.52,0,0,32.95,5.85
2024-02-19,Delhi,S006,60,16.94,0,0,32.95,4.32
2024-02-26,Delhi,S006,68,16.97,0,0,31.19,3.39
2024-03-04,Delhi,S006,64,16.49,0,1,31.93,4.78
2024-03-11,Delhi,S006,91,16.64,0,1,34.5,4.45
2024-03-18,Delhi,S006,78,16.94,0,1,32.75,5.89
2024-03-25,Delhi,S006,88,16.76,0,1,35.99,2.94
2024-04-01,Delhi,S006,64,16.4,0,0,32.52,3.16
2024-04-08,Delhi,S006,81,15.18,1,0,35.61,3.04
2024-04-15,Delhi,S006,86,14.82,1,0,34.41,2.03
2024-04-22,Delhi,S006,49,16.65,0,0,34.05,3.79
2024-04-29,Delhi,S006,60,16.99,0,0,32.7,1.78
2024-05-06,Delhi,S006,61,17.01,0,0,33.07,1.64
2024-05-13,Delhi,S006,88,15.12,1,0,30.12,0.0
2024-05-20,Delhi,S006,75,15.2,1,0,30.2,0.96
2024-05-27,Delhi,S006,90,15.15,1,0,31.99,0.0
2024-06-03,Delhi,S006,65,16.38,0,0,32.6,0.17
2024-06-10,Delhi,S006,46,16.91,0,0,29.91,0.0
2024-06-17,Delhi,S006,40,16.59,0,0,29.39,0.94
2024-06-24,Delhi,S006,41,16.66,0,0,29.47,0.0
2024-07-01,Delhi,S006,48,16.9,0,0,30.04,0.0
2024-07-08,Delhi,S006,38,16.75,0,0,27.15,0.0
2024-07-15,Delhi,S006,62,14.95,1,0,24.74,0.0
2024-07-22,Delhi,S006,44,15.31,1,0,24.51,0.29
2024-07-29,Delhi,S006,54,15.04,1,0,25.57,2.11
2024-08-05,Delhi,S006,38,16.41,0,1,24.8,0.0
2024-08-12,Delhi,S006,46,16.52,0,1,23.18,0.93
2024-08-19,Delhi,S006,29,16.82,0,0,23.4,2.77
2024-08-26,Delhi,S006,31,16.95,0,0,24.91,0.87
2024-09-02,Delhi,S006,35,16.64,0,0,21.61,0.0
2024-09-09,Delhi,S006,42,16.88,0,0,21.32,0.77
2024-09-16,Delhi,S006,37,16.75,0,0,21.39,2.75
2024-09-23,Delhi,S006,31,14.79,1,0,22.06,2.61
2024-09-30,Delhi,S006,46,14.92,1,0,22.05,2.85
2024-10-07,Delhi,S006,36,14.94,1,0,22.09,0.0
2024-10-14,Delhi,S006,33,16.77,0,1,21.52,3.59
2024-10-21,Delhi,S006,36,16.66,0,1,21.63,3.81
2024-10-28,Delhi,S006,31,16.46,0,1,23.49,3.68
2024-11-04,Delhi,S006,36,16.84,0,1,26.11,5.53
2024-11-11,Delhi,S006,45,16.56,0,1,23.25,4.74
2024-11-18,Delhi,S006,41,17.0,0,1,23.64,4.15
2024-11-25,Delhi,S006,39,16.44,0,0,24.2,5.81
2024-12-02,Delhi,S006,41,16.63,0,0,25.83,6.35
2024-12-09,Delhi,S006,38,16.38,0,0,25.21,4.11
2024-12-16,Delhi,S006,42,16.8,0,1,25.31,7.85
2024-12-23,Delhi,S006,63,16.56,0,1,28.37,6.42
2024-12-30,Delhi,S006,40,17.01,0,0,26.61,6.01
2025-01-06,Delhi,S006,49,16.5,0,0,26.59,5.32
2025-01-13,Delhi,S006,50,16.47,0,0,28.82,5.48
