data/panel_train.csv
week_start,market,sku_id,units,price,promo_flag,holiday_flag,temp_c,rain_mm
2023-01-02,Hyderabad,S001,46,9.94,0,0,27.31,4.86
2023-01-09,Hyderabad,S001,48,10.16,0,0,25.38,5.39
2023-01-16,Hyderabad,S001,38,10.11,0,0,26.07,7.17
2023-01-23,Hyderabad,S001,51,9.85,0,0,26.98,6.49
2023-01-30,Hyderabad,S001,70,10.16,0,0,29.75,7.27
2023-02-06,Hyderabad,S001,47,10.0,0,0,27.73,6.24
2023-02-13,Hyderabad,S001,56,9.88,0,0,30.02,6.72
2023-02-20,Hyderabad,S001,62,10.12,0,0,28.59,3.6
2023-02-27,Hyderabad,S001,57,9.96,0,0,27.89,5.62
2023-03-06,Hyderabad,S001,88,8.93,1,1,27.37,4.96
2023-03-13,Hyderabad,S001,108,8.83,1,1,29.66,6.01
2023-03-20,Hyderabad,S001,90,9.81,0,1,28.58,2.14
2023-03-27,Hyderabad,S001,66,9.85,0,1,30.06,4.87
2023-04-03,Hyderabad,S001,69,10.02,0,0,32.34,2.65
2023-04-10,Hyderabad,S001,61,10.04,0,0,31.39,2.05
2023-04-17,Hyderabad,S001,61,9.8,0,0,29.44,3.71
2023-04-24,Hyderabad,S001,70,9.93,0,0,31.42,1.48
2023-05-01,Hyderabad,S001,56,10.03,0,0,30.76,0.11
2023-05-08,Hyderabad,S001,65,9.96,0,0,29.37,0.68
2023-05-15,Hyderabad,S001,63,9.82,0,0,28.01,0.22
2023-05-22,Hyderabad,S001,85,9.14,1,0,29.54,2.16
2023-05-29,Hyderabad,S001,65,9.14,1,0,27.1,1.73
2023-06-05,Hyderabad,S001,66,8.97,1,0,27.91,0.93
2023-06-12,Hyderabad,S001,55,10.15,0,0,30.1,0.0
2023-06-19,Hyderabad,S001,43,10.16,0,0,26.19,0.37
2023-06-26,Hyderabad,S001,45,10.04,0,0,24.9,0.96
2023-07-03,Hyderabad,S001,48,9.88,0,0,24.29,0.0
2023-07-10,Hyderabad,S001,34,9.84,0,0,24.2,2.19
2023-07-17,Hyderabad,S001,51,9.86,0,0,24.71,1.08
2023-07-24,Hyderabad,S001,31,9.77,0,0,21.5,1.16
2023-07-31,Hyderabad,S001,44,8.93,1,0,23.57,2.52
2023-08-07,Hyderabad,S001,48,8.93,1,1,21.86,0.84
2023-08-14,Hyderabad,S001,42,9.85,0,1,20.45,2.43
2023-08-21,Hyderabad,S001,29,9.97,0,0,21.27,0.0
2023-08-28,Hyderabad,S001,37,10.09,0,0,20.78,2.89
2023-09-04,Hyderabad,S001,23,9.84,0,0,18.09,1.43
2023-09-11,Hyderabad,S001,27,10.06,0,0,17.99,1.86
2023-09-18,Hyderabad,S001,19,10.07,0,0,16.78,3.4
2023-09-25,Hyderabad,S001,28,10.1,0,0,17.6,3.3
2023-10-02,Hyderabad,S001,39,10.05,0,0,17.99,4.05
2023-10-09,Hyderabad,S001,27,10.15,0,0,17.26,4.4
2023-10-16,Hyderabad,S001,34,9.92,0,1,19.49,5.46
2023-10-23,Hyderabad,S001,24,10.09,0,1,22.07,2.3
2023-10-30,Hyderabad,S001,37,9.84,0,1,19.9,4.29
2023-11-06,Hyderabad,S001,48,9.97,0,1,16.91,6.46
2023-11-13,Hyderabad,S001,41,9.82,0,1,22.24,5.26
2023-11-20,Hyderabad,S001,43,8.97,1,1,21.07,5.91
2023-11-27,Hyderabad,S001,43,9.13,1,0,21.98,7.27
2023-12-04,Hyderabad,S001,45,9.08,1,0,22.46,6.82
2023-12-11,Hyderabad,S001,38,10.05,0,0,24.5,6.35
2023-12-18,Hyderabad,S001,52,10.05,0,1,24.68,5.67
2023-12-25,Hyderabad,S001,53,9.9,0,1,26.42,7.61
2024-01-01,Hyderabad,S001,45,10.09,0,0,24.13,4.21
2024-01-08,Hyderabad,S001,53,9.94,0,0,25.46,5.3
2024-01-15,Hyderabad,S001,39,9.79,0,0,26.62,8.4
2024-01-22,Hyderabad,S001,62,9.81,0,0,27.1,6.34
2024-01-29,Hyderabad,S001,50,10.05,0,0,28.03,6.74
2024-02-05,Hyderabad,S001,49,9.91,0,0,24.6,6.5
2024-02-12,Hyderabad,S001,51,9.87,0,0,29.64,5.68
2024-02-19,Hyderabad,S001,56,10.16,0,0,30.69,5.58
2024-02-26,Hyderabad,S001,86,8.83,1,0,30.82,8.18
2024-03-04,Hyderabad,S001,87,8.93,1,1,29.9,2.81
2024-03-11,Hyderabad,S001,93,8.97,1,1,29.84,2.74
2024-03-18,Hyderabad,S001,69,10.03,0,1,31.48,6.03
2024-03-25,Hyderabad,S001,79,10.04,0,1,31.73,4.49
2024-04-01,Hyderabad,S001,54,9.85,0,0,29.77,5.64
2024-04-08,Hyderabad,S001,68,10.05,0,0,31.82,3.72
2024-04-15,Hyderabad,S001,46,10.03,0,0,30.87,3.16
2024-04-22,Hyderabad,S001,85,10.12,0,0,31.02,1.95
2024-04-29,Hyderabad,S001,55,10.04,0,0,32.33,2.53
2024-05-06,Hyderabad,S001,67,9.88,0,0,30.57,1.52
2024-05-13,Hyderabad,S001,60,10.04,0,0,29.79,0.0
2024-05-20,Hyderabad,S001,67,10.06,0,0,27.03,1.46
2024-05-27,Hyderabad,S001,46,9.77,0,0,26.16,4.2
2024-06-03,Hyderabad,S001,76,10.02,0,0,25.02,1.5
2024-06-10,Hyderabad,S001,49,10.1,0,0,29.34,1.52
2024-06-17,Hyderabad,S001,51,9.82,0,0,25.7,0.17
2024-06-24,Hyderabad,S001,56,10.14,0,0,26.47,0.0
2024-07-01,Hyderabad,S001,38,9.91,0,0,24.55,1.57
2024-07-08,Hyderabad,S001,45,9.83,0,0,23.55,0.87
2024-07-15,Hyderabad,S001,44,10.03,0,0,22.84,0.0
2024-07-22,Hyderabad,S001,34,10.16,0,0,24.39,2.61
2024-07-29,Hyderabad,S001,38,9.92,0,0,21.47,0.77
2024-08-05,Hyderabad,S001,51,9.93,0,1,21.06,1.92
2024-08-12,Hyderabad,S001,35,10.16,0,1,19.4,1.39
2024-08-19,Hyderabad,S001,30,9.9,0,0,20.64,2.53
2024-08-26,Hyderabad,S001,33,10.14,0,0,15.62,2.52
2024-09-02,Hyderabad,S001,27,9.82,0,0,19.94,3.56
2024-09-09,Hyderabad,S001,22,10.06,0,0,18.33,2.06
2024-09-16,Hyderabad,S001,27,8.84,1,0,20.71,1.15
2024-09-23,Hyderabad,S001,35,9.13,1,0,21.22,6.45
2024-09-30,Hyderabad,S001,31,8.98,1,0,19.45,4.72
2024-10-07,Hyderabad,S001,28,10.08,0,0,16.54,3.27
2024-10-14,Hyderabad,S001,40,10.02,0,1,20.49,4.9
2024-10-21,Hyderabad,S001,38,10.08,0,1,18.85,5.09
2024-10-28,Hyderabad,S001,39,9.98,0,1,20.18,4.79
2024-11-04,Hyderabad,S001,52,10.02,0,1,19.75,5.41
2024-11-11,Hyderabad,S001,45,9.87,0,1,18.66,6.12
2024-11-18,Hyderabad,S001,36,9.97,0,1,23.46,8.07
2024-11-25,Hyderabad,S001,41,9.77,0,0,19.11,6.9
2024-12-02,Hyderabad,S001,42,10.08,0,0,22.96,5.91
2024-12-09,Hyderabad,S001,49,10.15,0,0,21.16,4.96
2024-12-16,Hyderabad,S001,39,10.03,0,1,22.63,7.08
2024-12-23,Hyderabad,S001,56,10.14,0,1,23.77,5.99
2024-12-30,Hyderabad,S001,55,9.79,0,0,22.86,7.17
2025-01-06,Hyderabad,S001,59,10.12,0,0,27.06,5.61
2025-01-13,Hyderabad,S001,52,9.91,0,0,26.84,4.4
2023-01-02,Hyderabad,S002,41,6.48,0,0,27.31,4.86
2023-01-09,Hyderabad,S002,51,6.33,0,0,25.38,5.39
2023-01-16,Hyderabad,S002,66,6.47,0,0,26.07,7.17
2023-01-23,Hyderabad,S002,59,6.37,0,0,26.98,6.49
2023-01-30,Hyderabad,S002,67,6.5,0,0,29.75,7.27
2023-02-06,Hyderabad,S002,57,6.38,0,0,27.73,6.24
2023-02-13,Hyderabad,S002,80,6.39,0,0,30.02,6.72
2023-02-20,Hyderabad,S002,57,6.52,0,0,28.59,3.6
2023-02-27,Hyderabad,S002,54,6.47,0,0,27.89,5.62
2023-03-06,Hyderabad,S002,108,5.9,1,1,27.37,4.96
2023-03-13,Hyderabad,S002,114,5.77,1,1,29.66,6.01
2023-03-20,Hyderabad,S002,102,5.81,1,1,28.58,2.14
2023-03-27,Hyderabad,S002,85,6.31,0,1,30.06,4.87
2023-04-03,Hyderabad,S002,69,6.41,0,0,32.34,2.65
2023-04-10,Hyderabad,S002,67,6.31,0,0,31.39,2.05
2023-04-17,Hyderabad,S002,89,5.83,1,0,29.44,3.71
2023-04-24,Hyderabad,S002,101,5.68,1,0,31.42,1.48
2023-05-01,Hyderabad,S002,82,6.37,0,0,30.76,0.11
2023-05-08,Hyderabad,S002,76,6.43,0,0,29.37,0.68
2023-05-15,Hyderabad,S002,61,6.32,0,0,28.01,0.22
2023-05-22,Hyderabad,S002,64,6.31,0,0,29.54,2.16
2023-05-29,Hyderabad,S002,53,6.52,0,0,27.1,1.73
2023-06-05,Hyderabad,S002,49,6.36,0,0,27.91,0.93
2023-06-12,Hyderabad,S002,58,6.38,0,0,30.1,0.0
2023-06-19,Hyderabad,S002,59,6.54,0,0,26.19,0.37
2023-06-26,Hyderabad,S002,59,6.46,0,0,24.9,0.96
2023-07-03,Hyderabad,S002,54,6.55,0,0,24.29,0.0
2023-07-10,Hyderabad,S002,52,5.88,1,0,24.2,2.19
2023-07-17,Hyderabad,S002,66,5.81,1,0,24.71,1.08
2023-07-24,Hyderabad,S002,40,6.51,0,0,21.5,1.16
2023-07-31,Hyderabad,S002,44,6.32,0,0,23.57,2.52
2023-08-07,Hyderabad,S002,35,6.39,0,1,21.86,0.84
2023-08-14,Hyderabad,S002,52,6.37,0,1,20.45,2.43
2023-08-21,Hyderabad,S002,44,6.46,0,0,21.27,0.0
2023-08-28,Hyderabad,S002,30,6.55,0,0,20.78,2.89
2023-09-04,Hyderabad,S002,28,6.54,0,0,18.09,1.43
2023-09-11,Hyderabad,S002,44,5.82,1,0,17.99,1.86
2023-09-18,Hyderabad,S002,50,5.86,1,0,16.78,3.4
2023-09-25,Hyderabad,S002,30,6.42,0,0,17.6,3.3
2023-10-02,Hyderabad,S002,31,6.44,0,0,17.99,4.05
2023-10-09,Hyderabad,S002,39,6.42,0,0,17.26,4.4
2023-10-16,Hyderabad,S002,40,6.43,0,1,19.49,5.46
2023-10-23,Hyderabad,S002,46,6.33,0,1,22.07,2.3
2023-10-30,Hyderabad,S002,54,6.32,0,1,19.9,4.29
2023-11-06,Hyderabad,S002,47,6.35,0,1,16.91,6.46
2023-11-13,Hyderabad,S002,46,6.37,0,1,22.24,5.26
2023-11-20,Hyderabad,S002,49,6.47,0,1,21.07,5.91
2023-11-27,Hyderabad,S002,38,6.32,0,0,21.98,7.27
2023-12-04,Hyderabad,S002,50,6.37,0,0,22.46,6.82
2023-12-11,Hyderabad,S002,52,6.36,0,0,24.5,6.35
2023-12-18,Hyderabad,S002,62,6.56,0,1,24.68,5.67
2023-12-25,Hyderabad,S002,60,6.36,0,1,26.42,7.61
2024-01-01,Hyderabad,S002,47,6.4,0,0,24.13,4.21
2024-01-08,Hyderabad,S002,44,6.49,0,0,25.46,5.3
2024-01-15,Hyderabad,S002,68,6.5,0,0,26.62,8.4
2024-01-22,Hyderabad,S002,56,6.56,0,0,27.1,6.34
2024-01-29,Hyderabad,S002,52,6.47,0,0,28.03,6.74
2024-02-05,Hyderabad,S002,82,5.73,1,0,24.6,6.5
2024-02-12,Hyderabad,S002,88,5.72,1,0,29.64,5.68
2024-02-19,Hyderabad,S002,103,5.84,1,0,30.69,5.58
2024-02-26,Hyderabad,S002,66,6.44,0,0,30.82,8.18
2024-03-04,Hyderabad,S002,76,6.42,0,1,29.9,2.81
2024-03-11,Hyderabad,S002,95,6.48,0,1,29.84,2.74
2024-03-18,Hyderabad,S002,74,6.52,0,1,31.48,6.03
2024-03-25,Hyderabad,S002,86,6.33,0,1,31.73,4.49
2024-04-01,Hyderabad,S002,69,6.36,0,0,29.77,5.64
2024-04-08,Hyderabad,S002,70,6.37,0,0,31.82,3.72
2024-04-15,Hyderabad,S002,66,6.43,0,0,30.87,3.16
2024-04-22,Hyderabad,S002,76,6.51,0,0,31.02,1.95
2024-04-29,Hyderabad,S002,70,6.34,0,0,32.33,2.53
2024-05-06,Hyderabad,S002,108,5.84,1,0,30.57,1.52
2024-05-13,Hyderabad,S002,84,5.68,1,0,29.79,0.0
2024-05-20,Hyderabad,S002,81,5.82,1,0,27.03,1.46
2024-05-27,Hyderabad,S002,82,6.39,0,0,26.16,4.2
2024-06-03,Hyderabad,S002,49,6.37,0,0,25.02,1.5
2024-06-10,Hyderabad,S002,60,6.52,0,0,29.34,1.52
2024-06-17,Hyderabad,S002,52,6.35,0,0,25.7,0.17
2024-06-24,Hyderabad,S002,63,6.4,0,0,26.47,0.0
2024-07-01,Hyderabad,S002,67,6.33,0,0,24.55,1.57
2024-07-08,Hyderabad,S002,52,6.52,0,0,23.55,0.87
2024-07-15,Hyderabad,S002,60,6.5,0,0,22.84,0.0
2024-07-22,Hyderabad,S002,56,6.4,0,0,24.39,2.61
2024-07-29,Hyderabad,S002,40,6.51,0,0,21.47,0.77
2024-08-05,Hyderabad,S002,51,6.38,0,1,21.06,1.92
2024-08-12,Hyderabad,S002,54,5.88,1,1,19.4,1.39
2024-08-19,Hyderabad,S002,60,5.71,1,0,20.64,2.53
2024-08-26,Hyderabad,S002,43,5.9,1,0,15.62,2.52
2024-09-02,Hyderabad,S002,28,6.43,0,0,19.94,3.56
2024-09-09,Hyderabad,S002,32,6.39,0,0,18.33,2.06
2024-09-16,Hyderabad,S002,43,6.48,0,0,20.71,1.15
2024-09-23,Hyderabad,S002,39,6.48,0,0,21.22,6.45
2024-09-30,Hyderabad,S002,40,6.48,0,0,19.45,4.72
2024-10-07,Hyderabad,S002,25,6.33,0,0,16.54,3.27
2024-10-14,Hyderabad,S002,50,6.3,0,1,20.49,4.9
2024-10-21,Hyderabad,S002,54,6.38,0,1,18.85,5.09
2024-10-28,Hyderabad,S002,36,6.38,0,1,20.18,4.79
2024-11-04,Hyderabad,S002,45,6.35,0,1,19.75,5.41
2024-11-11,Hyderabad,S002,35,6.54,0,1,18.66,6.12
2024-11-18,Hyderabad,S002,51,6.31,0,1,23.46,8.07
2024-11-25,Hyderabad,S002,50,6.36,0,0,19.11,6.9
2024-12-02,Hyderabad,S002,57,6.38,0,0,22.96,5.91
2024-12-09,Hyderabad,S002,44,6.3,0,0,21.16,4.96
2024-12-16,Hyderabad,S002,66,6.51,0,1,22.63,7.08
2024-12-23,Hyderabad,S002,91,5.76,1,1,23.77,5.99
2024-12-30,Hyderabad,S002,65,5.83,1,0,22.86,7.17
2025-01-06,Hyderabad,S002,70,5.85,1,0,27.06,5.61
2025-01-13,Hyderabad,S002,72,6.49,0,0,26.84,4.4
2023-01-02,Hyderabad,S003,47,16.19,0,0,27.31,4.86
2023-01-09,Hyderabad,S003,65,15.93,0,0,25.38,5.39
2023-01-16,Hyderabad,S003,59,15.89,0,0,26.07,7.17
2023-01-23,Hyderabad,S003,58,16.49,0,0,26.98,6.49
2023-01-30,Hyderabad,S003,76,15.98,0,0,29.75,7.27
2023-02-06,Hyderabad,S003,69,16.43,0,0,27.73,6.24
2023-02-13,Hyderabad,S003,60,15.92,0,0,30.02,6.72
2023-02-20,Hyderabad,S003,107,14.76,1,0,28.59,3.6
2023-02-27,Hyderabad,S003,99,14.75,1,0,27.89,5.62
2023-03-06,Hyderabad,S003,84,16.0,0,1,27.37,4.96
2023-03-13,Hyderabad,S003,86,16.19,0,1,29.66,6.01
2023-03-20,Hyderabad,S003,104,16.5,0,1,28.58,2.14
2023-03-27,Hyderabad,S003,99,16.17,0,1,30.06,4.87
2023-04-03,Hyderabad,S003,87,16.44,0,0,32.34,2.65
2023-04-10,Hyderabad,S003,88,16.1,0,0,31.39,2.05
2023-04-17,Hyderabad,S003,66,16.32,0,0,29.44,3.71
2023-04-24,Hyderabad,S003,66,16.34,0,0,31.42,1.48
2023-05-01,Hyderabad,S003,78,16.38,0,0,30.76,0.11
2023-05-08,Hyderabad,S003,84,14.75,1,0,29.37,0.68
2023-05-15,Hyderabad,S003,126,14.76,1,0,28.01,0.22
2023-05-22,Hyderabad,S003,85,14.75,1,0,29.54,2.16
2023-05-29,Hyderabad,S003,50,16.35,0,0,27.1,1.73
2023-06-05,Hyderabad,S003,65,15.95,0,0,27.91,0.93
2023-06-12,Hyderabad,S003,58,16.19,0,0,30.1,0.0
2023-06-19,Hyderabad,S003,63,15.96,0,0,26.19,0.37
2023-06-26,Hyderabad,S003,53,15.96,0,0,24.9,0.96
2023-07-03,Hyderabad,S003,64,16.08,0,0,24.29,0.0
2023-07-10,Hyderabad,S003,45,16.37,0,0,24.2,2.19
2023-07-17,Hyderabad,S003,55,16.43,0,0,24.71,1.08
2023-07-24,Hyderabad,S003,57,16.49,0,0,21.5,1.16
2023-07-31,Hyderabad,S003,62,14.76,1,0,23.57,2.52
2023-08-07,Hyderabad,S003,81,14.54,1,1,21.86,0.84
2023-08-14,Hyderabad,S003,53,16.15,0,1,20.45,2.43
2023-08-21,Hyderabad,S003,38,16.44,0,0,21.27,0.0
2023-08-28,Hyderabad,S003,39,16.35,0,0,20.78,2.89
2023-09-04,Hyderabad,S003,36,16.45,0,0,18.09,1.43
2023-09-11,Hyderabad,S003,41,15.94,0,0,17.99,1.86
2023-09-18,Hyderabad,S003,35,15.93,0,0,16.78,3.4
2023-09-25,Hyderabad,S003,38,15.91,0,0,17.6,3.3
2023-10-02,Hyderabad,S003,48,16.49,0,0,17.99,4.05
2023-10-09,Hyderabad,S003,42,15.89,0,0,17.26,4.4
2023-10-16,Hyderabad,S003,73,14.52,1,1,19.49,5.46
2023-10-23,Hyderabad,S003,64,14.45,1,1,22.07,2.3
2023-10-30,Hyderabad,S003,60,14.4,1,1,19.9,4.29
2023-11-06,Hyderabad,S003,43,16.46,0,1,16.91,6.46
2023-11-13,Hyderabad,S003,56,16.44,0,1,22.24,5.26
2023-11-20,Hyderabad,S003,66,16.24,0,1,21.07,5.91
2023-11-27,Hyderabad,S003,37,16.13,0,0,21.98,7.27
2023-12-04,Hyderabad,S003,58,16.48,0,0,22.46,6.82
2023-12-11,Hyderabad,S003,59,16.23,0,0,24.5,6.35
2023-12-18,Hyderabad,S003,105,14.71,1,1,24.68,5.67
2023-12-25,Hyderabad,S003,97,14.75,1,1,26.42,7.61
2024-01-01,Hyderabad,S003,64,16.17,0,0,24.13,4.21
2024-01-08,Hyderabad,S003,74,16.17,0,0,25.46,5.3
2024-01-15,Hyderabad,S003,52,16.05,0,0,26.62,8.4
2024-01-22,Hyderabad,S003,76,16.42,0,0,27.1,6.34
2024-01-29,Hyderabad,S003,56,16.37,0,0,28.03,6.74
2024-02-05,Hyderabad,S003,77,16.15,0,0,24.6,6.5
2024-02-12,Hyderabad,S003,69,16.03,0,0,29.64,5.68
2024-02-19,Hyderabad,S003,85,16.03,0,0,30.69,5.58
2024-02-26,Hyderabad,S003,87,16.5,0,0,30.82,8.18
2024-03-04,Hyderabad,S003,94,16.2,0,1,29.9,2.81
2024-03-11,Hyderabad,S003,149,14.7,1,1,29.84,2.74
2024-03-18,Hyderabad,S003,132,14.43,1,1,31.48,6.03
2024-03-25,Hyderabad,S003,103,15.88,0,1,31.73,4.49
2024-04-01,Hyderabad,S003,82,16.15,0,0,29.77,5.64
2024-04-08,Hyderabad,S003,89,15.93,0,0,31.82,3.72
2024-04-15,Hyderabad,S003,77,16.22,0,0,30.87,3.16
2024-04-22,Hyderabad,S003,101,15.92,0,0,31.02,1.95
2024-04-29,Hyderabad,S003,76,16.12,0,0,32.33,2.53
2024-05-06,Hyderabad,S003,78,16.34,0,0,30.57,1.52
2024-05-13,Hyderabad,S003,100,16.35,0,0,29.79,0.0
2024-05-20,Hyderabad,S003,95,16.18,0,0,27.03,1.46
2024-05-27,Hyderabad,S003,69,15.87,0,0,26.16,4.2
2024-06-03,Hyderabad,S003,100,14.42,1,0,25.02,1.5
2024-06-10,Hyderabad,S003,93,14.85,1,0,29.34,1.52
2024-06-17,Hyderabad,S003,96,14.84,1,0,25.7,0.17
2024-06-24,Hyderabad,S003,74,16.13,0,0,26.47,0.0
2024-07-01,Hyderabad,S003,64,16.06,0,0,24.55,1.57
2024-07-08,Hyderabad,S003,65,16.41,0,0,23.55,0.87
2024-07-15,Hyderabad,S003,56,16.08,0,0,22.84,0.0
2024-07-22,Hyderabad,S003,42,16.4,0,0,24.39,2.61
2024-07-29,Hyderabad,S003,58,15.93,0,0,21.47,0.77
2024-08-05,Hyderabad,S003,57,15.92,0,1,21.06,1.92
2024-08-12,Hyderabad,S003,68,15.89,0,1,19.4,1.39
2024-08-19,Hyderabad,S003,38,15.99,0,0,20.64,2.53
2024-08-26,Hyderabad,S003,35,16.16,0,0,15.62,2.52
2024-09-02,Hyderabad,S003,51,15.99,0,0,19.94,3.56
2024-09-09,Hyderabad,S003,44,16.24,0,0,18.33,2.06
2024-09-16,Hyderabad,S003,41,16.08,0,0,20.71,1.15
2024-09-23,Hyderabad,S003,57,16.29,0,0,21.22,6.45
2024-09-30,Hyderabad,S003,35,16.46,0,0,19.45,4.72
2024-10-07,Hyderabad,S003,41,16.21,0,0,16.54,3.27
2024-10-14,Hyderabad,S003,52,16.1,0,1,20.49,4.9
2024-10-21,Hyderabad,S003,39,16.51,0,1,18.85,5.09
2024-10-28,Hyderabad,S003,52,16.4,0,1,20.18,4.79
2024-11-04,Hyderabad,S003,41,16.22,0,1,19.75,5.41
2024-11-11,Hyderabad,S003,52,16.32,0,1,18.66,6.12
2024-11-18,Hyderabad,S003,73,16.51,0,1,23.46,8.07
2024-11-25,Hyderabad,S003,42,16.23,0,0,19.11,6.9
2024-12-02,Hyderabad,S003,61,16.31,0,0,22.96,5.91
2024-12-09,Hyderabad,S003,56,16.06,0,0,21.16,4.96
2024-12-16,Hyderabad,S003,65,16.21,0,1,22.63,7.08
2024-12-23,Hyderabad,S003,79,16.37,0,1,23.77,5.99
2024-12-30,Hyderabad,S003,49,16.19,0,0,22.86,7.17
2025-01-06,Hyderabad,S003,60,16.41,0,0,27.06,5.61
2025-01-13,Hyderabad,S003,64,16.28,0,0,26.84,4.4
