data/panel_train.csv
week_start,market,sku_id,units,price,promo_flag,holiday_flag,temp_c,rain_mm
2023-01-02,Hyderabad,S004,56,22.06,0,0,27.31,4.86
2023-01-09,Hyderabad,S004,61,22.16,0,0,25.38,5.39
2023-01-16,Hyderabad,S004,64,22.02,0,0,26.07,7.17
2023-01-23,Hyderabad,S004,65,21.81,0,0,26.98,6.49
2023-01-30,Hyderabad,S004,66,21.86,0,0,29.75,7.27
2023-02-06,Hyderabad,S004,68,21.75,0,0,27.73,6.24
2023-02-13,Hyderabad,S004,84,22.11,0,0,30.02,6.72
2023-02-20,Hyderabad,S004,81,21.77,0,0,28.59,3.6
2023-02-27,Hyderabad,S004,72,22.04,0,0,27.89,5.62
2023-03-06,Hyderabad,S004,142,22.27,0,1,27.37,4.96
2023-03-13,Hyderabad,S004,124,22.36,0,1,29.66,6.01
2023-03-20,Hyderabad,S004,120,22.33,0,1,28.58,2.14
2023-03-27,Hyderabad,S004,99,21.77,0,1,30.06,4.87
2023-04-03,Hyderabad,S004,102,21.65,0,0,32.34,2.65
2023-04-10,Hyderabad,S004,95,22.12,0,0,31.39,2.05
2023-04-17,Hyderabad,S004,98,22.31,0,0,29.44,3.71
2023-04-24,Hyderabad,S004,92,21.55,0,0,31.42,1.48
2023-05-01,Hyderabad,S004,88,21.98,0,0,30.76,0.11
2023-05-08,Hyderabad,S004,103,22.03,0,0,29.37,0.68
2023-05-15,Hyderabad,S004,100,22.28,0,0,28.01,0.22
2023-05-22,Hyderabad,S004,87,22.11,0,0,29.54,2.16
2023-05-29,Hyderabad,S004,73,22.18,0,0,27.1,1.73
2023-06-05,Hyderabad,S004,96,21.54,0,0,27.91,0.93
2023-06-12,Hyderabad,S004,82,21.74,0,0,30.1,0.0
2023-06-19,Hyderabad,S004,84,21.63,0,0,26.19,0.37
2023-06-26,Hyderabad,S004,93,19.42,1,0,24.9,0.96
2023-07-03,Hyderabad,S004,88,19.84,1,0,24.29,0.0
2023-07-10,Hyderabad,S004,66,22.06,0,0,24.2,2.19
2023-07-17,Hyderabad,S004,75,21.98,0,0,24.71,1.08
2023-07-24,Hyderabad,S004,52,22.18,0,0,21.5,1.16
2023-07-31,Hyderabad,S004,49,21.92,0,0,23.57,2.52
2023-08-07,Hyderabad,S004,55,22.06,0,1,21.86,0.84
2023-08-14,Hyderabad,S004,78,19.49,1,1,20.45,2.43
2023-08-21,Hyderabad,S004,55,19.65,1,0,21.27,0.0
2023-08-28,Hyderabad,S004,51,22.16,0,0,20.78,2.89
2023-09-04,Hyderabad,S004,34,22.0,0,0,18.09,1.43
2023-09-11,Hyderabad,S004,38,22.28,0,0,17.99,1.86
2023-09-18,Hyderabad,S004,28,21.59,0,0,16.78,3.4
2023-09-25,Hyderabad,S004,45,22.05,0,0,17.6,3.3
2023-10-02,Hyderabad,S004,42,22.12,0,0,17.99,4.05
2023-10-09,Hyderabad,S004,41,22.14,0,0,17.26,4.4
2023-10-16,Hyderabad,S004,79,19.92,1,1,19.49,5.46
2023-10-23,Hyderabad,S004,66,19.73,1,1,22.07,2.3
2023-10-30,Hyderabad,S004,63,21.56,0,1,19.9,4.29
2023-11-06,Hyderabad,S004,69,22.3,0,1,16.91,6.46
2023-11-13,Hyderabad,S004,49,22.08,0,1,22.24,5.26
2023-11-20,Hyderabad,S004,75,22.17,0,1,21.07,5.91
2023-11-27,Hyderabad,S004,43,22.18,0,0,21.98,7.27
2023-12-04,Hyderabad,S004,53,21.99,0,0,22.46,6.82
2023-12-11,Hyderabad,S004,58,21.91,0,0,24.5,6.35
2023-12-18,Hyderabad,S004,72,21.59,0,1,24.68,5.67
2023-12-25,Hyderabad,S004,74,22.27,0,1,26.42,7.61
2024-01-01,Hyderabad,S004,91,22.19,0,0,24.13,4.21
2024-01-08,Hyderabad,S004,73,21.95,0,0,25.46,5.3
2024-01-15,Hyderabad,S004,76,21.78,0,0,26.62,8.4
2024-01-22,Hyderabad,S004,86,21.95,0,0,27.1,6.34
2024-01-29,Hyderabad,S004,75,22.04,0,0,28.03,6.74
2024-02-05,Hyderabad,S004,106,19.41,1,0,24.6,6.5
2024-02-12,Hyderabad,S004,128,20.12,1,0,29.64,5.68
2024-02-19,Hyderabad,S004,110,20.11,1,0,30.69,5.58
2024-02-26,Hyderabad,S004,88,21.77,0,0,30.82,8.18
2024-03-04,Hyderabad,S004,109,21.83,0,1,29.9,2.81
2024-03-11,Hyderabad,S004,108,22.36,0,1,29.84,2.74
2024-03-18,Hyderabad,S004,122,21.59,0,1,31.48,6.03
2024-03-25,Hyderabad,S004,127,21.94,0,1,31.73,4.49
2024-04-01,Hyderabad,S004,98,22.22,0,0,29.77,5.64
2024-04-08,Hyderabad,S004,84,21.59,0,0,31.82,3.72
2024-04-15,Hyderabad,S004,113,21.62,0,0,30.87,3.16
2024-04-22,Hyderabad,S004,117,22.05,0,0,31.02,1.95
2024-04-29,Hyderabad,S004,81,22.32,0,0,32.33,2.53
2024-05-06,Hyderabad,S004,114,21.81,0,0,30.57,1.52
2024-05-13,Hyderabad,S004,73,21.72,0,0,29.79,0.0
2024-05-20,Hyderabad,S004,95,21.57,0,0,27.03,1.46
2024-05-27,Hyderabad,S004,61,22.36,0,0,26.16,4.2
2024-06-03,Hyderabad,S004,106,19.65,1,0,25.02,1.5
2024-06-10,Hyderabad,S004,110,19.37,1,0,29.34,1.52
2024-06-17,Hyderabad,S004,72,21.52,0,0,25.7,0.17
2024-06-24,Hyderabad,S004,68,21.93,0,0,26.47,0.0
2024-07-01,Hyderabad,S004,71,22.22,0,0,24.55,1.57
2024-07-08,Hyderabad,S004,66,21.96,0,0,23.55,0.87
2024-07-15,Hyderabad,S004,50,22.24,0,0,22.84,0.0
2024-07-22,Hyderabad,S004,59,21.85,0,0,24.39,2.61
2024-07-29,Hyderabad,S004,57,21.87,0,0,21.47,0.77
2024-08-05,Hyderabad,S004,65,22.23,0,1,21.06,1.92
2024-08-12,Hyderabad,S004,85,21.62,0,1,19.4,1.39
2024-08-19,Hyderabad,S004,80,20.13,1,0,20.64,2.53
2024-08-26,Hyderabad,S004,68,20.13,1,0,15.62,2.52
2024-09-02,Hyderabad,S004,63,19.85,1,0,19.94,3.56
2024-09-09,Hyderabad,S004,49,21.71,0,0,18.33,2.06
2024-09-16,Hyderabad,S004,50,22.23,0,0,20.71,1.15
2024-09-23,Hyderabad,S004,52,21.65,0,0,21.22,6.45
2024-09-30,Hyderabad,S004,63,21.67,0,0,19.45,4.72
2024-10-07,Hyderabad,S004,40,21.65,0,0,16.54,3.27
2024-10-14,Hyderabad,S004,62,22.06,0,1,20.49,4.9
2024-10-21,Hyderabad,S004,60,22.08,0,1,18.85,5.09
2024-10-28,Hyderabad,S004,48,21.59,0,1,20.18,4.79
2024-11-04,Hyderabad,S004,66,21.7,0,1,19.75,5.41
2024-11-11,Hyderabad,S004,59,22.27,0,1,18.66,6.12
2024-11-18,Hyderabad,S004,59,22.21,0,1,23.46,8.07
2024-11-25,Hyderabad,S004,61,21.9,0,0,19.11,6.9
2024-12-02,Hyderabad,S004,58,21.62,0,0,22.96,5.91
2024-12-09,Hyderabad,S004,71,21.56,0,0,21.16,4.96
2024-12-16,Hyderabad,S004,70,21.92,0,1,22.63,7.08
2024-12-23,Hyderabad,S004,82,22.0,0,1,23.77,5.99
2024-12-30,Hyderabad,S004,67,21.83,0,0,22.86,7.17
2025-01-06,Hyderabad,S004,88,21.65,0,0,27.06,5.61
2025-01-13,Hyderabad,S004,94,22.11,0,0,26.84,4.4
2023-01-02,Hyderabad,S005,71,15.13,0,0,27.31,4.86
2023-01-09,Hyderabad,S005,68,15.36,0,0,25.38,5.39
2023-01-16,Hyderabad,S005,99,13.73,1,0,26.07,7.17
2023-01-23,Hyderabad,S005,97,13.59,1,0,26.98,6.49
2023-01-30,Hyderabad,S005,116,13.65,1,0,29.75,7.27
2023-02-06,Hyderabad,S005,104,15.13,0,0,27.73,6.24
2023-02-13,Hyderabad,S005,87,15.22,0,0,30.02,6.72
2023-02-20,Hyderabad,S005,91,15.23,0,0,28.59,3.6
2023-02-27,Hyderabad,S005,104,15.01,0,0,27.89,5.62
2023-03-06,Hyderabad,S005,140,15.2,0,1,27.37,4.96
2023-03-13,Hyderabad,S005,150,15.05,0,1,29.66,6.01
2023-03-20,Hyderabad,S005,121,15.36,0,1,28.58,2.14
2023-03-27,Hyderabad,S005,138,15.32,0,1,30.06,4.87
2023-04-03,Hyderabad,S005,132,13.83,1,0,32.34,2.65
2023-04-10,Hyderabad,S005,136,13.87,1,0,31.39,2.05
2023-04-17,Hyderabad,S005,127,15.24,0,0,29.44,3.71
2023-04-24,Hyderabad,S005,122,15.26,0,0,31.42,1.48
2023-05-01,Hyderabad,S005,108,15.08,0,0,30.76,0.11
2023-05-08,Hyderabad,S005,91,15.13,0,0,29.37,0.68
2023-05-15,Hyderabad,S005,129,13.63,1,0,28.01,0.22
2023-05-22,Hyderabad,S005,132,13.94,1,0,29.54,2.16
2023-05-29,Hyderabad,S005,87,15.19,0,0,27.1,1.73
2023-06-05,Hyderabad,S005,78,15.53,0,0,27.91,0.93
2023-06-12,Hyderabad,S005,93,15.05,0,0,30.1,0.0
2023-06-19,Hyderabad,S005,81,15.12,0,0,26.19,0.37
2023-06-26,Hyderabad,S005,66,15.0,0,0,24.9,0.96
2023-07-03,Hyderabad,S005,77,15.49,0,0,24.29,0.0
2023-07-10,Hyderabad,S005,74,15.54,0,0,24.2,2.19
2023-07-17,Hyderabad,S005,72,15.04,0,0,24.71,1.08
2023-07-24,Hyderabad,S005,78,13.84,1,0,21.5,1.16
2023-07-31,Hyderabad,S005,72,13.84,1,0,23.57,2.52
2023-08-07,Hyderabad,S005,76,15.45,0,1,21.86,0.84
2023-08-14,Hyderabad,S005,56,15.13,0,1,20.45,2.43
2023-08-21,Hyderabad,S005,58,15.28,0,0,21.27,0.0
2023-08-28,Hyderabad,S005,43,14.95,0,0,20.78,2.89
2023-09-04,Hyderabad,S005,58,13.63,1,0,18.09,1.43
2023-09-11,Hyderabad,S005,58,13.48,1,0,17.99,1.86
2023-09-18,Hyderabad,S005,55,13.45,1,0,16.78,3.4
2023-09-25,Hyderabad,S005,50,15.36,0,0,17.6,3.3
2023-10-02,Hyderabad,S005,44,15.42,0,0,17.99,4.05
2023-10-09,Hyderabad,S005,54,15.46,0,0,17.26,4.4
2023-10-16,Hyderabad,S005,58,15.36,0,1,19.49,5.46
2023-10-23,Hyderabad,S005,89,13.97,1,1,22.07,2.3
2023-10-30,Hyderabad,S005,87,13.68,1,1,19.9,4.29
2023-11-06,Hyderabad,S005,75,15.19,0,1,16.91,6.46
2023-11-13,Hyderabad,S005,58,15.15,0,1,22.24,5.26
2023-11-20,Hyderabad,S005,63,15.04,0,1,21.07,5.91
2023-11-27,Hyderabad,S005,64,15.21,0,0,21.98,7.27
2023-12-04,Hyderabad,S005,67,15.16,0,0,22.46,6.82
2023-12-11,Hyderabad,S005,59,15.07,0,0,24.5,6.35
2023-12-18,Hyderabad,S005,88,15.54,0,1,24.68,5.67
2023-12-25,Hyderabad,S005,82,14.98,0,1,26.42,7.61
2024-01-01,Hyderabad,S005,67,15.09,0,0,24.13,4.21
2024-01-08,Hyderabad,S005,81,15.29,0,0,25.46,5.3
2024-01-15,Hyderabad,S005,82,15.44,0,0,26.62,8.4
2024-01-22,Hyderabad,S005,99,15.26,0,0,27.1,6.34
2024-01-29,Hyderabad,S005,89,15.43,0,0,28.03,6.74
2024-02-05,Hyderabad,S005,96,15.43,0,0,24.6,6.5
2024-02-12,Hyderabad,S005,99,15.35,0,0,29.64,5.68
2024-02-19,Hyderabad,S005,111,15.16,0,0,30.69,5.58
2024-02-26,Hyderabad,S005,92,15.5,0,0,30.82,8.18
2024-03-04,Hyderabad,S005,137,15.46,0,1,29.9,2.81
2024-03-11,Hyderabad,S005,200,13.7,1,1,29.84,2.74
2024-03-18,Hyderabad,S005,193,13.72,1,1,31.48,6.03
2024-03-25,Hyderabad,S005,176,13.59,1,1,31.73,4.49
2024-04-01,Hyderabad,S005,98,14.95,0,0,29.77,5.64
2024-04-08,Hyderabad,S005,118,15.28,0,0,31.82,3.72
2024-04-15,Hyderabad,S005,116,15.26,0,0,30.87,3.16
2024-04-22,Hyderabad,S005,134,15.03,0,0,31.02,1.95
2024-04-29,Hyderabad,S005,115,14.96,0,0,32.33,2.53
2024-05-06,Hyderabad,S005,114,15.17,0,0,30.57,1.52
2024-05-13,Hyderabad,S005,83,15.0,0,0,29.79,0.0
2024-05-20,Hyderabad,S005,143,13.44,1,0,27.03,1.46
2024-05-27,Hyderabad,S005,125,13.68,1,0,26.16,4.2
2024-06-03,Hyderabad,S005,110,13.76,1,0,25.02,1.5
2024-06-10,Hyderabad,S005,87,14.98,0,0,29.34,1.52
2024-06-17,Hyderabad,S005,91,15.21,0,0,25.7,0.17
2024-06-24,Hyderabad,S005,94,15.15,0,0,26.47,0.0
2024-07-01,Hyderabad,S005,78,15.0,0,0,24.55,1.57
2024-07-08,Hyderabad,S005,81,15.02,0,0,23.55,0.87
2024-07-15,Hyderabad,S005,73,15.03,0,0,22.84,0.0
2024-07-22,Hyderabad,S005,58,14.97,0,0,24.39,2.61
2024-07-29,Hyderabad,S005,62,15.04,0,0,21.47,0.77
2024-08-05,Hyderabad,S005,70,15.32,0,1,21.06,1.92
2024-08-12,Hyderabad,S005,71,15.32,0,1,19.4,1.39
2024-08-19,Hyderabad,S005,45,15.44,0,0,20.64,2.53
2024-08-26,Hyderabad,S005,52,15.45,0,0,15.62,2.52
2024-09-02,Hyderabad,S005,52,15.26,0,0,19.94,3.56
2024-09-09,Hyderabad,S005,51,14.95,0,0,18.33,2.06
2024-09-16,Hyderabad,S005,47,15.15,0,0,20.71,1.15
2024-09-23,Hyderabad,S005,53,15.18,0,0,21.22,6.45
2024-09-30,Hyderabad,S005,59,15.49,0,0,19.45,4.72
2024-10-07,Hyderabad,S005,60,15.43,0,0,16.54,3.27
2024-10-14,Hyderabad,S005,61,15.06,0,1,20.49,4.9
2024-10-21,Hyderabad,S005,58,15.46,0,1,18.85,5.09
2024-10-28,Hyderabad,S005,76,14.98,0,1,20.18,4.79
2024-11-04,Hyderabad,S005,60,15.17,0,1,19.75,5.41
2024-11-11,Hyderabad,S005,63,15.38,0,1,18.66,6.12
2024-11-18,Hyderabad,S005,85,15.13,0,1,23.46,8.07
2024-11-25,Hyderabad,S005,64,15.43,0,0,19.11,6.9
2024-12-02,Hyderabad,S005,89,13.53,1,0,22.96,5.91
2024-12-09,Hyderabad,S005,82,13.77,1,0,21.16,4.96
2024-12-16,Hyderabad,S005,86,15.03,0,1,22.63,7.08
2024-12-23,Hyderabad,S005,75,15.2,0,1,23.77,5.99
2024-12-30,Hyderabad,S005,96,15.03,0,0,22.86,7.17
2025-01-06,Hyderabad,S005,88,15.4,0,0,27.06,5.61
2025-01-13,Hyderabad,S005,89,15.34,0,0,26.84,4.4
2023-01-02,Hyderabad,S006,84,16.95,0,0,27.31,4.86
2023-01-09,Hyderabad,S006,123,15.18,1,0,25.38,5.39
2023-01-16,Hyderabad,S006,109,14.75,1,0,26.07,7.17
2023-01-23,Hyderabad,S006,86,16.73,0,0,26.98,6.49
2023-01-30,Hyderabad,S006,101,16.99,0,0,29.75,7.27
2023-02-06,Hyderabad,S006,98,16.57,0,0,27.73,6.24
2023-02-13,Hyderabad,S006,95,16.48,0,0,30.02,6.72
2023-02-20,Hyderabad,S006,101,16.74,0,0,28.59,3.6
2023-02-27,Hyderabad,S006,118,16.7,0,0,27.89,5.62
2023-03-06,Hyderabad,S006,139,16.78,0,1,27.37,4.96
2023-03-13,Hyderabad,S006,134,16.96,0,1,29.66,6.01
2023-03-20,Hyderabad,S006,186,15.07,1,1,28.58,2.14
2023-03-27,Hyderabad,S006,162,15.01,1,1,30.06,4.87
2023-04-03,Hyderabad,S006,149,14.72,1,0,32.34,2.65
2023-04-10,Hyderabad,S006,115,16.77,0,0,31.39,2.05
2023-04-17,Hyderabad,S006,119,16.4,0,0,29.44,3.71
2023-04-24,Hyderabad,S006,118,16.6,0,0,31.42,1.48
2023-05-01,Hyderabad,S006,107,16.5,0,0,30.76,0.11
2023-05-08,Hyderabad,S006,117,16.6,0,0,29.37,0.68
2023-05-15,Hyderabad,S006,98,16.81,0,0,28.01,0.22
2023-05-22,Hyderabad,S006,106,17.0,0,0,29.54,2.16
2023-05-29,Hyderabad,S006,95,16.39,0,0,27.1,1.73
2023-06-05,Hyderabad,S006,90,16.74,0,0,27.91,0.93
2023-06-12,Hyderabad,S006,88,16.36,0,0,30.1,0.0
2023-06-19,Hyderabad,S006,96,16.58,0,0,26.19,0.37
2023-06-26,Hyderabad,S006,79,16.58,0,0,24.9,0.96
2023-07-03,Hyderabad,S006,78,17.0,0,0,24.29,0.0
2023-07-10,Hyderabad,S006,82,16.35,0,0,24.2,2.19
2023-07-17,Hyderabad,S006,63,16.53,0,0,24.71,1.08
2023-07-24,Hyderabad,S006,65,16.92,0,0,21.5,1.16
2023-07-31,Hyderabad,S006,69,16.51,0,0,23.57,2.52
2023-08-07,Hyderabad,S006,64,16.95,0,1,21.86,0.84
2023-08-14,Hyderabad,S006,88,15.05,1,1,20.45,2.43
2023-08-21,Hyderabad,S006,83,15.03,1,0,21.27,0.0
2023-08-28,Hyderabad,S006,54,16.45,0,0,20.78,2.89
2023-09-04,Hyderabad,S006,60,16.54,0,0,18.09,1.43
2023-09-11,Hyderabad,S006,63,16.8,0,0,17.99,1.86
2023-09-18,Hyderabad,S006,56,16.57,0,0,16.78,3.4
2023-09-25,Hyderabad,S006,46,16.4,0,0,17.6,3.3
2023-10-02,Hyderabad,S006,64,16.99,0,0,17.99,4.05
2023-10-09,Hyderabad,S006,54,16.41,0,0,17.26,4.4
2023-10-16,Hyderabad,S006,82,16.39,0,1,19.49,5.46
2023-10-23,Hyderabad,S006,73,15.09,1,1,22.07,2.3
2023-10-30,Hyderabad,S006,87,14.8,1,1,19.9,4.29
2023-11-06,Hyderabad,S006,60,16.58,0,1,16.91,6.46
2023-11-13,Hyderabad,S006,84,16.73,0,1,22.24,5.26
2023-11-20,Hyderabad,S006,75,16.78,0,1,21.07,5.91
2023-11-27,Hyderabad,S006,70,16.4,0,0,21.98,7.27
2023-12-04,Hyderabad,S006,80,16.73,0,0,22.46,6.82
2023-12-11,Hyderabad,S006,58,16.99,0,0,24.5,6.35
2023-12-18,Hyderabad,S006,82,16.44,0,1,24.68,5.67
2023-12-25,Hyderabad,S006,98,16.92,0,1,26.42,7.61
2024-01-01,Hyderabad,S006,82,17.01,0,0,24.13,4.21
2024-01-08,Hyderabad,S006,83,16.42,0,0,25.46,5.3
2024-01-15,Hyderabad,S006,93,16.5,0,0,26.62,8.4
2024-01-22,Hyderabad,S006,95,16.72,0,0,27.1,6.34
2024-01-29,Hyderabad,S006,79,16.56,0,0,28.03,6.74
2024-02-05,Hyderabad,S006,116,16.4,0,0,24.6,6.5
2024-02-12,Hyderabad,S006,124,16.76,0,0,29.64,5.68
2024-02-19,Hyderabad,S006,131,16.77,0,0,30.69,5.58
2024-02-26,Hyderabad,S006,131,14.85,1,0,30.82,8.18
2024-03-04,Hyderabad,S006,175,14.75,1,1,29.9,2.81
2024-03-11,Hyderabad,S006,149,16.49,0,1,29.84,2.74
2024-03-18,Hyderabad,S006,165,16.65,0,1,31.48,6.03
2024-03-25,Hyderabad,S006,146,16.52,0,1,31.73,4.49
2024-04-01,Hyderabad,S006,136,16.48,0,0,29.77,5.64
2024-04-08,Hyderabad,S006,128,16.8,0,0,31.82,3.72
2024-04-15,Hyderabad,S006,115,16.61,0,0,30.87,3.16
2024-04-22,Hyderabad,S006,146,16.95,0,0,31.02,1.95
2024-04-29,Hyderabad,S006,117,16.45,0,0,32.33,2.53
2024-05-06,Hyderabad,S006,151,14.92,1,0,30.57,1.52
2024-05-13,Hyderabad,S006,166,14.83,1,0,29.79,0.0
2024-05-20,Hyderabad,S006,100,16.9,0,0,27.03,1.46
2024-05-27,Hyderabad,S006,102,17.01,0,0,26.16,4.2
2024-06-03,Hyderabad,S006,107,16.71,0,0,25.02,1.5
2024-06-10,Hyderabad,S006,124,16.42,0,0,29.34,1.52
2024-06-17,Hyderabad,S006,95,16.64,0,0,25.7,0.17
2024-06-24,Hyderabad,S006,105,16.35,0,0,26.47,0.0
2024-07-01,Hyderabad,S006,87,16.36,0,0,24.55,1.57
2024-07-08,Hyderabad,S006,80,16.66,0,0,23.55,0.87
2024-07-15,Hyderabad,S006,78,16.44,0,0,22.84,0.0
2024-07-22,Hyderabad,S006,93,16.78,0,0,24.39,2.61
2024-07-29,Hyderabad,S006,77,16.64,0,0,21.47,0.77
2024-08-05,Hyderabad,S006,77,16.41,0,1,21.06,1.92
2024-08-12,Hyderabad,S006,78,16.75,0,1,19.4,1.39
2024-08-19,Hyderabad,S006,67,16.54,0,0,20.64,2.53
2024-08-26,Hyderabad,S006,51,16.93,0,0,15.62,2.52
2024-09-02,Hyderabad,S006,45,16.42,0,0,19.94,3.56
2024-09-09,Hyderabad,S006,73,16.5,0,0,18.33,2.06
2024-09-16,Hyderabad,S006,70,16.66,0,0,20.71,1.15
2024-09-23,Hyderabad,S006,51,16.68,0,0,21.22,6.45
2024-09-30,Hyderabad,S006,47,16.99,0,0,19.45,4.72
2024-10-07,Hyderabad,S006,59,16.65,0,0,16.54,3.27
2024-10-14,Hyderabad,S006,67,16.6,0,1,20.49,4.9
2024-10-21,Hyderabad,S006,64,16.45,0,1,18.85,5.09
2024-10-28,Hyderabad,S006,70,16.88,0,1,20.18,4.79
2024-11-04,Hyderabad,S006,83,16.52,0,1,19.75,5.41
2024-11-11,Hyderabad,S006,60,16.98,0,1,18.66,6.12
2024-11-18,Hyderabad,S006,72,16.6,0,1,23.46,8.07
2024-11-25,Hyderabad,S006,105,14.89,1,0,19.11,6.9
2024-12-02,Hyderabad,S006,101,14.91,1,0,22.96,5.91
2024-12-09,Hyderabad,S006,65,16.66,0,0,21.16,4.96
2024-12-16,Hyderabad,S006,107,16.55,0,1,22.63,7.08
2024-12-23,Hyderabad,S006,99,16.61,0,1,23.77,5.99
2024-12-30,Hyderabad,S006,83,16.57,0,0,22.86,7.17
2025-01-06,Hyderabad,S006,94,16.79,0,0,27.06,5.61
2025-01-13,Hyderabad,S006,100,16.98,0,0,26.84,4.4
