data/panel_train.csv
week_start,market,sku_id,units,price,promo_flag,holiday_flag,temp_c,rain_mm
2023-01-02,Kolkata,S001,44,10.05,0,0,31.38,13.08
2023-01-09,Kolkata,S001,35,9.92,0,0,31.86,8.73
2023-01-16,Kolkata,S001,44,9.86,0,0,29.53,10.03
2023-01-23,Kolkata,S001,50,9.89,0,0,33.03,8.53
2023-01-30,Kolkata,S001,45,9.83,0,0,33.73,8.28
2023-02-06,Kolkata,S001,40,9.92,0,0,34.71,8.21
2023-02-13,Kolkata,S001,34,10.15,0,0,35.63,7.85
2023-02-20,Kolkata,S001,52,10.01,0,0,35.97,9.35
2023-02-27,Kolkata,S001,52,10.01,0,0,37.99,8.56
2023-03-06,Kolkata,S001,83,9.12,1,1,35.94,8.7
2023-03-13,Kolkata,S001,71,8.86,1,1,39.04,6.19
2023-03-20,Kolkata,S001,80,8.83,1,1,39.84,5.69
2023-03-27,Kolkata,S001,71,9.83,0,1,34.92,7.48
2023-04-03,Kolkata,S001,60,9.93,0,0,37.55,6.97
2023-04-10,Kolkata,S001,53,10.12,0,0,36.56,3.92
2023-04-17,Kolkata,S001,50,10.01,0,0,39.4,3.39
2023-04-24,Kolkata,S001,59,10.05,0,0,35.0,2.42
2023-05-01,Kolkata,S001,79,9.02,1,0,32.85,3.15
2023-05-08,Kolkata,S001,63,8.92,1,0,33.41,4.05
2023-05-15,Kolkata,S001,44,9.93,0,0,32.87,2.49
2023-05-22,Kolkata,S001,50,10.02,0,0,39.21,3.96
2023-05-29,Kolkata,S001,45,9.9,0,0,35.22,1.38
2023-06-05,Kolkata,S001,40,9.8,0,0,34.15,3.2
2023-06-12,Kolkata,S001,42,9.8,0,0,31.45,3.14
2023-06-19,Kolkata,S001,49,10.05,0,0,34.95,2.46
2023-06-26,Kolkata,S001,41,10.07,0,0,32.16,0.37
2023-07-03,Kolkata,S001,41,10.09,0,0,29.63,4.06
2023-07-10,Kolkata,S001,38,9.85,0,0,30.02,1.7
2023-07-17,Kolkata,S001,47,9.97,0,0,29.26,2.81
2023-07-24,Kolkata,S001,24,10.02,0,0,27.87,3.14
2023-07-31,Kolkata,S001,37,10.08,0,0,26.9,4.07
2023-08-07,Kolkata,S001,35,9.8,0,1,26.74,4.91
2023-08-14,Kolkata,S001,33,9.8,0,1,27.74,2.53
2023-08-21,Kolkata,S001,29,9.99,0,0,28.61,2.16
2023-08-28,Kolkata,S001,36,9.92,0,0,25.97,4.09
2023-09-04,Kolkata,S001,33,10.07,0,0,26.24,1.99
2023-09-11,Kolkata,S001,25,9.82,0,0,24.74,4.93
2023-09-18,Kolkata,S001,23,9.8,0,0,23.93,6.6
2023-09-25,Kolkata,S001,31,9.88,0,0,26.52,4.82
2023-10-02,Kolkata,S001,35,8.88,1,0,25.4,8.03
2023-10-09,Kolkata,S001,41,8.8,1,0,27.18,6.61
2023-10-16,Kolkata,S001,24,9.87,0,1,23.78,8.47
2023-10-23,Kolkata,S001,38,10.09,0,1,27.7,6.68
2023-10-30,Kolkata,S001,28,10.13,0,1,25.59,6.96
2023-11-06,Kolkata,S001,43,9.98,0,1,24.99,6.93
2023-11-13,Kolkata,S001,33,10.02,0,1,28.38,5.61
2023-11-20,Kolkata,S001,36,9.83,0,1,27.28,8.18
2023-11-27,Kolkata,S001,21,9.88,0,0,28.48,6.85
2023-12-04,Kolkata,S001,38,8.89,1,0,27.17,9.76
2023-12-11,Kolkata,S001,38,8.82,1,0,27.77,9.81
2023-12-18,Kolkata,S001,38,10.12,0,1,29.57,10.0
2023-12-25,Kolkata,S001,36,9.8,0,1,30.38,7.37
2024-01-01,Kolkata,S001,38,9.93,0,0,33.02,8.77
2024-01-08,Kolkata,S001,47,9.81,0,0,34.63,9.84
2024-01-15,Kolkata,S001,35,10.12,0,0,32.82,8.17
2024-01-22,Kolkata,S001,45,9.85,0,0,33.89,8.83
2024-01-29,Kolkata,S001,47,10.04,0,0,33.2,9.46
2024-02-05,Kolkata,S001,51,9.78,0,0,34.54,7.76
2024-02-12,Kolkata,S001,40,10.01,0,0,34.9,8.32
2024-02-19,Kolkata,S001,54,9.93,0,0,35.18,7.95
2024-02-26,Kolkata,S001,45,10.04,0,0,40.82,7.43
2024-03-04,Kolkata,S001,62,9.86,0,1,36.39,5.19
2024-03-11,Kolkata,S001,79,10.05,0,1,37.42,5.53
2024-03-18,Kolkata,S001,79,10.03,0,1,36.99,6.69
2024-03-25,Kolkata,S001,74,10.12,0,1,35.09,6.34
2024-04-01,Kolkata,S001,49,10.13,0,0,38.19,4.24
2024-04-08,Kolkata,S001,71,10.05,0,0,37.1,3.24
2024-04-15,Kolkata,S001,61,9.95,0,0,39.92,5.47
2024-04-22,Kolkata,S001,73,8.92,1,0,37.07,4.53
2024-04-29,Kolkata,S001,85,9.12,1,0,38.74,4.29
2024-05-06,Kolkata,S001,53,10.15,0,0,37.16,5.91
2024-05-13,Kolkata,S001,49,9.95,0,0,35.7,2.49
2024-05-20,Kolkata,S001,56,9.92,0,0,34.47,5.26
2024-05-27,Kolkata,S001,63,9.12,1,0,35.28,2.72
2024-06-03,Kolkata,S001,62,8.85,1,0,35.98,4.33
2024-06-10,Kolkata,S001,67,9.11,1,0,33.14,1.82
2024-06-17,Kolkata,S001,50,9.87,0,0,30.81,0.73
2024-06-24,Kolkata,S001,46,10.02,0,0,32.06,1.74
2024-07-01,Kolkata,S001,42,10.0,0,0,34.52,2.86
2024-07-08,Kolkata,S001,35,9.86,0,0,28.09,4.52
2024-07-15,Kolkata,S001,46,9.79,0,0,30.54,3.73
2024-07-22,Kolkata,S001,33,9.87,0,0,30.63,3.34
2024-07-29,Kolkata,S001,34,10.08,0,0,29.73,3.42
2024-08-05,Kolkata,S001,46,10.12,0,1,26.66,3.76
2024-08-12,Kolkata,S001,35,9.84,0,1,29.29,3.3
2024-08-19,Kolkata,S001,33,9.98,0,0,28.07,4.31
2024-08-26,Kolkata,S001,34,9.83,0,0,29.52,3.79
2024-09-02,Kolkata,S001,28,10.06,0,0,25.98,4.26
2024-09-09,Kolkata,S001,26,9.85,0,0,25.97,2.0
2024-09-16,Kolkata,S001,33,9.78,0,0,24.94,5.44
2024-09-23,Kolkata,S001,26,10.05,0,0,25.76,4.47
2024-09-30,Kolkata,S001,22,10.07,0,0,24.73,5.37
2024-10-07,Kolkata,S001,21,10.02,0,0,24.57,5.54
2024-10-14,Kolkata,S001,23,10.11,0,1,25.1,7.59
2024-10-21,Kolkata,S001,31,10.06,0,1,27.65,7.98
2024-10-28,Kolkata,S001,24,9.89,0,1,27.06,6.34
2024-11-04,Kolkata,S001,45,9.82,0,1,28.23,7.12
2024-11-11,Kolkata,S001,44,9.8,0,1,27.27,9.39
2024-11-18,Kolkata,S001,35,9.91,0,1,27.88,8.34
2024-11-25,Kolkata,S001,27,10.07,0,0,26.2,8.85
2024-12-02,Kolkata,S001,39,10.04,0,0,27.47,9.66
2024-12-09,Kolkata,S001,41,9.82,0,0,29.33,5.92
2024-12-16,Kolkata,S001,47,9.81,0,1,29.76,8.43
2024-12-23,Kolkata,S001,54,9.93,0,1,31.74,9.58
2024-12-30,Kolkata,S001,42,10.0,0,0,31.24,10.01
2025-01-06,Kolkata,S001,36,9.97,0,0,27.7,7.92
2025-01-13,Kolkata,S001,54,9.95,0,0,31.5,7.2
2023-01-02,Kolkata,S002,55,6.32,0,0,31.38,13.08
2023-01-09,Kolkata,S002,47,6.31,0,0,31.86,8.73
2023-01-16,Kolkata,S002,36,6.44,0,0,29.53,10.03
2023-01-23,Kolkata,S002,64,6.49,0,0,33.03,8.53
2023-01-30,Kolkata,S002,47,6.42,0,0,33.73,8.28
2023-02-06,Kolkata,S002,56,6.3,0,0,34.71,8.21
2023-02-13,Kolkata,S002,48,6.45,0,0,35.63,7.85
2023-02-20,Kolkata,S002,44,6.51,0,0,35.97,9.35
2023-02-27,Kolkata,S002,84,5.75,1,0,37.99,8.56
2023-03-06,Kolkata,S002,100,5.8,1,1,35.94,8.7
2023-03-13,Kolkata,S002,78,6.33,0,1,39.04,6.19
2023-03-20,Kolkata,S002,65,6.47,0,1,39.84,5.69
2023-03-27,Kolkata,S002,86,6.52,0,1,34.92,7.48
2023-04-03,Kolkata,S002,65,6.49,0,0,37.55,6.97
2023-04-10,Kolkata,S002,85,6.48,0,0,36.56,3.92
2023-04-17,Kolkata,S002,79,6.35,0,0,39.4,3.39
2023-04-24,Kolkata,S002,85,6.39,0,0,35.0,2.42
2023-05-01,Kolkata,S002,50,6.33,0,0,32.85,3.15
2023-05-08,Kolkata,S002,65,6.49,0,0,33.41,4.05
2023-05-15,Kolkata,S002,62,6.34,0,0,32.87,2.49
2023-05-22,Kolkata,S002,45,6.4,0,0,39.21,3.96
2023-05-29,Kolkata,S002,71,5.76,1,0,35.22,1.38
2023-06-05,Kolkata,S002,76,5.71,1,0,34.15,3.2
2023-06-12,Kolkata,S002,48,6.51,0,0,31.45,3.14
2023-06-19,Kolkata,S002,56,6.35,0,0,34.95,2.46
2023-06-26,Kolkata,S002,63,6.54,0,0,32.16,0.37
2023-07-03,Kolkata,S002,45,6.49,0,0,29.63,4.06
2023-07-10,Kolkata,S002,46,6.31,0,0,30.02,1.7
2023-07-17,Kolkata,S002,40,5.85,1,0,29.26,2.81
2023-07-24,Kolkata,S002,58,5.87,1,0,27.87,3.14
2023-07-31,Kolkata,S002,48,5.81,1,0,26.9,4.07
2023-08-07,Kolkata,S002,41,6.39,0,1,26.74,4.91
2023-08-14,Kolkata,S002,42,6.35,0,1,27.74,2.53
2023-08-21,Kolkata,S002,32,6.48,0,0,28.61,2.16
2023-08-28,Kolkata,S002,38,6.53,0,0,25.97,4.09
2023-09-04,Kolkata,S002,35,6.36,0,0,26.24,1.99
2023-09-11,Kolkata,S002,29,6.51,0,0,24.74,4.93
2023-09-18,Kolkata,S002,25,6.35,0,0,23.93,6.6
2023-09-25,Kolkata,S002,25,6.42,0,0,26.52,4.82
2023-10-02,Kolkata,S002,38,6.35,0,0,25.4,8.03
2023-10-09,Kolkata,S002,36,6.36,0,0,27.18,6.61
2023-10-16,Kolkata,S002,31,6.55,0,1,23.78,8.47
2023-10-23,Kolkata,S002,39,6.52,0,1,27.7,6.68
2023-10-30,Kolkata,S002,32,6.41,0,1,25.59,6.96
2023-11-06,Kolkata,S002,50,6.45,0,1,24.99,6.93
2023-11-13,Kolkata,S002,43,6.51,0,1,28.38,5.61
2023-11-20,Kolkata,S002,39,6.53,0,1,27.28,8.18
2023-11-27,Kolkata,S002,44,6.43,0,0,28.48,6.85
2023-12-04,Kolkata,S002,42,6.36,0,0,27.17,9.76
2023-12-11,Kolkata,S002,41,6.36,0,0,27.77,9.81
2023-12-18,Kolkata,S002,55,6.44,0,1,29.57,10.0
2023-12-25,Kolkata,S002,55,6.48,0,1,30.38,7.37
2024-01-01,Kolkata,S002,45,6.31,0,0,33.02,8.77
2024-01-08,Kolkata,S002,53,6.38,0,0,34.63,9.84
2024-01-15,Kolkata,S002,56,6.49,0,0,32.82,8.17
2024-01-22,Kolkata,S002,50,6.44,0,0,33.89,8.83
2024-01-29,Kolkata,S002,56,6.32,0,0,33.2,9.46
2024-02-05,Kolkata,S002,49,6.32,0,0,34.54,7.76
2024-02-12,Kolkata,S002,55,6.44,0,0,34.9,8.32
2024-02-19,Kolkata,S002,65,6.31,0,0,35.18,7.95
2024-02-26,Kolkata,S002,59,6.54,0,0,40.82,7.43
2024-03-04,Kolkata,S002,98,5.7,1,1,36.39,5.19
2024-03-11,Kolkata,S002,114,5.84,1,1,37.42,5.53
2024-03-18,Kolkata,S002,87,6.43,0,1,36.99,6.69
2024-03-25,Kolkata,S002,87,6.45,0,1,35.09,6.34
2024-04-01,Kolkata,S002,70,6.43,0,0,38.19,4.24
2024-04-08,Kolkata,S002,75,6.36,0,0,37.1,3.24
2024-04-15,Kolkata,S002,63,6.44,0,0,39.92,5.47
2024-04-22,Kolkata,S002,53,6.43,0,0,37.07,4.53
2024-04-29,Kolkata,S002,70,6.34,0,0,38.74,4.29
2024-05-06,Kolkata,S002,76,6.48,0,0,37.16,5.91
2024-05-13,Kolkata,S002,78,6.55,0,0,35.7,2.49
2024-05-20,Kolkata,S002,66,6.52,0,0,34.47,5.26
2024-05-27,Kolkata,S002,71,6.45,0,0,35.28,2.72
2024-06-03,Kolkata,S002,62,6.42,0,0,35.98,4.33
2024-06-10,Kolkata,S002,83,5.89,1,0,33.14,1.82
2024-06-17,Kolkata,S002,69,5.71,1,0,30.81,0.73
2024-06-24,Kolkata,S002,73,5.89,1,0,32.06,1.74
2024-07-01,Kolkata,S002,63,6.53,0,0,34.52,2.86
2024-07-08,Kolkata,S002,45,6.49,0,0,28.09,4.52
2024-07-15,Kolkata,S002,44,6.47,0,0,30.54,3.73
2024-07-22,Kolkata,S002,47,6.54,0,0,30.63,3.34
2024-07-29,Kolkata,S002,47,6.47,0,0,29.73,3.42
2024-08-05,Kolkata,S002,53,6.48,0,1,26.66,3.76
2024-08-12,Kolkata,S002,40,6.45,0,1,29.29,3.3
2024-08-19,Kolkata,S002,40,6.56,0,0,28.07,4.31
2024-08-26,Kolkata,S002,36,5.88,1,0,29.52,3.79
2024-09-02,Kolkata,S002,49,5.84,1,0,25.98,4.26
2024-09-09,Kolkata,S002,46,5.67,1,0,25.97,2.0
2024-09-16,Kolkata,S002,39,6.3,0,0,24.94,5.44
2024-09-23,Kolkata,S002,31,6.44,0,0,25.76,4.47
2024-09-30,Kolkata,S002,49,6.41,0,0,24.73,5.37
2024-10-07,Kolkata,S002,30,6.37,0,0,24.57,5.54
2024-10-14,Kolkata,S002,43,6.36,0,1,25.1,7.59
2024-10-21,Kolkata,S002,39,6.38,0,1,27.65,7.98
2024-10-28,Kolkata,S002,28,6.33,0,1,27.06,6.34
2024-11-04,Kolkata,S002,40,6.49,0,1,28.23,7.12
2024-11-11,Kolkata,S002,32,6.55,0,1,27.27,9.39
2024-11-18,Kolkata,S002,55,6.45,0,1,27.88,8.34
2024-11-25,Kolkata,S002,45,5.86,1,0,26.2,8.85
2024-12-02,Kolkata,S002,55,5.82,1,0,27.47,9.66
2024-12-09,Kolkata,S002,59,5.72,1,0,29.33,5.92
2024-12-16,Kolkata,S002,50,6.38,0,1,29.76,8.43
2024-12-23,Kolkata,S002,62,6.48,0,1,31.74,9.58
2024-12-30,Kolkata,S002,46,6.31,0,0,31.24,10.01
2025-01-06,Kolkata,S002,43,6.46,0,0,27.7,7.92
2025-01-13,Kolkata,S002,58,6.44,0,0,31.5,7.2
2023-01-02,Kolkata,S003,53,16.4,0,0,31.38,13.08
2023-01-09,Kolkata,S003,49,16.1,0,0,31.86,8.73
2023-01-16,Kolkata,S003,58,15.88,0,0,29.53,10.03
2023-01-23,Kolkata,S003,55,16.38,0,0,33.03,8.53
2023-01-30,Kolkata,S003,87,14.29,1,0,33.73,8.28
2023-02-06,Kolkata,S003,90,14.83,1,0,34.71,8.21
2023-02-13,Kolkata,S003,66,16.4,0,0,35.63,7.85
2023-02-20,Kolkata,S003,61,16.1,0,0,35.97,9.35
2023-02-27,Kolkata,S003,77,15.9,0,0,37.99,8.56
2023-03-06,Kolkata,S003,95,16.42,0,1,35.94,8.7
2023-03-13,Kolkata,S003,115,16.15,0,1,39.04,6.19
2023-03-20,Kolkata,S003,95,16.16,0,1,39.84,5.69
2023-03-27,Kolkata,S003,81,16.41,0,1,34.92,7.48
2023-04-03,Kolkata,S003,87,16.39,0,0,37.55,6.97
2023-04-10,Kolkata,S003,80,16.0,0,0,36.56,3.92
2023-04-17,Kolkata,S003,79,16.14,0,0,39.4,3.39
2023-04-24,Kolkata,S003,78,16.32,0,0,35.0,2.42
2023-05-01,Kolkata,S003,67,16.06,0,0,32.85,3.15
2023-05-08,Kolkata,S003,83,16.36,0,0,33.41,4.05
2023-05-15,Kolkata,S003,74,16.37,0,0,32.87,2.49
2023-05-22,Kolkata,S003,87,14.69,1,0,39.21,3.96
2023-05-29,Kolkata,S003,81,14.74,1,0,35.22,1.38
2023-06-05,Kolkata,S003,78,14.44,1,0,34.15,3.2
2023-06-12,Kolkata,S003,62,15.92,0,0,31.45,3.14
2023-06-19,Kolkata,S003,53,16.31,0,0,34.95,2.46
2023-06-26,Kolkata,S003,63,16.33,0,0,32.16,0.37
2023-07-03,Kolkata,S003,41,15.88,0,0,29.63,4.06
2023-07-10,Kolkata,S003,58,16.34,0,0,30.02,1.7
2023-07-17,Kolkata,S003,48,16.36,0,0,29.26,2.81
2023-07-24,Kolkata,S003,52,15.9,0,0,27.87,3.14
2023-07-31,Kolkata,S003,44,16.28,0,0,26.9,4.07
2023-08-07,Kolkata,S003,57,16.12,0,1,26.74,4.91
2023-08-14,Kolkata,S003,52,16.22,0,1,27.74,2.53
2023-08-21,Kolkata,S003,48,16.22,0,0,28.61,2.16
2023-08-28,Kolkata,S003,35,15.88,0,0,25.97,4.09
2023-09-04,Kolkata,S003,31,16.28,0,0,26.24,1.99
2023-09-11,Kolkata,S003,32,16.41,0,0,24.74,4.93
2023-09-18,Kolkata,S003,49,14.61,1,0,23.93,6.6
2023-09-25,Kolkata,S003,35,14.3,1,0,26.52,4.82
2023-10-02,Kolkata,S003,56,14.62,1,0,25.4,8.03
2023-10-09,Kolkata,S003,37,15.91,0,0,27.18,6.61
2023-10-16,Kolkata,S003,42,16.28,0,1,23.78,8.47
2023-10-23,Kolkata,S003,52,16.27,0,1,27.7,6.68
2023-10-30,Kolkata,S003,49,16.22,0,1,25.59,6.96
2023-11-06,Kolkata,S003,42,16.12,0,1,24.99,6.93
2023-11-13,Kolkata,S003,44,15.87,0,1,28.38,5.61
2023-11-20,Kolkata,S003,55,16.45,0,1,27.28,8.18
2023-11-27,Kolkata,S003,52,15.9,0,0,28.48,6.85
2023-12-04,Kolkata,S003,46,15.88,0,0,27.17,9.76
2023-12-11,Kolkata,S003,46,16.5,0,0,27.77,9.81
2023-12-18,Kolkata,S003,59,15.99,0,1,29.57,10.0
2023-12-25,Kolkata,S003,60,15.91,0,1,30.38,7.37
2024-01-01,Kolkata,S003,68,16.37,0,0,33.02,8.77
2024-01-08,Kolkata,S003,62,16.06,0,0,34.63,9.84
2024-01-15,Kolkata,S003,75,16.09,0,0,32.82,8.17
2024-01-22,Kolkata,S003,65,16.41,0,0,33.89,8.83
2024-01-29,Kolkata,S003,70,16.11,0,0,33.2,9.46
2024-02-05,Kolkata,S003,78,16.43,0,0,34.54,7.76
2024-02-12,Kolkata,S003,58,15.99,0,0,34.9,8.32
2024-02-19,Kolkata,S003,75,16.04,0,0,35.18,7.95
2024-02-26,Kolkata,S003,87,16.27,0,0,40.82,7.43
2024-03-04,Kolkata,S003,70,16.22,0,1,36.39,5.19
2024-03-11,Kolkata,S003,105,16.16,0,1,37.42,5.53
2024-03-18,Kolkata,S003,103,16.01,0,1,36.99,6.69
2024-03-25,Kolkata,S003,127,14.75,1,1,35.09,6.34
2024-04-01,Kolkata,S003,101,14.43,1,0,38.19,4.24
2024-04-08,Kolkata,S003,94,14.56,1,0,37.1,3.24
2024-04-15,Kolkata,S003,85,16.37,0,0,39.92,5.47
2024-04-22,Kolkata,S003,70,16.01,0,0,37.07,4.53
2024-04-29,Kolkata,S003,78,16.24,0,0,38.74,4.29
2024-05-06,Kolkata,S003,68,16.07,0,0,37.16,5.91
2024-05-13,Kolkata,S003,83,16.06,0,0,35.7,2.49
2024-05-20,Kolkata,S003,88,16.2,0,0,34.47,5.26
2024-05-27,Kolkata,S003,66,16.37,0,0,35.28,2.72
2024-06-03,Kolkata,S003,68,16.36,0,0,35.98,4.33
2024-06-10,Kolkata,S003,53,15.95,0,0,33.14,1.82
2024-06-17,Kolkata,S003,62,16.03,0,0,30.81,0.73
2024-06-24,Kolkata,S003,58,15.9,0,0,32.06,1.74
2024-07-01,Kolkata,S003,59,16.35,0,0,34.52,2.86
2024-07-08,Kolkata,S003,55,16.02,0,0,28.09,4.52
2024-07-15,Kolkata,S003,52,16.46,0,0,30.54,3.73
2024-07-22,Kolkata,S003,68,14.53,1,0,30.63,3.34
2024-07-29,Kolkata,S003,62,14.76,1,0,29.73,3.42
2024-08-05,Kolkata,S003,43,16.37,0,1,26.66,3.76
2024-08-12,Kolkata,S003,57,16.5,0,1,29.29,3.3
2024-08-19,Kolkata,S003,51,16.27,0,0,28.07,4.31
2024-08-26,Kolkata,S003,52,16.26,0,0,29.52,3.79
2024-09-02,Kolkata,S003,45,16.42,0,0,25.98,4.26
2024-09-09,Kolkata,S003,57,14.71,1,0,25.97,2.0
2024-09-16,Kolkata,S003,44,14.31,1,0,24.94,5.44
2024-09-23,Kolkata,S003,47,14.45,1,0,25.76,4.47
2024-09-30,Kolkata,S003,46,15.97,0,0,24.73,5.37
2024-10-07,Kolkata,S003,32,15.98,0,0,24.57,5.54
2024-10-14,Kolkata,S003,66,15.94,0,1,25.1,7.59
2024-10-21,Kolkata,S003,61,16.1,0,1,27.65,7.98
2024-10-28,Kolkata,S003,48,15.97,0,1,27.06,6.34
2024-11-04,Kolkata,S003,52,15.94,0,1,28.23,7.12
2024-11-11,Kolkata,S003,54,15.89,0,1,27.27,9.39
2024-11-18,Kolkata,S003,52,16.1,0,1,27.88,8.34
2024-11-25,Kolkata,S003,45,16.3,0,0,26.2,8.85
2024-12-02,Kolkata,S003,64,16.09,0,0,27.47,9.66
2024-12-09,Kolkata,S003,43,16.49,0,0,29.33,5.92
2024-12-16,Kolkata,S003,54,16.42,0,1,29.76,8.43
2024-12-23,Kolkata,S003,73,16.42,0,1,31.74,9.58
2024-12-30,Kolkata,S003,61,15.94,0,0,31.24,10.01
2025-01-06,Kolkata,S003,61,16.07,0,0,27.7,7.92
2025-01-13,Kolkata,S003,87,14.31,1,0,31.5,7.2
