data/panel_train.csv
week_start,market,sku_id,units,price,promo_flag,holiday_flag,temp_c,rain_mm
2023-01-02,Kolkata,S004,61,22.14,0,0,31.38,13.08
2023-01-09,Kolkata,S004,59,22.23,0,0,31.86,8.73
2023-01-16,Kolkata,S004,90,19.84,1,0,29.53,10.03
2023-01-23,Kolkata,S004,80,19.56,1,0,33.03,8.53
2023-01-30,Kolkata,S004,73,21.54,0,0,33.73,8.28
2023-02-06,Kolkata,S004,65,22.07,0,0,34.71,8.21
2023-02-13,Kolkata,S004,61,21.73,0,0,35.63,7.85
2023-02-20,Kolkata,S004,82,22.01,0,0,35.97,9.35
2023-02-27,Kolkata,S004,97,21.57,0,0,37.99,8.56
2023-03-06,Kolkata,S004,97,21.71,0,1,35.94,8.7
2023-03-13,Kolkata,S004,98,22.01,0,1,39.04,6.19
2023-03-20,Kolkata,S004,98,21.74,0,1,39.84,5.69
2023-03-27,Kolkata,S004,107,22.31,0,1,34.92,7.48
2023-04-03,Kolkata,S004,80,22.18,0,0,37.55,6.97
2023-04-10,Kolkata,S004,92,22.12,0,0,36.56,3.92
2023-04-17,Kolkata,S004,77,21.76,0,0,39.4,3.39
2023-04-24,Kolkata,S004,85,22.09,0,0,35.0,2.42
2023-05-01,Kolkata,S004,91,21.59,0,0,32.85,3.15
2023-05-08,Kolkata,S004,88,21.88,0,0,33.41,4.05
2023-05-15,Kolkata,S004,72,21.87,0,0,32.87,2.49
2023-05-22,Kolkata,S004,80,22.0,0,0,39.21,3.96
2023-05-29,Kolkata,S004,94,21.79,0,0,35.22,1.38
2023-06-05,Kolkata,S004,79,21.63,0,0,34.15,3.2
2023-06-12,Kolkata,S004,62,22.27,0,0,31.45,3.14
2023-06-19,Kolkata,S004,77,22.29,0,0,34.95,2.46
2023-06-26,Kolkata,S004,68,22.21,0,0,32.16,0.37
2023-07-03,Kolkata,S004,68,21.98,0,0,29.63,4.06
2023-07-10,Kolkata,S004,66,21.8,0,0,30.02,1.7
2023-07-17,Kolkata,S004,49,22.26,0,0,29.26,2.81
2023-07-24,Kolkata,S004,47,22.06,0,0,27.87,3.14
2023-07-31,Kolkata,S004,58,21.75,0,0,26.9,4.07
2023-08-07,Kolkata,S004,52,22.19,0,1,26.74,4.91
2023-08-14,Kolkata,S004,62,21.58,0,1,27.74,2.53
2023-08-21,Kolkata,S004,50,22.33,0,0,28.61,2.16
2023-08-28,Kolkata,S004,47,22.07,0,0,25.97,4.09
2023-09-04,Kolkata,S004,49,19.79,1,0,26.24,1.99
2023-09-11,Kolkata,S004,39,19.36,1,0,24.74,4.93
2023-09-18,Kolkata,S004,60,19.55,1,0,23.93,6.6
2023-09-25,Kolkata,S004,35,22.09,0,0,26.52,4.82
2023-10-02,Kolkata,S004,42,21.68,0,0,25.4,8.03
2023-10-09,Kolkata,S004,47,21.64,0,0,27.18,6.61
2023-10-16,Kolkata,S004,37,21.68,0,1,23.78,8.47
2023-10-23,Kolkata,S004,55,22.24,0,1,27.7,6.68
2023-10-30,Kolkata,S004,58,21.94,0,1,25.59,6.96
2023-11-06,Kolkata,S004,47,22.38,0,1,24.99,6.93
2023-11-13,Kolkata,S004,65,20.13,1,1,28.38,5.61
2023-11-20,Kolkata,S004,62,20.03,1,1,27.28,8.18
2023-11-27,Kolkata,S004,40,21.81,0,0,28.48,6.85
2023-12-04,Kolkata,S004,41,22.28,0,0,27.17,9.76
2023-12-11,Kolkata,S004,40,21.64,0,0,27.77,9.81
2023-12-18,Kolkata,S004,67,21.95,0,1,29.57,10.0
2023-12-25,Kolkata,S004,71,21.91,0,1,30.38,7.37
2024-01-01,Kolkata,S004,87,19.72,1,0,33.02,8.77
2024-01-08,Kolkata,S004,85,19.51,1,0,34.63,9.84
2024-01-15,Kolkata,S004,76,19.52,1,0,32.82,8.17
2024-01-22,Kolkata,S004,83,21.95,0,0,33.89,8.83
2024-01-29,Kolkata,S004,60,21.95,0,0,33.2,9.46
2024-02-05,Kolkata,S004,70,21.59,0,0,34.54,7.76
2024-02-12,Kolkata,S004,69,21.54,0,0,34.9,8.32
2024-02-19,Kolkata,S004,84,22.24,0,0,35.18,7.95
2024-02-26,Kolkata,S004,78,21.94,0,0,40.82,7.43
2024-03-04,Kolkata,S004,134,21.64,0,1,36.39,5.19
2024-03-11,Kolkata,S004,113,21.76,0,1,37.42,5.53
2024-03-18,Kolkata,S004,103,21.66,0,1,36.99,6.69
2024-03-25,Kolkata,S004,101,22.02,0,1,35.09,6.34
2024-04-01,Kolkata,S004,91,22.11,0,0,38.19,4.24
2024-04-08,Kolkata,S004,102,21.99,0,0,37.1,3.24
2024-04-15,Kolkata,S004,101,22.06,0,0,39.92,5.47
2024-04-22,Kolkata,S004,102,21.95,0,0,37.07,4.53
2024-04-29,Kolkata,S004,90,21.78,0,0,38.74,4.29
2024-05-06,Kolkata,S004,86,22.12,0,0,37.16,5.91
2024-05-13,Kolkata,S004,76,21.74,0,0,35.7,2.49
2024-05-20,Kolkata,S004,75,21.57,0,0,34.47,5.26
2024-05-27,Kolkata,S004,74,21.76,0,0,35.28,2.72
2024-06-03,Kolkata,S004,90,21.59,0,0,35.98,4.33
2024-06-10,Kolkata,S004,108,19.93,1,0,33.14,1.82
2024-06-17,Kolkata,S004,92,20.1,1,0,30.81,0.73
2024-06-24,Kolkata,S004,108,19.8,1,0,32.06,1.74
2024-07-01,Kolkata,S004,73,21.55,0,0,34.52,2.86
2024-07-08,Kolkata,S004,57,21.84,0,0,28.09,4.52
2024-07-15,Kolkata,S004,63,22.16,0,0,30.54,3.73
2024-07-22,Kolkata,S004,72,21.9,0,0,30.63,3.34
2024-07-29,Kolkata,S004,62,22.35,0,0,29.73,3.42
2024-08-05,Kolkata,S004,59,21.93,0,1,26.66,3.76
2024-08-12,Kolkata,S004,57,22.0,0,1,29.29,3.3
2024-08-19,Kolkata,S004,58,21.95,0,0,28.07,4.31
2024-08-26,Kolkata,S004,54,21.54,0,0,29.52,3.79
2024-09-02,Kolkata,S004,41,22.28,0,0,25.98,4.26
2024-09-09,Kolkata,S004,44,21.7,0,0,25.97,2.0
2024-09-16,Kolkata,S004,45,22.28,0,0,24.94,5.44
2024-09-23,Kolkata,S004,39,22.27,0,0,25.76,4.47
2024-09-30,Kolkata,S004,37,21.94,0,0,24.73,5.37
2024-10-07,Kolkata,S004,38,21.88,0,0,24.57,5.54
2024-10-14,Kolkata,S004,47,22.11,0,1,25.1,7.59
2024-10-21,Kolkata,S004,48,22.21,0,1,27.65,7.98
2024-10-28,Kolkata,S004,51,21.62,0,1,27.06,6.34
2024-11-04,Kolkata,S004,51,21.67,0,1,28.23,7.12
2024-11-11,Kolkata,S004,51,21.77,0,1,27.27,9.39
2024-11-18,Kolkata,S004,83,22.03,0,1,27.88,8.34
2024-11-25,Kolkata,S004,43,22.36,0,0,26.2,8.85
2024-12-02,Kolkata,S004,73,19.92,1,0,27.47,9.66
2024-12-09,Kolkata,S004,57,19.41,1,0,29.33,5.92
2024-12-16,Kolkata,S004,96,19.93,1,1,29.76,8.43
2024-12-23,Kolkata,S004,79,22.19,0,1,31.74,9.58
2024-12-30,Kolkata,S004,61,22.15,0,0,31.24,10.01
2025-01-06,Kolkata,S004,82,19.89,1,0,27.7,7.92
2025-01-13,Kolkata,S004,84,20.09,1,0,31.5,7.2
2023-01-02,Kolkata,S005,64,15.11,0,0,31.38,13.08
2023-01-09,Kolkata,S005,74,14.98,0,0,31.86,8.73
2023-01-16,Kolkata,S005,55,15.28,0,0,29.53,10.03
2023-01-23,Kolkata,S005,95,13.68,1,0,33.03,8.53
2023-01-30,Kolkata,S005,96,13.84,1,0,33.73,8.28
2023-02-06,Kolkata,S005,128,13.62,1,0,34.71,8.21
2023-02-13,Kolkata,S005,81,15.17,0,0,35.63,7.85
2023-02-20,Kolkata,S005,71,15.32,0,0,35.97,9.35
2023-02-27,Kolkata,S005,97,15.23,0,0,37.99,8.56
2023-03-06,Kolkata,S005,137,15.08,0,1,35.94,8.7
2023-03-13,Kolkata,S005,120,15.46,0,1,39.04,6.19
2023-03-20,Kolkata,S005,116,14.99,0,1,39.84,5.69
2023-03-27,Kolkata,S005,118,15.43,0,1,34.92,7.48
2023-04-03,Kolkata,S005,91,15.16,0,0,37.55,6.97
2023-04-10,Kolkata,S005,111,15.22,0,0,36.56,3.92
2023-04-17,Kolkata,S005,81,15.5,0,0,39.4,3.39
2023-04-24,Kolkata,S005,90,15.53,0,0,35.0,2.42
2023-05-01,Kolkata,S005,97,15.54,0,0,32.85,3.15
2023-05-08,Kolkata,S005,138,13.88,1,0,33.41,4.05
2023-05-15,Kolkata,S005,124,13.67,1,0,32.87,2.49
2023-05-22,Kolkata,S005,112,13.52,1,0,39.21,3.96
2023-05-29,Kolkata,S005,79,14.96,0,0,35.22,1.38
2023-06-05,Kolkata,S005,86,15.23,0,0,34.15,3.2
2023-06-12,Kolkata,S005,85,15.48,0,0,31.45,3.14
2023-06-19,Kolkata,S005,76,15.47,0,0,34.95,2.46
2023-06-26,Kolkata,S005,69,15.42,0,0,32.16,0.37
2023-07-03,Kolkata,S005,106,13.55,1,0,29.63,4.06
2023-07-10,Kolkata,S005,97,13.93,1,0,30.02,1.7
2023-07-17,Kolkata,S005,85,13.92,1,0,29.26,2.81
2023-07-24,Kolkata,S005,65,15.28,0,0,27.87,3.14
2023-07-31,Kolkata,S005,50,15.01,0,0,26.9,4.07
2023-08-07,Kolkata,S005,73,15.2,0,1,26.74,4.91
2023-08-14,Kolkata,S005,71,13.97,1,1,27.74,2.53
2023-08-21,Kolkata,S005,56,13.76,1,0,28.61,2.16
2023-08-28,Kolkata,S005,54,13.49,1,0,25.97,4.09
2023-09-04,Kolkata,S005,33,15.4,0,0,26.24,1.99
2023-09-11,Kolkata,S005,43,15.13,0,0,24.74,4.93
2023-09-18,Kolkata,S005,56,15.13,0,0,23.93,6.6
2023-09-25,Kolkata,S005,47,14.96,0,0,26.52,4.82
2023-10-02,Kolkata,S005,61,15.29,0,0,25.4,8.03
2023-10-09,Kolkata,S005,49,15.49,0,0,27.18,6.61
2023-10-16,Kolkata,S005,67,15.22,0,1,23.78,8.47
2023-10-23,Kolkata,S005,63,15.16,0,1,27.7,6.68
2023-10-30,Kolkata,S005,57,15.13,0,1,25.59,6.96
2023-11-06,Kolkata,S005,56,15.54,0,1,24.99,6.93
2023-11-13,Kolkata,S005,79,15.06,0,1,28.38,5.61
2023-11-20,Kolkata,S005,56,15.31,0,1,27.28,8.18
2023-11-27,Kolkata,S005,57,15.18,0,0,28.48,6.85
2023-12-04,Kolkata,S005,65,15.19,0,0,27.17,9.76
2023-12-11,Kolkata,S005,73,13.64,1,0,27.77,9.81
2023-12-18,Kolkata,S005,83,13.8,1,1,29.57,10.0
2023-12-25,Kolkata,S005,88,15.02,0,1,30.38,7.37
2024-01-01,Kolkata,S005,65,15.06,0,0,33.02,8.77
2024-01-08,Kolkata,S005,85,15.45,0,0,34.63,9.84
2024-01-15,Kolkata,S005,89,15.17,0,0,32.82,8.17
2024-01-22,Kolkata,S005,74,15.25,0,0,33.89,8.83
2024-01-29,Kolkata,S005,77,15.43,0,0,33.2,9.46
2024-02-05,Kolkata,S005,78,15.48,0,0,34.54,7.76
2024-02-12,Kolkata,S005,109,15.31,0,0,34.9,8.32
2024-02-19,Kolkata,S005,94,15.17,0,0,35.18,7.95
2024-02-26,Kolkata,S005,92,15.49,0,0,40.82,7.43
2024-03-04,Kolkata,S005,175,13.91,1,1,36.39,5.19
2024-03-11,Kolkata,S005,161,13.62,1,1,37.42,5.53
2024-03-18,Kolkata,S005,131,15.01,0,1,36.99,6.69
2024-03-25,Kolkata,S005,115,15.11,0,1,35.09,6.34
2024-04-01,Kolkata,S005,101,15.04,0,0,38.19,4.24
2024-04-08,Kolkata,S005,123,15.31,0,0,37.1,3.24
2024-04-15,Kolkata,S005,97,15.44,0,0,39.92,5.47
2024-04-22,Kolkata,S005,105,15.42,0,0,37.07,4.53
2024-04-29,Kolkata,S005,121,15.06,0,0,38.74,4.29
2024-05-06,Kolkata,S005,100,15.02,0,0,37.16,5.91
2024-05-13,Kolkata,S005,96,15.38,0,0,35.7,2.49
2024-05-20,Kolkata,S005,79,15.37,0,0,34.47,5.26
2024-05-27,Kolkata,S005,113,13.63,1,0,35.28,2.72
2024-06-03,Kolkata,S005,126,13.66,1,0,35.98,4.33
2024-06-10,Kolkata,S005,107,13.91,1,0,33.14,1.82
2024-06-17,Kolkata,S005,69,15.02,0,0,30.81,0.73
2024-06-24,Kolkata,S005,72,15.12,0,0,32.06,1.74
2024-07-01,Kolkata,S005,77,15.29,0,0,34.52,2.86
2024-07-08,Kolkata,S005,52,15.42,0,0,28.09,4.52
2024-07-15,Kolkata,S005,71,15.33,0,0,30.54,3.73
2024-07-22,Kolkata,S005,65,15.4,0,0,30.63,3.34
2024-07-29,Kolkata,S005,59,15.4,0,0,29.73,3.42
2024-08-05,Kolkata,S005,78,15.31,0,1,26.66,3.76
2024-08-12,Kolkata,S005,57,15.32,0,1,29.29,3.3
2024-08-19,Kolkata,S005,46,15.23,0,0,28.07,4.31
2024-08-26,Kolkata,S005,50,14.96,0,0,29.52,3.79
2024-09-02,Kolkata,S005,44,15.29,0,0,25.98,4.26
2024-09-09,Kolkata,S005,49,15.21,0,0,25.97,2.0
2024-09-16,Kolkata,S005,47,15.03,0,0,24.94,5.44
2024-09-23,Kolkata,S005,42,15.42,0,0,25.76,4.47
2024-09-30,Kolkata,S005,42,15.17,0,0,24.73,5.37
2024-10-07,Kolkata,S005,47,15.07,0,0,24.57,5.54
2024-10-14,Kolkata,S005,63,15.28,0,1,25.1,7.59
2024-10-21,Kolkata,S005,76,13.59,1,1,27.65,7.98
2024-10-28,Kolkata,S005,88,13.66,1,1,27.06,6.34
2024-11-04,Kolkata,S005,81,13.95,1,1,28.23,7.12
2024-11-11,Kolkata,S005,75,15.08,0,1,27.27,9.39
2024-11-18,Kolkata,S005,80,15.21,0,1,27.88,8.34
2024-11-25,Kolkata,S005,51,15.1,0,0,26.2,8.85
2024-12-02,Kolkata,S005,54,15.51,0,0,27.47,9.66
2024-12-09,Kolkata,S005,53,15.39,0,0,29.33,5.92
2024-12-16,Kolkata,S005,84,15.29,0,1,29.76,8.43
2024-12-23,Kolkata,S005,130,13.68,1,1,31.74,9.58
2024-12-30,Kolkata,S005,101,13.49,1,0,31.24,10.01
2025-01-06,Kolkata,S005,82,15.21,0,0,27.7,7.92
2025-01-13,Kolkata,S005,78,15.08,0,0,31.5,7.2
2023-01-02,Kolkata,S006,65,16.49,0,0,31.38,13.08
2023-01-09,Kolkata,S006,88,16.95,0,0,31.86,8.73
2023-01-16,Kolkata,S006,71,16.6,0,0,29.53,10.03
2023-01-23,Kolkata,S006,72,16.85,0,0,33.03,8.53
2023-01-30,Kolkata,S006,90,16.58,0,0,33.73,8.28
2023-02-06,Kolkata,S006,124,15.16,1,0,34.71,8.21
2023-02-13,Kolkata,S006,132,15.13,1,0,35.63,7.85
2023-02-20,Kolkata,S006,91,16.8,0,0,35.97,9.35
2023-02-27,Kolkata,S006,98,16.63,0,0,37.99,8.56
2023-03-06,Kolkata,S006,122,16.69,0,1,35.94,8.7
2023-03-13,Kolkata,S006,138,16.74,0,1,39.04,6.19
2023-03-20,Kolkata,S006,154,15.3,1,1,39.84,5.69
2023-03-27,Kolkata,S006,156,14.94,1,1,34.92,7.48
2023-04-03,Kolkata,S006,176,14.96,1,0,37.55,6.97
2023-04-10,Kolkata,S006,105,16.42,0,0,36.56,3.92
2023-04-17,Kolkata,S006,116,16.88,0,0,39.4,3.39
2023-04-24,Kolkata,S006,100,16.89,0,0,35.0,2.42
2023-05-01,Kolkata,S006,91,16.51,0,0,32.85,3.15
2023-05-08,Kolkata,S006,125,14.71,1,0,33.41,4.05
2023-05-15,Kolkata,S006,120,14.84,1,0,32.87,2.49
2023-05-22,Kolkata,S006,102,16.49,0,0,39.21,3.96
2023-05-29,Kolkata,S006,78,16.78,0,0,35.22,1.38
2023-06-05,Kolkata,S006,90,16.48,0,0,34.15,3.2
2023-06-12,Kolkata,S006,99,16.47,0,0,31.45,3.14
2023-06-19,Kolkata,S006,78,16.85,0,0,34.95,2.46
2023-06-26,Kolkata,S006,75,16.94,0,0,32.16,0.37
2023-07-03,Kolkata,S006,70,16.89,0,0,29.63,4.06
2023-07-10,Kolkata,S006,56,16.62,0,0,30.02,1.7
2023-07-17,Kolkata,S006,75,15.29,1,0,29.26,2.81
2023-07-24,Kolkata,S006,98,14.9,1,0,27.87,3.14
2023-07-31,Kolkata,S006,94,14.72,1,0,26.9,4.07
2023-08-07,Kolkata,S006,82,16.64,0,1,26.74,4.91
2023-08-14,Kolkata,S006,66,16.4,0,1,27.74,2.53
2023-08-21,Kolkata,S006,43,16.55,0,0,28.61,2.16
2023-08-28,Kolkata,S006,64,16.61,0,0,25.97,4.09
2023-09-04,Kolkata,S006,45,16.84,0,0,26.24,1.99
2023-09-11,Kolkata,S006,49,16.51,0,0,24.74,4.93
2023-09-18,Kolkata,S006,58,16.75,0,0,23.93,6.6
2023-09-25,Kolkata,S006,53,16.37,0,0,26.52,4.82
2023-10-02,Kolkata,S006,57,16.49,0,0,25.4,8.03
2023-10-09,Kolkata,S006,54,16.56,0,0,27.18,6.61
2023-10-16,Kolkata,S006,62,16.82,0,1,23.78,8.47
2023-10-23,Kolkata,S006,62,16.72,0,1,27.7,6.68
2023-10-30,Kolkata,S006,56,16.54,0,1,25.59,6.96
2023-11-06,Kolkata,S006,81,16.59,0,1,24.99,6.93
2023-11-13,Kolkata,S006,74,15.13,1,1,28.38,5.61
2023-11-20,Kolkata,S006,110,15.13,1,1,27.28,8.18
2023-11-27,Kolkata,S006,71,16.39,0,0,28.48,6.85
2023-12-04,Kolkata,S006,65,16.47,0,0,27.17,9.76
2023-12-11,Kolkata,S006,61,16.72,0,0,27.77,9.81
2023-12-18,Kolkata,S006,94,16.83,0,1,29.57,10.0
2023-12-25,Kolkata,S006,81,16.46,0,1,30.38,7.37
2024-01-01,Kolkata,S006,75,16.45,0,0,33.02,8.77
2024-01-08,Kolkata,S006,84,16.35,0,0,34.63,9.84
2024-01-15,Kolkata,S006,90,16.82,0,0,32.82,8.17
2024-01-22,Kolkata,S006,101,15.11,1,0,33.89,8.83
2024-01-29,Kolkata,S006,110,14.84,1,0,33.2,9.46
2024-02-05,Kolkata,S006,106,16.76,0,0,34.54,7.76
2024-02-12,Kolkata,S006,104,16.78,0,0,34.9,8.32
2024-02-19,Kolkata,S006,114,16.93,0,0,35.18,7.95
2024-02-26,Kolkata,S006,89,16.79,0,0,40.82,7.43
2024-03-04,Kolkata,S006,133,16.43,0,1,36.39,5.19
2024-03-11,Kolkata,S006,132,16.42,0,1,37.42,5.53
2024-03-18,Kolkata,S006,134,16.48,0,1,36.99,6.69
2024-03-25,Kolkata,S006,145,16.62,0,1,35.09,6.34
2024-04-01,Kolkata,S006,121,16.67,0,0,38.19,4.24
2024-04-08,Kolkata,S006,110,16.56,0,0,37.1,3.24
2024-04-15,Kolkata,S006,123,16.82,0,0,39.92,5.47
2024-04-22,Kolkata,S006,123,16.79,0,0,37.07,4.53
2024-04-29,Kolkata,S006,112,16.87,0,0,38.74,4.29
2024-05-06,Kolkata,S006,114,16.76,0,0,37.16,5.91
2024-05-13,Kolkata,S006,94,16.78,0,0,35.7,2.49
2024-05-20,Kolkata,S006,89,16.64,0,0,34.47,5.26
2024-05-27,Kolkata,S006,94,16.5,0,0,35.28,2.72
2024-06-03,Kolkata,S006,114,16.38,0,0,35.98,4.33
2024-06-10,Kolkata,S006,94,16.37,0,0,33.14,1.82
2024-06-17,Kolkata,S006,112,14.92,1,0,30.81,0.73
2024-06-24,Kolkata,S006,105,15.23,1,0,32.06,1.74
2024-07-01,Kolkata,S006,112,15.23,1,0,34.52,2.86
2024-07-08,Kolkata,S006,92,16.38,0,0,28.09,4.52
2024-07-15,Kolkata,S006,79,16.37,0,0,30.54,3.73
2024-07-22,Kolkata,S006,77,16.52,0,0,30.63,3.34
2024-07-29,Kolkata,S006,67,16.96,0,0,29.73,3.42
2024-08-05,Kolkata,S006,88,16.89,0,1,26.66,3.76
2024-08-12,Kolkata,S006,91,16.61,0,1,29.29,3.3
2024-08-19,Kolkata,S006,61,16.77,0,0,28.07,4.31
2024-08-26,Kolkata,S006,45,16.45,0,0,29.52,3.79
2024-09-02,Kolkata,S006,47,17.0,0,0,25.98,4.26
2024-09-09,Kolkata,S006,46,16.65,0,0,25.97,2.0
2024-09-16,Kolkata,S006,52,16.7,0,0,24.94,5.44
2024-09-23,Kolkata,S006,63,14.92,1,0,25.76,4.47
2024-09-30,Kolkata,S006,61,14.9,1,0,24.73,5.37
2024-10-07,Kolkata,S006,86,14.87,1,0,24.57,5.54
2024-10-14,Kolkata,S006,64,16.56,0,1,25.1,7.59
2024-10-21,Kolkata,S006,69,16.97,0,1,27.65,7.98
2024-10-28,Kolkata,S006,73,16.52,0,1,27.06,6.34
2024-11-04,Kolkata,S006,50,16.41,0,1,28.23,7.12
2024-11-11,Kolkata,S006,65,16.9,0,1,27.27,9.39
2024-11-18,Kolkata,S006,69,16.45,0,1,27.88,8.34
2024-11-25,Kolkata,S006,73,17.0,0,0,26.2,8.85
2024-12-02,Kolkata,S006,58,16.69,0,0,27.47,9.66
2024-12-09,Kolkata,S006,60,16.97,0,0,29.33,5.92
2024-12-16,Kolkata,S006,87,16.91,0,1,29.76,8.43
2024-12-23,Kolkata,S006,84,16.47,0,1,31.74,9.58
2024-12-30,Kolkata,S006,110,15.16,1,0,31.24,10.01
2025-01-06,Kolkata,S006,106,14.83,1,0,27.7,7.92
2025-01-13,Kolkata,S006,117,15.11,1,0,31.5,7.2
