data/panel_train.csv
week_start,market,sku_id,units,price,promo_flag,holiday_flag,temp_c,rain_mm
2023-01-02,Mumbai,S001,22,10.04,0,0,23.97,8.86
2023-01-09,Mumbai,S001,23,9.92,0,0,20.88,5.81
2023-01-16,Mumbai,S001,18,9.82,0,0,23.73,7.68
2023-01-23,Mumbai,S001,30,10.11,0,0,24.19,7.8
2023-01-30,Mumbai,S001,30,10.06,0,0,24.01,11.07
2023-02-06,Mumbai,S001,36,8.81,1,0,24.58,7.14
2023-02-13,Mumbai,S001,41,9.02,1,0,24.97,6.4
2023-02-20,Mumbai,S001,37,9.88,0,0,27.15,6.42
2023-02-27,Mumbai,S001,40,9.91,0,0,27.07,6.9
2023-03-06,Mumbai,S001,41,10.05,0,1,28.32,6.76
2023-03-13,Mumbai,S001,36,9.91,0,1,24.97,4.33
2023-03-20,Mumbai,S001,50,10.15,0,1,29.11,4.85
2023-03-27,Mumbai,S001,48,10.09,0,1,25.15,4.42
2023-04-03,Mumbai,S001,34,10.09,0,0,29.07,3.15
2023-04-10,Mumbai,S001,46,10.06,0,0,25.83,3.7
2023-04-17,Mumbai,S001,29,10.02,0,0,25.12,2.72
2023-04-24,Mumbai,S001,36,9.9,0,0,24.51,3.24
2023-05-01,Mumbai,S001,28,10.02,0,0,25.96,2.65
2023-05-08,Mumbai,S001,25,10.12,0,0,23.63,4.66
2023-05-15,Mumbai,S001,42,9.79,0,0,23.67,3.2
2023-05-22,Mumbai,S001,28,10.12,0,0,23.54,3.42
2023-05-29,Mumbai,S001,36,10.15,0,0,26.02,1.34
2023-06-05,Mumbai,S001,28,10.05,0,0,21.08,3.04
2023-06-12,Mumbai,S001,44,9.09,1,0,26.12,2.55
2023-06-19,Mumbai,S001,40,8.94,1,0,22.85,2.93
2023-06-26,Mumbai,S001,21,9.85,0,0,23.05,0.89
2023-07-03,Mumbai,S001,28,9.88,0,0,20.19,2.59
2023-07-10,Mumbai,S001,21,9.81,0,0,20.24,3.46
2023-07-17,Mumbai,S001,21,10.16,0,0,18.68,2.85
2023-07-24,Mumbai,S001,26,10.09,0,0,19.56,1.9
2023-07-31,Mumbai,S001,19,9.99,0,0,20.15,3.02
2023-08-07,Mumbai,S001,30,10.12,0,1,16.26,3.16
2023-08-14,Mumbai,S001,20,9.78,0,1,19.26,2.46
2023-08-21,Mumbai,S001,12,10.01,0,0,16.31,2.07
2023-08-28,Mumbai,S001,18,10.02,0,0,16.22,3.98
2023-09-04,Mumbai,S001,13,10.07,0,0,14.64,1.85
2023-09-11,Mumbai,S001,20,9.9,0,0,15.0,2.14
2023-09-18,Mumbai,S001,20,10.16,0,0,16.14,3.63
2023-09-25,Mumbai,S001,13,10.04,0,0,12.59,4.08
2023-10-02,Mumbai,S001,23,9.97,0,0,14.89,5.4
2023-10-09,Mumbai,S001,17,8.89,1,0,15.0,7.46
2023-10-16,Mumbai,S001,27,9.1,1,1,14.57,5.5
2023-10-23,Mumbai,S001,22,9.85,0,1,15.41,5.58
2023-10-30,Mumbai,S001,19,10.03,0,1,16.08,6.9
2023-11-06,Mumbai,S001,25,9.89,0,1,18.25,4.68
2023-11-13,Mumbai,S001,24,9.96,0,1,15.92,6.31
2023-11-20,Mumbai,S001,21,10.04,0,1,18.6,6.68
2023-11-27,Mumbai,S001,21,10.08,0,0,14.92,7.43
2023-12-04,Mumbai,S001,29,8.83,1,0,18.34,7.73
2023-12-11,Mumbai,S001,26,8.82,1,0,17.49,9.73
2023-12-18,Mumbai,S001,36,8.95,1,1,19.25,7.55
2023-12-25,Mumbai,S001,24,9.98,0,1,19.1,6.72
2024-01-01,Mumbai,S001,24,10.0,0,0,19.34,7.39
2024-01-08,Mumbai,S001,27,10.03,0,0,20.46,10.31
2024-01-15,Mumbai,S001,27,9.83,0,0,19.78,6.42
2024-01-22,Mumbai,S001,37,10.09,0,0,22.7,8.47
2024-01-29,Mumbai,S001,25,9.87,0,0,23.34,8.33
2024-02-05,Mumbai,S001,35,9.98,0,0,23.1,7.4
2024-02-12,Mumbai,S001,33,9.85,0,0,27.77,5.94
2024-02-19,Mumbai,S001,40,9.85,0,0,26.3,7.1
2024-02-26,Mumbai,S001,36,8.88,1,0,22.74,5.86
2024-03-04,Mumbai,S001,46,8.8,1,1,28.19,6.42
2024-03-11,Mumbai,S001,52,9.86,0,1,24.97,6.75
2024-03-18,Mumbai,S001,45,9.79,0,1,26.28,6.01
2024-03-25,Mumbai,S001,55,9.97,0,1,27.7,3.88
2024-04-01,Mumbai,S001,44,10.1,0,0,28.36,3.65
2024-04-08,Mumbai,S001,40,10.02,0,0,25.17,3.44
2024-04-15,Mumbai,S001,31,10.05,0,0,26.48,4.27
2024-04-22,Mumbai,S001,33,9.92,0,0,25.63,4.69
2024-04-29,Mumbai,S001,41,10.12,0,0,26.87,2.63
2024-05-06,Mumbai,S001,42,9.8,0,0,27.45,4.55
2024-05-13,Mumbai,S001,39,9.85,0,0,25.52,2.61
2024-05-20,Mumbai,S001,40,8.93,1,0,22.49,2.12
2024-05-27,Mumbai,S001,48,8.8,1,0,24.15,2.68
2024-06-03,Mumbai,S001,36,9.8,0,0,23.71,2.5
2024-06-10,Mumbai,S001,27,9.91,0,0,25.6,1.42
2024-06-17,Mumbai,S001,41,10.0,0,0,21.88,0.38
2024-06-24,Mumbai,S001,26,10.05,0,0,21.89,3.05
2024-07-01,Mumbai,S001,26,9.79,0,0,18.55,1.06
2024-07-08,Mumbai,S001,26,10.17,0,0,20.51,2.9
2024-07-15,Mumbai,S001,20,9.98,0,0,20.31,2.34
2024-07-22,Mumbai,S001,34,9.1,1,0,18.71,2.63
2024-07-29,Mumbai,S001,33,9.0,1,0,19.91,0.15
2024-08-05,Mumbai,S001,17,10.11,0,1,18.86,2.27
2024-08-12,Mumbai,S001,28,9.89,0,1,16.4,0.0
2024-08-19,Mumbai,S001,14,10.13,0,0,14.61,4.91
2024-08-26,Mumbai,S001,21,9.97,0,0,15.21,1.85
2024-09-02,Mumbai,S001,16,10.06,0,0,15.18,2.57
2024-09-09,Mumbai,S001,21,10.08,0,0,15.75,5.62
2024-09-16,Mumbai,S001,31,8.93,1,0,14.47,4.33
2024-09-23,Mumbai,S001,27,8.88,1,0,13.5,6.32
2024-09-30,Mumbai,S001,20,8.94,1,0,15.46,3.56
2024-10-07,Mumbai,S001,16,10.14,0,0,16.58,6.66
2024-10-14,Mumbai,S001,28,9.94,0,1,15.59,3.61
2024-10-21,Mumbai,S001,19,9.93,0,1,18.24,6.3
2024-10-28,Mumbai,S001,24,10.12,0,1,17.62,5.59
2024-11-04,Mumbai,S001,21,9.86,0,1,15.64,6.7
2024-11-11,Mumbai,S001,17,10.04,0,1,18.35,7.02
2024-11-18,Mumbai,S001,24,9.8,0,1,15.31,7.42
2024-11-25,Mumbai,S001,12,9.8,0,0,20.21,7.41
2024-12-02,Mumbai,S001,26,9.84,0,0,18.58,6.0
2024-12-09,Mumbai,S001,23,10.17,0,0,16.94,6.9
2024-12-16,Mumbai,S001,31,10.0,0,1,19.25,7.9
2024-12-23,Mumbai,S001,31,10.13,0,1,20.7,9.76
2024-12-30,Mumbai,S001,25,10.12,0,0,21.26,9.14
2025-01-06,Mumbai,S001,29,10.1,0,0,21.84,9.58
2025-01-13,Mumbai,S001,27,10.01,0,0,19.81,7.05
2023-01-02,Mumbai,S002,27,6.5,0,0,23.97,8.86
2023-01-09,Mumbai,S002,27,6.44,0,0,20.88,5.81
2023-01-16,Mumbai,S002,29,6.48,0,0,23.73,7.68
2023-01-23,Mumbai,S002,36,6.55,0,0,24.19,7.8
2023-01-30,Mumbai,S002,47,5.79,1,0,24.01,11.07
2023-02-06,Mumbai,S002,43,5.76,1,0,24.58,7.14
2023-02-13,Mumbai,S002,38,5.87,1,0,24.97,6.4
2023-02-20,Mumbai,S002,41,6.54,0,0,27.15,6.42
2023-02-27,Mumbai,S002,41,6.44,0,0,27.07,6.9
2023-03-06,Mumbai,S002,52,6.37,0,1,28.32,6.76
2023-03-13,Mumbai,S002,53,6.36,0,1,24.97,4.33
2023-03-20,Mumbai,S002,68,5.75,1,1,29.11,4.85
2023-03-27,Mumbai,S002,77,5.76,1,1,25.15,4.42
2023-04-03,Mumbai,S002,36,6.49,0,0,29.07,3.15
2023-04-10,Mumbai,S002,37,6.5,0,0,25.83,3.7
2023-04-17,Mumbai,S002,40,6.49,0,0,25.12,2.72
2023-04-24,Mumbai,S002,47,6.3,0,0,24.51,3.24
2023-05-01,Mumbai,S002,38,6.4,0,0,25.96,2.65
2023-05-08,Mumbai,S002,33,6.52,0,0,23.63,4.66
2023-05-15,Mumbai,S002,48,6.51,0,0,23.67,3.2
2023-05-22,Mumbai,S002,43,6.41,0,0,23.54,3.42
2023-05-29,Mumbai,S002,32,6.32,0,0,26.02,1.34
2023-06-05,Mumbai,S002,28,6.48,0,0,21.08,3.04
2023-06-12,Mumbai,S002,36,6.54,0,0,26.12,2.55
2023-06-19,Mumbai,S002,32,6.53,0,0,22.85,2.93
2023-06-26,Mumbai,S002,36,6.45,0,0,23.05,0.89
2023-07-03,Mumbai,S002,25,6.34,0,0,20.19,2.59
2023-07-10,Mumbai,S002,31,6.44,0,0,20.24,3.46
2023-07-17,Mumbai,S002,40,6.49,0,0,18.68,2.85
2023-07-24,Mumbai,S002,20,6.48,0,0,19.56,1.9
2023-07-31,Mumbai,S002,25,6.47,0,0,20.15,3.02
2023-08-07,Mumbai,S002,28,6.52,0,1,16.26,3.16
2023-08-14,Mumbai,S002,36,6.48,0,1,19.26,2.46
2023-08-21,Mumbai,S002,21,6.47,0,0,16.31,2.07
2023-08-28,Mumbai,S002,26,6.38,0,0,16.22,3.98
2023-09-04,Mumbai,S002,16,6.42,0,0,14.64,1.85
2023-09-11,Mumbai,S002,19,6.3,0,0,15.0,2.14
2023-09-18,Mumbai,S002,25,6.48,0,0,16.14,3.63
2023-09-25,Mumbai,S002,13,6.55,0,0,12.59,4.08
2023-10-02,Mumbai,S002,20,6.36,0,0,14.89,5.4
2023-10-09,Mumbai,S002,20,6.37,0,0,15.0,7.46
2023-10-16,Mumbai,S002,24,6.44,0,1,14.57,5.5
2023-10-23,Mumbai,S002,28,5.71,1,1,15.41,5.58
2023-10-30,Mumbai,S002,29,5.8,1,1,16.08,6.9
2023-11-06,Mumbai,S002,25,5.89,1,1,18.25,4.68
2023-11-13,Mumbai,S002,16,6.41,0,1,15.92,6.31
2023-11-20,Mumbai,S002,25,6.56,0,1,18.6,6.68
2023-11-27,Mumbai,S002,18,6.32,0,0,14.92,7.43
2023-12-04,Mumbai,S002,22,6.49,0,0,18.34,7.73
2023-12-11,Mumbai,S002,20,6.51,0,0,17.49,9.73
2023-12-18,Mumbai,S002,28,6.54,0,1,19.25,7.55
2023-12-25,Mumbai,S002,37,6.34,0,1,19.1,6.72
2024-01-01,Mumbai,S002,22,6.5,0,0,19.34,7.39
2024-01-08,Mumbai,S002,33,6.38,0,0,20.46,10.31
2024-01-15,Mumbai,S002,37,6.45,0,0,19.78,6.42
2024-01-22,Mumbai,S002,22,6.53,0,0,22.7,8.47
2024-01-29,Mumbai,S002,38,6.51,0,0,23.34,8.33
2024-02-05,Mumbai,S002,49,6.47,0,0,23.1,7.4
2024-02-12,Mumbai,S002,41,6.44,0,0,27.77,5.94
2024-02-19,Mumbai,S002,38,6.53,0,0,26.3,7.1
2024-02-26,Mumbai,S002,44,6.48,0,0,22.74,5.86
2024-03-04,Mumbai,S002,56,6.37,0,1,28.19,6.42
2024-03-11,Mumbai,S002,56,6.32,0,1,24.97,6.75
2024-03-18,Mumbai,S002,65,6.48,0,1,26.28,6.01
2024-03-25,Mumbai,S002,55,6.31,0,1,27.7,3.88
2024-04-01,Mumbai,S002,38,6.52,0,0,28.36,3.65
2024-04-08,Mumbai,S002,42,6.54,0,0,25.17,3.44
2024-04-15,Mumbai,S002,65,5.9,1,0,26.48,4.27
2024-04-22,Mumbai,S002,56,5.67,1,0,25.63,4.69
2024-04-29,Mumbai,S002,60,5.82,1,0,26.87,2.63
2024-05-06,Mumbai,S002,42,6.46,0,0,27.45,4.55
2024-05-13,Mumbai,S002,43,6.34,0,0,25.52,2.61
2024-05-20,Mumbai,S002,44,6.31,0,0,22.49,2.12
2024-05-27,Mumbai,S002,54,5.88,1,0,24.15,2.68
2024-06-03,Mumbai,S002,52,5.69,1,0,23.71,2.5
2024-06-10,Mumbai,S002,53,5.75,1,0,25.6,1.42
2024-06-17,Mumbai,S002,42,6.33,0,0,21.88,0.38
2024-06-24,Mumbai,S002,33,6.41,0,0,21.89,3.05
2024-07-01,Mumbai,S002,26,6.44,0,0,18.55,1.06
2024-07-08,Mumbai,S002,19,6.5,0,0,20.51,2.9
2024-07-15,Mumbai,S002,30,6.34,0,0,20.31,2.34
2024-07-22,Mumbai,S002,25,6.39,0,0,18.71,2.63
2024-07-29,Mumbai,S002,25,6.41,0,0,19.91,0.15
2024-08-05,Mumbai,S002,28,6.33,0,1,18.86,2.27
2024-08-12,Mumbai,S002,24,6.51,0,1,16.4,0.0
2024-08-19,Mumbai,S002,17,6.43,0,0,14.61,4.91
2024-08-26,Mumbai,S002,28,6.45,0,0,15.21,1.85
2024-09-02,Mumbai,S002,13,6.37,0,0,15.18,2.57
2024-09-09,Mumbai,S002,20,6.39,0,0,15.75,5.62
2024-09-16,Mumbai,S002,19,6.33,0,0,14.47,4.33
2024-09-23,Mumbai,S002,30,5.83,1,0,13.5,6.32
2024-09-30,Mumbai,S002,26,5.85,1,0,15.46,3.56
2024-10-07,Mumbai,S002,21,5.7,1,0,16.58,6.66
2024-10-14,Mumbai,S002,23,6.46,0,1,15.59,3.61
2024-10-21,Mumbai,S002,33,6.45,0,1,18.24,6.3
2024-10-28,Mumbai,S002,30,6.31,0,1,17.62,5.59
2024-11-04,Mumbai,S002,18,6.46,0,1,15.64,6.7
2024-11-11,Mumbai,S002,24,6.35,0,1,18.35,7.02
2024-11-18,Mumbai,S002,41,6.4,0,1,15.31,7.42
2024-11-25,Mumbai,S002,32,5.73,1,0,20.21,7.41
2024-12-02,Mumbai,S002,32,5.86,1,0,18.58,6.0
2024-12-09,Mumbai,S002,31,6.32,0,0,16.94,6.9
2024-12-16,Mumbai,S002,36,6.39,0,1,19.25,7.9
2024-12-23,Mumbai,S002,40,6.49,0,1,20.7,9.76
2024-12-30,Mumbai,S002,30,6.54,0,0,21.26,9.14
2025-01-06,Mumbai,S002,36,6.31,0,0,21.84,9.58
2025-01-13,Mumbai,S002,42,6.56,0,0,19.81,7.05
2023-01-02,Mumbai,S003,29,16.0,0,0,23.97,8.86
2023-01-09,Mumbai,S003,46,16.21,0,0,20.88,5.81
2023-01-16,Mumbai,S003,52,15.93,0,0,23.73,7.68
2023-01-23,Mumbai,S003,41,16.44,0,0,24.19,7.8
2023-01-30,Mumbai,S003,50,16.43,0,0,24.01,11.07
2023-02-06,Mumbai,S003,34,16.18,0,0,24.58,7.14
2023-02-13,Mumbai,S003,53,16.27,0,0,24.97,6.4
2023-02-20,Mumbai,S003,46,16.44,0,0,27.15,6.42
2023-02-27,Mumbai,S003,44,16.2,0,0,27.07,6.9
2023-03-06,Mumbai,S003,59,16.29,0,1,28.32,6.76
2023-03-13,Mumbai,S003,51,15.92,0,1,24.97,4.33
2023-03-20,Mumbai,S003,68,16.23,0,1,29.11,4.85
2023-03-27,Mumbai,S003,60,16.33,0,1,25.15,4.42
2023-04-03,Mumbai,S003,51,16.29,0,0,29.07,3.15
2023-04-10,Mumbai,S003,68,16.35,0,0,25.83,3.7
2023-04-17,Mumbai,S003,54,15.98,0,0,25.12,2.72
2023-04-24,Mumbai,S003,51,16.0,0,0,24.51,3.24
2023-05-01,Mumbai,S003,43,16.39,0,0,25.96,2.65
2023-05-08,Mumbai,S003,55,16.15,0,0,23.63,4.66
2023-05-15,Mumbai,S003,47,15.89,0,0,23.67,3.2
2023-05-22,Mumbai,S003,46,16.38,0,0,23.54,3.42
2023-05-29,Mumbai,S003,44,16.42,0,0,26.02,1.34
2023-06-05,Mumbai,S003,40,15.87,0,0,21.08,3.04
2023-06-12,Mumbai,S003,44,16.19,0,0,26.12,2.55
2023-06-19,Mumbai,S003,34,16.5,0,0,22.85,2.93
2023-06-26,Mumbai,S003,38,16.14,0,0,23.05,0.89
2023-07-03,Mumbai,S003,47,14.55,1,0,20.19,2.59
2023-07-10,Mumbai,S003,51,14.53,1,0,20.24,3.46
2023-07-17,Mumbai,S003,30,16.15,0,0,18.68,2.85
2023-07-24,Mumbai,S003,25,16.07,0,0,19.56,1.9
2023-07-31,Mumbai,S003,51,16.09,0,0,20.15,3.02
2023-08-07,Mumbai,S003,21,15.87,0,1,16.26,3.16
2023-08-14,Mumbai,S003,33,16.29,0,1,19.26,2.46
2023-08-21,Mumbai,S003,29,15.91,0,0,16.31,2.07
2023-08-28,Mumbai,S003,24,16.02,0,0,16.22,3.98
2023-09-04,Mumbai,S003,20,16.26,0,0,14.64,1.85
2023-09-11,Mumbai,S003,22,16.06,0,0,15.0,2.14
2023-09-18,Mumbai,S003,36,16.45,0,0,16.14,3.63
2023-09-25,Mumbai,S003,13,16.34,0,0,12.59,4.08
2023-10-02,Mumbai,S003,32,16.23,0,0,14.89,5.4
2023-10-09,Mumbai,S003,17,15.89,0,0,15.0,7.46
2023-10-16,Mumbai,S003,24,16.09,0,1,14.57,5.5
2023-10-23,Mumbai,S003,32,15.98,0,1,15.41,5.58
2023-10-30,Mumbai,S003,24,16.04,0,1,16.08,6.9
2023-11-06,Mumbai,S003,40,14.61,1,1,18.25,4.68
2023-11-13,Mumbai,S003,31,14.29,1,1,15.92,6.31
2023-11-20,Mumbai,S003,49,14.77,1,1,18.6,6.68
2023-11-27,Mumbai,S003,26,16.33,0,0,14.92,7.43
2023-12-04,Mumbai,S003,19,16.11,0,0,18.34,7.73
2023-12-11,Mumbai,S003,25,16.24,0,0,17.49,9.73
2023-12-18,Mumbai,S003,36,16.48,0,1,19.25,7.55
2023-12-25,Mumbai,S003,48,16.06,0,1,19.1,6.72
2024-01-01,Mumbai,S003,38,15.91,0,0,19.34,7.39
2024-01-08,Mumbai,S003,33,16.43,0,0,20.46,10.31
2024-01-15,Mumbai,S003,35,15.97,0,0,19.78,6.42
2024-01-22,Mumbai,S003,37,16.15,0,0,22.7,8.47
2024-01-29,Mumbai,S003,35,16.38,0,0,23.34,8.33
2024-02-05,Mumbai,S003,49,16.27,0,0,23.1,7.4
2024-02-12,Mumbai,S003,49,15.94,0,0,27.77,5.94
2024-02-19,Mumbai,S003,66,14.32,1,0,26.3,7.1
2024-02-26,Mumbai,S003,67,14.47,1,0,22.74,5.86
2024-03-04,Mumbai,S003,71,14.56,1,1,28.19,6.42
2024-03-11,Mumbai,S003,72,16.29,0,1,24.97,6.75
2024-03-18,Mumbai,S003,62,16.12,0,1,26.28,6.01
2024-03-25,Mumbai,S003,66,16.18,0,1,27.7,3.88
2024-04-01,Mumbai,S003,46,16.02,0,0,28.36,3.65
2024-04-08,Mumbai,S003,86,14.69,1,0,25.17,3.44
2024-04-15,Mumbai,S003,65,14.36,1,0,26.48,4.27
2024-04-22,Mumbai,S003,60,16.22,0,0,25.63,4.69
2024-04-29,Mumbai,S003,43,16.27,0,0,26.87,2.63
2024-05-06,Mumbai,S003,47,15.98,0,0,27.45,4.55
2024-05-13,Mumbai,S003,43,16.5,0,0,25.52,2.61
2024-05-20,Mumbai,S003,45,16.42,0,0,22.49,2.12
2024-05-27,Mumbai,S003,40,16.23,0,0,24.15,2.68
2024-06-03,Mumbai,S003,36,16.01,0,0,23.71,2.5
2024-06-10,Mumbai,S003,39,16.4,0,0,25.6,1.42
2024-06-17,Mumbai,S003,39,16.22,0,0,21.88,0.38
2024-06-24,Mumbai,S003,37,16.22,0,0,21.89,3.05
2024-07-01,Mumbai,S003,36,16.23,0,0,18.55,1.06
2024-07-08,Mumbai,S003,53,14.63,1,0,20.51,2.9
2024-07-15,Mumbai,S003,39,14.54,1,0,20.31,2.34
2024-07-22,Mumbai,S003,26,16.41,0,0,18.71,2.63
2024-07-29,Mumbai,S003,34,16.1,0,0,19.91,0.15
2024-08-05,Mumbai,S003,28,16.42,0,1,18.86,2.27
2024-08-12,Mumbai,S003,27,16.48,0,1,16.4,0.0
2024-08-19,Mumbai,S003,29,16.27,0,0,14.61,4.91
2024-08-26,Mumbai,S003,15,16.4,0,0,15.21,1.85
2024-09-02,Mumbai,S003,28,15.91,0,0,15.18,2.57
2024-09-09,Mumbai,S003,31,16.31,0,0,15.75,5.62
2024-09-16,Mumbai,S003,19,15.91,0,0,14.47,4.33
2024-09-23,Mumbai,S003,20,16.34,0,0,13.5,6.32
2024-09-30,Mumbai,S003,23,16.35,0,0,15.46,3.56
2024-10-07,Mumbai,S003,27,16.42,0,0,16.58,6.66
2024-10-14,Mumbai,S003,35,16.0,0,1,15.59,3.61
2024-10-21,Mumbai,S003,30,16.29,0,1,18.24,6.3
2024-10-28,Mumbai,S003,33,16.35,0,1,17.62,5.59
2024-11-04,Mumbai,S003,27,16.17,0,1,15.64,6.7
2024-11-11,Mumbai,S003,36,16.0,0,1,18.35,7.02
2024-11-18,Mumbai,S003,53,14.5,1,1,15.31,7.42
2024-11-25,Mumbai,S003,29,14.61,1,0,20.21,7.41
2024-12-02,Mumbai,S003,35,14.3,1,0,18.58,6.0
2024-12-09,Mumbai,S003,26,15.95,0,0,16.94,6.9
2024-12-16,Mumbai,S003,45,16.0,0,1,19.25,7.9
2024-12-23,Mumbai,S003,48,16.11,0,1,20.7,9.76
2024-12-30,Mumbai,S003,29,15.96,0,0,21.26,9.14
2025-01-06,Mumbai,S003,39,15.92,0,0,21.84,9.58
2025-01-13,Mumbai,S003,40,16.1,0,0,19.81,7.05
