data/panel_train.csv
week_start,market,sku_id,units,price,promo_flag,holiday_flag,temp_c,rain_mm
2023-01-02,Mumbai,S004,47,21.89,0,0,23.97,8.86
2023-01-09,Mumbai,S004,50,22.16,0,0,20.88,5.81
2023-01-16,Mumbai,S004,39,22.03,0,0,23.73,7.68
2023-01-23,Mumbai,S004,54,20.01,1,0,24.19,7.8
2023-01-30,Mumbai,S004,51,19.86,1,0,24.01,11.07
2023-02-06,Mumbai,S004,63,20.14,1,0,24.58,7.14
2023-02-13,Mumbai,S004,53,22.12,0,0,24.97,6.4
2023-02-20,Mumbai,S004,52,22.12,0,0,27.15,6.42
2023-02-27,Mumbai,S004,64,21.95,0,0,27.07,6.9
2023-03-06,Mumbai,S004,84,21.7,0,1,28.32,6.76
2023-03-13,Mumbai,S004,65,21.68,0,1,24.97,4.33
2023-03-20,Mumbai,S004,72,21.79,0,1,29.11,4.85
2023-03-27,Mumbai,S004,73,19.46,1,1,25.15,4.42
2023-04-03,Mumbai,S004,65,19.7,1,0,29.07,3.15
2023-04-10,Mumbai,S004,65,21.91,0,0,25.83,3.7
2023-04-17,Mumbai,S004,62,21.6,0,0,25.12,2.72
2023-04-24,Mumbai,S004,57,22.1,0,0,24.51,3.24
2023-05-01,Mumbai,S004,57,21.58,0,0,25.96,2.65
2023-05-08,Mumbai,S004,64,22.04,0,0,23.63,4.66
2023-05-15,Mumbai,S004,63,19.53,1,0,23.67,3.2
2023-05-22,Mumbai,S004,55,19.53,1,0,23.54,3.42
2023-05-29,Mumbai,S004,53,22.29,0,0,26.02,1.34
2023-06-05,Mumbai,S004,49,21.75,0,0,21.08,3.04
2023-06-12,Mumbai,S004,41,21.65,0,0,26.12,2.55
2023-06-19,Mumbai,S004,56,22.0,0,0,22.85,2.93
2023-06-26,Mumbai,S004,49,22.32,0,0,23.05,0.89
2023-07-03,Mumbai,S004,62,19.95,1,0,20.19,2.59
2023-07-10,Mumbai,S004,48,20.01,1,0,20.24,3.46
2023-07-17,Mumbai,S004,41,22.22,0,0,18.68,2.85
2023-07-24,Mumbai,S004,30,21.62,0,0,19.56,1.9
2023-07-31,Mumbai,S004,32,21.73,0,0,20.15,3.02
2023-08-07,Mumbai,S004,40,21.73,0,1,16.26,3.16
2023-08-14,Mumbai,S004,32,22.21,0,1,19.26,2.46
2023-08-21,Mumbai,S004,32,21.79,0,0,16.31,2.07
2023-08-28,Mumbai,S004,27,21.72,0,0,16.22,3.98
2023-09-04,Mumbai,S004,29,21.68,0,0,14.64,1.85
2023-09-11,Mumbai,S004,28,21.86,0,0,15.0,2.14
2023-09-18,Mumbai,S004,26,22.22,0,0,16.14,3.63
2023-09-25,Mumbai,S004,23,21.95,0,0,12.59,4.08
2023-10-02,Mumbai,S004,20,21.88,0,0,14.89,5.4
2023-10-09,Mumbai,S004,30,22.34,0,0,15.0,7.46
2023-10-16,Mumbai,S004,32,19.47,1,1,14.57,5.5
2023-10-23,Mumbai,S004,32,20.09,1,1,15.41,5.58
2023-10-30,Mumbai,S004,20,21.84,0,1,16.08,6.9
2023-11-06,Mumbai,S004,31,21.62,0,1,18.25,4.68
2023-11-13,Mumbai,S004,33,21.8,0,1,15.92,6.31
2023-11-20,Mumbai,S004,43,22.21,0,1,18.6,6.68
2023-11-27,Mumbai,S004,44,22.14,0,0,14.92,7.43
2023-12-04,Mumbai,S004,43,19.53,1,0,18.34,7.73
2023-12-11,Mumbai,S004,54,19.59,1,0,17.49,9.73
2023-12-18,Mumbai,S004,60,19.74,1,1,19.25,7.55
2023-12-25,Mumbai,S004,41,22.09,0,1,19.1,6.72
2024-01-01,Mumbai,S004,32,21.64,0,0,19.34,7.39
2024-01-08,Mumbai,S004,50,22.22,0,0,20.46,10.31
2024-01-15,Mumbai,S004,43,21.64,0,0,19.78,6.42
2024-01-22,Mumbai,S004,46,21.93,0,0,22.7,8.47
2024-01-29,Mumbai,S004,44,21.68,0,0,23.34,8.33
2024-02-05,Mumbai,S004,53,22.12,0,0,23.1,7.4
2024-02-12,Mumbai,S004,85,19.72,1,0,27.77,5.94
2024-02-19,Mumbai,S004,80,19.86,1,0,26.3,7.1
2024-02-26,Mumbai,S004,75,19.67,1,0,22.74,5.86
2024-03-04,Mumbai,S004,65,21.55,0,1,28.19,6.42
2024-03-11,Mumbai,S004,64,22.09,0,1,24.97,6.75
2024-03-18,Mumbai,S004,80,22.37,0,1,26.28,6.01
2024-03-25,Mumbai,S004,55,22.21,0,1,27.7,3.88
2024-04-01,Mumbai,S004,56,21.54,0,0,28.36,3.65
2024-04-08,Mumbai,S004,47,21.91,0,0,25.17,3.44
2024-04-15,Mumbai,S004,59,22.02,0,0,26.48,4.27
2024-04-22,Mumbai,S004,66,22.34,0,0,25.63,4.69
2024-04-29,Mumbai,S004,53,22.03,0,0,26.87,2.63
2024-05-06,Mumbai,S004,72,22.09,0,0,27.45,4.55
2024-05-13,Mumbai,S004,57,21.94,0,0,25.52,2.61
2024-05-20,Mumbai,S004,42,22.0,0,0,22.49,2.12
2024-05-27,Mumbai,S004,49,22.22,0,0,24.15,2.68
2024-06-03,Mumbai,S004,62,21.73,0,0,23.71,2.5
2024-06-10,Mumbai,S004,50,22.14,0,0,25.6,1.42
2024-06-17,Mumbai,S004,46,21.74,0,0,21.88,0.38
2024-06-24,Mumbai,S004,59,21.82,0,0,21.89,3.05
2024-07-01,Mumbai,S004,42,21.55,0,0,18.55,1.06
2024-07-08,Mumbai,S004,45,22.23,0,0,20.51,2.9
2024-07-15,Mumbai,S004,33,22.05,0,0,20.31,2.34
2024-07-22,Mumbai,S004,35,21.77,0,0,18.71,2.63
2024-07-29,Mumbai,S004,45,19.53,1,0,19.91,0.15
2024-08-05,Mumbai,S004,51,19.83,1,1,18.86,2.27
2024-08-12,Mumbai,S004,30,22.23,0,1,16.4,0.0
2024-08-19,Mumbai,S004,32,22.23,0,0,14.61,4.91
2024-08-26,Mumbai,S004,30,21.58,0,0,15.21,1.85
2024-09-02,Mumbai,S004,35,21.86,0,0,15.18,2.57
2024-09-09,Mumbai,S004,35,22.04,0,0,15.75,5.62
2024-09-16,Mumbai,S004,21,21.74,0,0,14.47,4.33
2024-09-23,Mumbai,S004,27,21.98,0,0,13.5,6.32
2024-09-30,Mumbai,S004,25,22.04,0,0,15.46,3.56
2024-10-07,Mumbai,S004,35,22.28,0,0,16.58,6.66
2024-10-14,Mumbai,S004,28,22.24,0,1,15.59,3.61
2024-10-21,Mumbai,S004,35,22.11,0,1,18.24,6.3
2024-10-28,Mumbai,S004,37,22.08,0,1,17.62,5.59
2024-11-04,Mumbai,S004,29,21.51,0,1,15.64,6.7
2024-11-11,Mumbai,S004,41,22.08,0,1,18.35,7.02
2024-11-18,Mumbai,S004,35,21.81,0,1,15.31,7.42
2024-11-25,Mumbai,S004,38,22.06,0,0,20.21,7.41
2024-12-02,Mumbai,S004,42,22.04,0,0,18.58,6.0
2024-12-09,Mumbai,S004,37,21.8,0,0,16.94,6.9
2024-12-16,Mumbai,S004,54,22.18,0,1,19.25,7.9
2024-12-23,Mumbai,S004,50,22.13,0,1,20.7,9.76
2024-12-30,Mumbai,S004,60,22.29,0,0,21.26,9.14
2025-01-06,Mumbai,S004,50,21.84,0,0,21.84,9.58
2025-01-13,Mumbai,S004,50,21.54,0,0,19.81,7.05
2023-01-02,Mumbai,S005,45,15.43,0,0,23.97,8.86
2023-01-09,Mumbai,S005,41,15.02,0,0,20.88,5.81
2023-01-16,Mumbai,S005,50,15.24,0,0,23.73,7.68
2023-01-23,Mumbai,S005,64,15.53,0,0,24.19,7.8
2023-01-30,Mumbai,S005,49,15.34,0,0,24.01,11.07
2023-02-06,Mumbai,S005,65,15.14,0,0,24.58,7.14
2023-02-13,Mumbai,S005,44,15.16,0,0,24.97,6.4
2023-02-20,Mumbai,S005,71,13.88,1,0,27.15,6.42
2023-02-27,Mumbai,S005,88,13.49,1,0,27.07,6.9
2023-03-06,Mumbai,S005,85,13.69,1,1,28.32,6.76
2023-03-13,Mumbai,S005,75,15.41,0,1,24.97,4.33
2023-03-20,Mumbai,S005,71,15.26,0,1,29.11,4.85
2023-03-27,Mumbai,S005,73,15.09,0,1,25.15,4.42
2023-04-03,Mumbai,S005,46,15.27,0,0,29.07,3.15
2023-04-10,Mumbai,S005,67,15.25,0,0,25.83,3.7
2023-04-17,Mumbai,S005,65,15.48,0,0,25.12,2.72
2023-04-24,Mumbai,S005,73,15.47,0,0,24.51,3.24
2023-05-01,Mumbai,S005,54,15.37,0,0,25.96,2.65
2023-05-08,Mumbai,S005,63,15.21,0,0,23.63,4.66
2023-05-15,Mumbai,S005,52,15.45,0,0,23.67,3.2
2023-05-22,Mumbai,S005,43,15.47,0,0,23.54,3.42
2023-05-29,Mumbai,S005,57,15.28,0,0,26.02,1.34
2023-06-05,Mumbai,S005,51,15.3,0,0,21.08,3.04
2023-06-12,Mumbai,S005,56,15.24,0,0,26.12,2.55
2023-06-19,Mumbai,S005,54,15.29,0,0,22.85,2.93
2023-06-26,Mumbai,S005,45,15.0,0,0,23.05,0.89
2023-07-03,Mumbai,S005,40,15.04,0,0,20.19,2.59
2023-07-10,Mumbai,S005,43,15.11,0,0,20.24,3.46
2023-07-17,Mumbai,S005,34,15.28,0,0,18.68,2.85
2023-07-24,Mumbai,S005,40,15.15,0,0,19.56,1.9
2023-07-31,Mumbai,S005,41,15.5,0,0,20.15,3.02
2023-08-07,Mumbai,S005,34,15.41,0,1,16.26,3.16
2023-08-14,Mumbai,S005,40,15.0,0,1,19.26,2.46
2023-08-21,Mumbai,S005,44,15.54,0,0,16.31,2.07
2023-08-28,Mumbai,S005,28,15.53,0,0,16.22,3.98
2023-09-04,Mumbai,S005,32,15.46,0,0,14.64,1.85
2023-09-11,Mumbai,S005,22,15.23,0,0,15.0,2.14
2023-09-18,Mumbai,S005,30,15.4,0,0,16.14,3.63
2023-09-25,Mumbai,S005,23,15.42,0,0,12.59,4.08
2023-10-02,Mumbai,S005,25,15.17,0,0,14.89,5.4
2023-10-09,Mumbai,S005,23,15.35,0,0,15.0,7.46
2023-10-16,Mumbai,S005,35,15.29,0,1,14.57,5.5
2023-10-23,Mumbai,S005,42,15.3,0,1,15.41,5.58
2023-10-30,Mumbai,S005,36,15.02,0,1,16.08,6.9
2023-11-06,Mumbai,S005,33,15.03,0,1,18.25,4.68
2023-11-13,Mumbai,S005,45,15.12,0,1,15.92,6.31
2023-11-20,Mumbai,S005,34,15.54,0,1,18.6,6.68
2023-11-27,Mumbai,S005,46,13.79,1,0,14.92,7.43
2023-12-04,Mumbai,S005,51,13.68,1,0,18.34,7.73
2023-12-11,Mumbai,S005,67,13.75,1,0,17.49,9.73
2023-12-18,Mumbai,S005,38,15.08,0,1,19.25,7.55
2023-12-25,Mumbai,S005,38,15.07,0,1,19.1,6.72
2024-01-01,Mumbai,S005,38,15.51,0,0,19.34,7.39
2024-01-08,Mumbai,S005,53,15.41,0,0,20.46,10.31
2024-01-15,Mumbai,S005,52,15.06,0,0,19.78,6.42
2024-01-22,Mumbai,S005,61,14.98,0,0,22.7,8.47
2024-01-29,Mumbai,S005,42,15.09,0,0,23.34,8.33
2024-02-05,Mumbai,S005,79,13.74,1,0,23.1,7.4
2024-02-12,Mumbai,S005,82,13.55,1,0,27.77,5.94
2024-02-19,Mumbai,S005,44,15.28,0,0,26.3,7.1
2024-02-26,Mumbai,S005,56,15.26,0,0,22.74,5.86
2024-03-04,Mumbai,S005,86,15.07,0,1,28.19,6.42
2024-03-11,Mumbai,S005,70,15.12,0,1,24.97,6.75
2024-03-18,Mumbai,S005,74,14.98,0,1,26.28,6.01
2024-03-25,Mumbai,S005,80,15.43,0,1,27.7,3.88
2024-04-01,Mumbai,S005,74,15.51,0,0,28.36,3.65
2024-04-08,Mumbai,S005,66,15.41,0,0,25.17,3.44
2024-04-15,Mumbai,S005,70,15.01,0,0,26.48,4.27
2024-04-22,Mumbai,S005,61,15.09,0,0,25.63,4.69
2024-04-29,Mumbai,S005,81,13.9,1,0,26.87,2.63
2024-05-06,Mumbai,S005,90,13.51,1,0,27.45,4.55
2024-05-13,Mumbai,S005,64,13.73,1,0,25.52,2.61
2024-05-20,Mumbai,S005,58,15.1,0,0,22.49,2.12
2024-05-27,Mumbai,S005,63,15.17,0,0,24.15,2.68
2024-06-03,Mumbai,S005,59,15.25,0,0,23.71,2.5
2024-06-10,Mumbai,S005,52,15.2,0,0,25.6,1.42
2024-06-17,Mumbai,S005,56,15.46,0,0,21.88,0.38
2024-06-24,Mumbai,S005,44,15.14,0,0,21.89,3.05
2024-07-01,Mumbai,S005,53,14.96,0,0,18.55,1.06
2024-07-08,Mumbai,S005,45,15.44,0,0,20.51,2.9
2024-07-15,Mumbai,S005,43,15.41,0,0,20.31,2.34
2024-07-22,Mumbai,S005,51,13.55,1,0,18.71,2.63
2024-07-29,Mumbai,S005,46,13.75,1,0,19.91,0.15
2024-08-05,Mumbai,S005,52,15.39,0,1,18.86,2.27
2024-08-12,Mumbai,S005,45,15.05,0,1,16.4,0.0
2024-08-19,Mumbai,S005,27,15.26,0,0,14.61,4.91
2024-08-26,Mumbai,S005,25,15.02,0,0,15.21,1.85
2024-09-02,Mumbai,S005,31,15.41,0,0,15.18,2.57
2024-09-09,Mumbai,S005,35,15.2,0,0,15.75,5.62
2024-09-16,Mumbai,S005,28,15.28,0,0,14.47,4.33
2024-09-23,Mumbai,S005,20,15.5,0,0,13.5,6.32
2024-09-30,Mumbai,S005,29,15.26,0,0,15.46,3.56
2024-10-07,Mumbai,S005,26,15.26,0,0,16.58,6.66
2024-10-14,Mumbai,S005,42,15.31,0,1,15.59,3.61
2024-10-21,Mumbai,S005,30,15.03,0,1,18.24,6.3
2024-10-28,Mumbai,S005,45,13.78,1,1,17.62,5.59
2024-11-04,Mumbai,S005,51,13.51,1,1,15.64,6.7
2024-11-11,Mumbai,S005,45,14.97,0,1,18.35,7.02
2024-11-18,Mumbai,S005,27,15.5,0,1,15.31,7.42
2024-11-25,Mumbai,S005,56,14.99,0,0,20.21,7.41
2024-12-02,Mumbai,S005,46,13.65,1,0,18.58,6.0
2024-12-09,Mumbai,S005,65,13.73,1,0,16.94,6.9
2024-12-16,Mumbai,S005,77,13.73,1,1,19.25,7.9
2024-12-23,Mumbai,S005,58,15.51,0,1,20.7,9.76
2024-12-30,Mumbai,S005,54,15.14,0,0,21.26,9.14
2025-01-06,Mumbai,S005,45,15.43,0,0,21.84,9.58
2025-01-13,Mumbai,S005,61,15.28,0,0,19.81,7.05
2023-01-02,Mumbai,S006,39,16.82,0,0,23.97,8.86
2023-01-09,Mumbai,S006,44,16.63,0,0,20.88,5.81
2023-01-16,Mumbai,S006,47,16.9,0,0,23.73,7.68
2023-01-23,Mumbai,S006,53,16.83,0,0,24.19,7.8
2023-01-30,Mumbai,S006,59,16.75,0,0,24.01,11.07
2023-02-06,Mumbai,S006,59,16.36,0,0,24.58,7.14
2023-02-13,Mumbai,S006,85,14.76,1,0,24.97,6.4
2023-02-20,Mumbai,S006,81,15.22,1,0,27.15,6.42
2023-02-27,Mumbai,S006,81,16.38,0,0,27.07,6.9
2023-03-06,Mumbai,S006,94,16.97,0,1,28.32,6.76
2023-03-13,Mumbai,S006,79,16.7,0,1,24.97,4.33
2023-03-20,Mumbai,S006,75,16.86,0,1,29.11,4.85
2023-03-27,Mumbai,S006,72,16.81,0,1,25.15,4.42
2023-04-03,Mumbai,S006,73,16.41,0,0,29.07,3.15
2023-04-10,Mumbai,S006,68,16.68,0,0,25.83,3.7
2023-04-17,Mumbai,S006,55,16.93,0,0,25.12,2.72
2023-04-24,Mumbai,S006,78,16.83,0,0,24.51,3.24
2023-05-01,Mumbai,S006,75,16.55,0,0,25.96,2.65
2023-05-08,Mumbai,S006,65,16.47,0,0,23.63,4.66
2023-05-15,Mumbai,S006,60,16.52,0,0,23.67,3.2
2023-05-22,Mumbai,S006,81,15.22,1,0,23.54,3.42
2023-05-29,Mumbai,S006,76,14.88,1,0,26.02,1.34
2023-06-05,Mumbai,S006,82,15.12,1,0,21.08,3.04
2023-06-12,Mumbai,S006,58,16.4,0,0,26.12,2.55
2023-06-19,Mumbai,S006,46,16.82,0,0,22.85,2.93
2023-06-26,Mumbai,S006,49,16.57,0,0,23.05,0.89
2023-07-03,Mumbai,S006,43,16.78,0,0,20.19,2.59
2023-07-10,Mumbai,S006,51,16.94,0,0,20.24,3.46
2023-07-17,Mumbai,S006,52,16.72,0,0,18.68,2.85
2023-07-24,Mumbai,S006,40,16.42,0,0,19.56,1.9
2023-07-31,Mumbai,S006,46,16.4,0,0,20.15,3.02
2023-08-07,Mumbai,S006,42,16.49,0,1,16.26,3.16
2023-08-14,Mumbai,S006,48,16.59,0,1,19.26,2.46
2023-08-21,Mumbai,S006,24,16.78,0,0,16.31,2.07
2023-08-28,Mumbai,S006,37,16.71,0,0,16.22,3.98
2023-09-04,Mumbai,S006,26,16.48,0,0,14.64,1.85
2023-09-11,Mumbai,S006,32,16.89,0,0,15.0,2.14
2023-09-18,Mumbai,S006,27,16.87,0,0,16.14,3.63
2023-09-25,Mumbai,S006,30,16.41,0,0,12.59,4.08
2023-10-02,Mumbai,S006,35,16.64,0,0,14.89,5.4
2023-10-09,Mumbai,S006,34,16.37,0,0,15.0,7.46
2023-10-16,Mumbai,S006,43,16.56,0,1,14.57,5.5
2023-10-23,Mumbai,S006,44,16.45,0,1,15.41,5.58
2023-10-30,Mumbai,S006,43,16.49,0,1,16.08,6.9
2023-11-06,Mumbai,S006,30,16.53,0,1,18.25,4.68
2023-11-13,Mumbai,S006,44,16.63,0,1,15.92,6.31
2023-11-20,Mumbai,S006,44,16.99,0,1,18.6,6.68
2023-11-27,Mumbai,S006,50,16.4,0,0,14.92,7.43
2023-12-04,Mumbai,S006,44,16.89,0,0,18.34,7.73
2023-12-11,Mumbai,S006,32,16.62,0,0,17.49,9.73
2023-12-18,Mumbai,S006,63,16.37,0,1,19.25,7.55
2023-12-25,Mumbai,S006,50,16.64,0,1,19.1,6.72
2024-01-01,Mumbai,S006,60,16.89,0,0,19.34,7.39
2024-01-08,Mumbai,S006,49,16.64,0,0,20.46,10.31
2024-01-15,Mumbai,S006,53,16.98,0,0,19.78,6.42
2024-01-22,Mumbai,S006,69,16.8,0,0,22.7,8.47
2024-01-29,Mumbai,S006,53,16.6,0,0,23.34,8.33
2024-02-05,Mumbai,S006,77,16.74,0,0,23.1,7.4
2024-02-12,Mumbai,S006,87,15.02,1,0,27.77,5.94
2024-02-19,Mumbai,S006,71,14.82,1,0,26.3,7.1
2024-02-26,Mumbai,S006,60,16.43,0,0,22.74,5.86
2024-03-04,Mumbai,S006,87,16.39,0,1,28.19,6.42
2024-03-11,Mumbai,S006,85,16.8,0,1,24.97,6.75
2024-03-18,Mumbai,S006,108,14.96,1,1,26.28,6.01
2024-03-25,Mumbai,S006,110,14.78,1,1,27.7,3.88
2024-04-01,Mumbai,S006,89,14.94,1,0,28.36,3.65
2024-04-08,Mumbai,S006,89,16.75,0,0,25.17,3.44
2024-04-15,Mumbai,S006,70,16.88,0,0,26.48,4.27
2024-04-22,Mumbai,S006,81,16.4,0,0,25.63,4.69
2024-04-29,Mumbai,S006,66,16.55,0,0,26.87,2.63
2024-05-06,Mumbai,S006,80,16.74,0,0,27.45,4.55
2024-05-13,Mumbai,S006,84,15.3,1,0,25.52,2.61
2024-05-20,Mumbai,S006,84,14.89,1,0,22.49,2.12
2024-05-27,Mumbai,S006,60,16.96,0,0,24.15,2.68
2024-06-03,Mumbai,S006,56,16.87,0,0,23.71,2.5
2024-06-10,Mumbai,S006,44,16.67,0,0,25.6,1.42
2024-06-17,Mumbai,S006,62,16.68,0,0,21.88,0.38
2024-06-24,Mumbai,S006,62,16.83,0,0,21.89,3.05
2024-07-01,Mumbai,S006,56,16.52,0,0,18.55,1.06
2024-07-08,Mumbai,S006,46,17.0,0,0,20.51,2.9
2024-07-15,Mumbai,S006,52,16.49,0,0,20.31,2.34
2024-07-22,Mumbai,S006,58,16.97,0,0,18.71,2.63
2024-07-29,Mumbai,S006,68,15.06,1,0,19.91,0.15
2024-08-05,Mumbai,S006,66,15.19,1,1,18.86,2.27
2024-08-12,Mumbai,S006,62,15.26,1,1,16.4,0.0
2024-08-19,Mumbai,S006,45,16.88,0,0,14.61,4.91
2024-08-26,Mumbai,S006,38,16.39,0,0,15.21,1.85
2024-09-02,Mumbai,S006,33,16.58,0,0,15.18,2.57
2024-09-09,Mumbai,S006,33,15.0,1,0,15.75,5.62
2024-09-16,Mumbai,S006,41,15.17,1,0,14.47,4.33
2024-09-23,Mumbai,S006,27,16.76,0,0,13.5,6.32
2024-09-30,Mumbai,S006,32,16.94,0,0,15.46,3.56
2024-10-07,Mumbai,S006,26,16.95,0,0,16.58,6.66
2024-10-14,Mumbai,S006,48,16.85,0,1,15.59,3.61
2024-10-21,Mumbai,S006,46,16.87,0,1,18.24,6.3
2024-10-28,Mumbai,S006,43,16.63,0,1,17.62,5.59
2024-11-04,Mumbai,S006,40,16.74,0,1,15.64,6.7
2024-11-11,Mumbai,S006,56,16.95,0,1,18.35,7.02
2024-11-18,Mumbai,S006,42,16.98,0,1,15.31,7.42
2024-11-25,Mumbai,S006,44,16.47,0,0,20.21,7.41
2024-12-02,Mumbai,S006,33,16.45,0,0,18.58,6.0
2024-12-09,Mumbai,S006,48,15.22,1,0,16.94,6.9
2024-12-16,Mumbai,S006,71,14.94,1,1,19.25,7.9
2024-12-23,Mumbai,S006,70,16.37,0,1,20.7,9.76
2024-12-30,Mumbai,S006,58,16.58,0,0,21.26,9.14
2025-01-06,Mumbai,S006,58,16.7,0,0,21.84,9.58
2025-01-13,Mumbai,S006,59,16.5,0,0,19.81,7.05
